V/SoundPool(27277): SoundChannel::play 0x499a09e0: sampleID=1, channelID=1714, leftVolume=0.500000, rightVolume=0.500000, priority=0, loop=0, rate=1.000000
V/AudioPolicyService(  270): getOutput()
V/AudioPolicyManagerBase(  270): getOutput() device 2, stream 1, samplingRate 0, format 0, channelMask 3, flags 0
V/AudioPolicyManagerBase(  270): getOutput() returns output 2
V/AudioSystem(27277): getFrameCount() streamType 1, output 2, frameCount 960
V/AudioPolicyService(  270): getOutput()
V/AudioPolicyManagerBase(  270): getOutput() device 2, stream 1, samplingRate 0, format 0, channelMask 3, flags 0
V/AudioPolicyManagerBase(  270): getOutput() returns output 2
V/AudioSystem(27277): getOutputSamplingRate() reading from output desc
V/AudioSystem(27277): getSamplingRate() streamType 1, output 2, sampling rate 48000
V/AudioTrack(27277): sampleRate 48000, channelMask 0x1, format 1
V/AudioTrack(27277): streamType 1
V/AudioTrack(27277): sharedBuffer: 0x4b8e6000, size: 8192
V/AudioTrack(27277): set() streamType 1, sampleRate 48000, format 1, frameCount 0, flags 0004
V/AudioPolicyService(  270): checkPlayCondition() streamType = 1
V/AudioPolicyManagerBase(  270): checkPlayCondition() stream = 1, bResult = 1
D/audio_hw_extn(  270): audio_extn_get_parameters: returns 
V/msm8974_platform(  270): platform_get_parameters: exit: returns - 
V/audio_hw_primary(  270): adev_get_parameters: exit: returns - 
I/str_params(  270): key: 'isVirtualMirrorLinkDevice' value: ''
V/AudioPolicyService(  270): getOutput()
V/AudioPolicyManagerBase(  270): getOutput() device 2, stream 1, samplingRate 48000, format 1, channelMask 1, flags 4
V/AudioPolicyManagerBase(  270): selectOutput() commonFlags for output 3, 0001
V/AudioPolicyManagerBase(  270): getOutput() returns output 3
V/AudioSystem(27277): getLatency() streamType 1, output 3, latency 50
V/AudioSystem(27277): getFrameCount() streamType 1, output 3, frameCount 960
V/AudioSystem(27277): getOutputSamplingRate() reading from output desc
V/AudioSystem(27277): getSamplingRate() streamType 1, output 3, sampling rate 48000
V/AudioTrack(27277): createTrack_l() output 3 afLatency 50
V/AudioFlinger(  270): createTrack() sessionId: 0
V/AudioFlinger(  270): [MABL_AudioFlinger] PlaybackThread::setMABLEnable(), enable = 0 
V/AudioFlinger(  270): [MABL_AudioFlinger] PlaybackThread::setMABLControl(), curLvl = 31 
V/AudioFlinger(  270): [MABL_AudioFlinger] PlaybackThread::setMABLEnable(), enable = 0 
V/AudioFlinger(  270): [MABL_AudioFlinger] PlaybackThread::setMABLControl(), curLvl = 31 
V/AudioFlinger(  270): createTrack() lSessionId: 12768
V/AudioFlinger(  270): AUDIO_OUTPUT_FLAG_FAST accepted: frameCount=4096 mFrameCount=240
V/AudioFlinger(  270): sharedBuffer: 0xb09a7000, size: 8192
V/AudioFlinger(  270): Track constructor name 4101, calling pid 27277
V/AudioFlinger(  270): sendPrioConfigEvent_l() num events 1 pid 27277, tid 1206 prio 2
V/AudioTrack(27277): AUDIO_OUTPUT_FLAG_FAST successful; frameCount 4096
V/AudioFlinger(  270): processConfigEvents() remaining events 1
V/AudioFlinger(  270): acquiring 12768 from 27277
V/AudioFlinger(  270):  added new entry for 12768
V/SoundPool(27277): setVolume 0x4ea35748
V/AudioFlinger(  270): start(4101), calling pid 27277 session 12768
V/AudioFlinger(  270): ? => ACTIVE (4101) on thread 0xb7ade098
V/AudioPolicyService(  270): startOutput()
V/AudioPolicyManagerBase(  270): startOutput() output primary->(low_latency)(3), stream 1, session 12768
V/AudioPolicyManagerBase(  270): changeRefCount() stream 1, count 1
V/AudioPolicyManager(  270): getNewDevice() selected device 2
V/AudioPolicyManagerBase(  270): setOutputDevice() output 3 device 0002 delayMs 0
V/AudioPolicyManagerBase(  270): setOutputDevice() prevDevice 0002
V/AudioPolicyManagerBase(  270): setOutputDevice() setting same device 0002 or null device for output 3
V/AudioPolicyManager(  270): checkAndSetVolume: index 2 output 3 device 2
D/AudioPolicyManagerBase(  270): computeVolume()...volume 0.033885, output 3, stream 1, index 2, device 2
V/AudioFlinger(  270): signal playback thread
V/SoundPool(27277): delete oldTrack 0x4e9f6080
V/AudioFlinger(  270): releasing 12767 from 27277
V/AudioFlinger(  270):  decremented refcount to 0
V/AudioFlinger(  270): purging stale effects
V/AudioFlinger(  270): remove track (4098) and delete from mixer
V/AudioPolicyService(  270): releaseOutput()
V/AudioPolicyService(  270): inserting command: 6 at index 0, num commands 0
V/AudioPolicyService(  270): AudioCommandThread() adding release output 3
V/AudioPolicyService(  270): AudioCommandThread() waking up
V/AudioPolicyService(  270): AudioCommandThread() processing release output 3
V/AudioPolicyService(  270): doReleaseOutput from tid 918
V/AudioPolicyManagerBase(  270): releaseOutput() 3
V/AudioPolicyService(  270): AudioCommandThread() going to sleep
V/AudioFlinger(  270): PlaybackThread::Track destructor
V/AudioFlinger(  270): acquireWakeLock_l() AudioOut_3 status 0
I/Vold    (  261): [LGE][VOLD][NetlinkHandler.cpp][onEvent()] subsys:cpu, action:0
I/ViewRootImpl(27277): ViewRoot's Touch Event : ACTION_UP
D/BubblePopupHelper(32458): isShowingBubblePopup : false
D/BubblePopupHelper(32458): isShowingBubblePopup : false
D/BubblePopupHelper(32458): isShowingBubblePopup : false
D/BubblePopupHelper(32458): isShowingBubblePopup : false
V/AudioFlinger(  270): presentationComplete() mPresentationCompleteFrames 0 framesWritten 180480
V/AudioFlinger(  270): presentationComplete() reset: mPresentationCompleteFrames 180960 audioHalFrames 480
V/AudioFlinger(  270): presentationComplete() mPresentationCompleteFrames 180960 framesWritten 181440
V/AudioFlinger(  270): presentationComplete() session 12768 complete: framesWritten 181440
V/AudioFlinger(  270): removeTracks_l removing track on session 12768
V/AudioFlinger(  270): acquireWakeLock_l() AudioOut_3 status 0
V/AudioPolicyService(  270): stopOutput()
V/AudioPolicyService(  270): inserting command: 5 at index 0, num commands 0
V/AudioPolicyService(  270): AudioCommandThread() adding stop output 3
V/AudioPolicyService(  270): AudioCommandThread() waking up
V/AudioPolicyService(  270): AudioCommandThread() processing stop output 3
V/AudioPolicyService(  270): doStopOutput from tid 918
V/AudioPolicyManagerBase(  270): stopOutput() output 3, stream 1, session 12768
V/AudioPolicyManagerBase(  270): changeRefCount() stream 1, count 0
V/AudioPolicyManager(  270): getNewDevice() selected device 0
V/AudioPolicyManagerBase(  270): setOutputDevice() output 3 device 0000 delayMs 100
V/AudioPolicyManagerBase(  270): setOutputDevice() prevDevice 0002
V/AudioPolicyManagerBase(  270): setOutputDevice() setting same device 0000 or null device for output 3
V/AudioPolicyService(  270): AudioCommandThread() going to sleep
I/Vold    (  261): [LGE][VOLD][NetlinkHandler.cpp][onEvent()] subsys:cpu, action:0
I/Vold    (  261): [LGE][VOLD][NetlinkHandler.cpp][onEvent()] subsys:cpu, action:0
I/Vold    (  261): [LGE][VOLD][NetlinkHandler.cpp][onEvent()] subsys:cpu, action:0
V/SoundPool(27277): stop(1714)
V/SoundPool(27277): stop
I/ViewRootImpl(27277): ViewRoot's Touch Event : ACTION_DOWN
V/AudioFlinger(  270): stop(4101), calling pid 27277
V/AudioFlinger(  270): not stopping/stopped => stopping/stopped (4101) on thread 0xb2265008
V/SoundPool(27277): done_l(1714)
V/SoundPool(27277): move to front
V/SoundPool(27277): play sampleID=1, leftVolume=0.500000, rightVolume=0.500000, priority=0, loop=0, rate=1.000000
V/AudioPolicyService(  270): getRingerMode() mRingerMode:2
V/SoundPool(27277): mState = 0 mChannelID=1714, mNumChannels=1, mPos = 0, mPriority=-1, mLoop=0
V/SoundPool(27277): Allocated active channel
V/SoundPool(27277): play channel 0x499a09e0 state = 0
V/SoundPool(27277): SoundChannel::play 0x499a09e0: sampleID=1, channelID=1715, leftVolume=0.500000, rightVolume=0.500000, priority=0, loop=0, rate=1.000000
V/AudioPolicyService(  270): getOutput()
V/AudioPolicyManagerBase(  270): getOutput() device 2, stream 1, samplingRate 0, format 0, channelMask 3, flags 0
V/AudioPolicyManagerBase(  270): getOutput() returns output 2
V/AudioSystem(27277): getFrameCount() streamType 1, output 2, frameCount 960
V/AudioPolicyService(  270): getOutput()
V/AudioPolicyManagerBase(  270): getOutput() device 2, stream 1, samplingRate 0, format 0, channelMask 3, flags 0
V/AudioPolicyManagerBase(  270): getOutput() returns output 2
V/AudioSystem(27277): getOutputSamplingRate() reading from output desc
V/AudioSystem(27277): getSamplingRate() streamType 1, output 2, sampling rate 48000
V/AudioTrack(27277): sampleRate 48000, channelMask 0x1, format 1
V/AudioTrack(27277): streamType 1
V/AudioTrack(27277): sharedBuffer: 0x4b8e6000, size: 8192
V/AudioTrack(27277): set() streamType 1, sampleRate 48000, format 1, frameCount 0, flags 0004
V/AudioPolicyService(  270): checkPlayCondition() streamType = 1
V/AudioPolicyManagerBase(  270): checkPlayCondition() stream = 1, bResult = 1
D/audio_hw_extn(  270): audio_extn_get_parameters: returns 
V/msm8974_platform(  270): platform_get_parameters: exit: returns - 
V/audio_hw_primary(  270): adev_get_parameters: exit: returns - 
I/str_params(  270): key: 'isVirtualMirrorLinkDevice' value: ''
V/AudioPolicyService(  270): getOutput()
V/AudioPolicyManagerBase(  270): getOutput() device 2, stream 1, samplingRate 48000, format 1, channelMask 1, flags 4
V/AudioPolicyManagerBase(  270): selectOutput() commonFlags for output 3, 0001
V/AudioPolicyManagerBase(  270): getOutput() returns output 3
V/AudioSystem(27277): getLatency() streamType 1, output 3, latency 50
V/AudioSystem(27277): getFrameCount() streamType 1, output 3, frameCount 960
V/AudioSystem(27277): getOutputSamplingRate() reading from output desc
V/AudioSystem(27277): getSamplingRate() streamType 1, output 3, sampling rate 48000
V/AudioTrack(27277): createTrack_l() output 3 afLatency 50
V/AudioFlinger(  270): createTrack() sessionId: 0
V/AudioFlinger(  270): [MABL_AudioFlinger] PlaybackThread::setMABLEnable(), enable = 0 
V/AudioFlinger(  270): [MABL_AudioFlinger] PlaybackThread::setMABLControl(), curLvl = 31 
V/AudioFlinger(  270): [MABL_AudioFlinger] PlaybackThread::setMABLEnable(), enable = 0 
V/AudioFlinger(  270): [MABL_AudioFlinger] PlaybackThread::setMABLControl(), curLvl = 31 
V/AudioFlinger(  270): createTrack() lSessionId: 12769
V/AudioFlinger(  270): AUDIO_OUTPUT_FLAG_FAST accepted: frameCount=4096 mFrameCount=240
V/AudioFlinger(  270): sharedBuffer: 0xb09a7000, size: 8192
V/AudioFlinger(  270): Track constructor name 4098, calling pid 27277
V/AudioFlinger(  270): sendPrioConfigEvent_l() num events 1 pid 27277, tid 1223 prio 2
V/AudioTrack(27277): AUDIO_OUTPUT_FLAG_FAST successful; frameCount 4096
V/AudioFlinger(  270): acquiring 12769 from 27277
V/AudioFlinger(  270):  added new entry for 12769
V/AudioFlinger(  270): processConfigEvents() remaining events 1
V/SoundPool(27277): setVolume 0x4ee17848
V/AudioFlinger(  270): start(4098), calling pid 27277 session 12769
V/AudioFlinger(  270): ? => ACTIVE (4098) on thread 0xb7d522e8
V/AudioPolicyService(  270): startOutput()
V/AudioPolicyManagerBase(  270): startOutput() output primary->(low_latency)(3), stream 1, session 12769
V/AudioPolicyManagerBase(  270): changeRefCount() stream 1, count 1
V/AudioPolicyManager(  270): getNewDevice() selected device 2
V/AudioPolicyManagerBase(  270): setOutputDevice() output 3 device 0002 delayMs 0
V/AudioPolicyManagerBase(  270): setOutputDevice() prevDevice 0002
V/AudioPolicyManagerBase(  270): setOutputDevice() setting same device 0002 or null device for output 3
V/AudioPolicyManager(  270): checkAndSetVolume: index 2 output 3 device 2
D/AudioPolicyManagerBase(  270): computeVolume()...volume 0.033885, output 3, stream 1, index 2, device 2
V/AudioFlinger(  270): signal playback thread
V/SoundPool(27277): delete oldTrack 0x4ea35748
V/AudioFlinger(  270): releasing 12768 from 27277
V/AudioFlinger(  270):  decremented refcount to 0
V/AudioFlinger(  270): purging stale effects
V/AudioFlinger(  270): remove track (4101) and delete from mixer
V/AudioPolicyService(  270): releaseOutput()
V/AudioPolicyService(  270): inserting command: 6 at index 0, num commands 0
V/AudioPolicyService(  270): AudioCommandThread() adding release output 3
V/AudioPolicyService(  270): AudioCommandThread() waking up
V/AudioPolicyService(  270): AudioCommandThread() processing release output 3
V/AudioPolicyService(  270): doReleaseOutput from tid 918
V/AudioPolicyManagerBase(  270): releaseOutput() 3
V/AudioPolicyService(  270): AudioCommandThread() going to sleep
V/AudioFlinger(  270): acquireWakeLock_l() AudioOut_3 status 0
V/AudioFlinger(  270): PlaybackThread::Track destructor
D/PowerManagerService( 1089): updateUserActivitySummaryLocked: mWakefulness=Awake, mUserActivitySummary=0x1, nextTimeout=298337489 (in 23947 ms)
D/BubblePopupHelper(32458): isShowingBubblePopup : false
D/BubblePopupHelper(32458): isShowingBubblePopup : false
I/ViewRootImpl(27277): ViewRoot's Touch Event : ACTION_UP
D/BubblePopupHelper(32458): isShowingBubblePopup : false
D/BubblePopupHelper(32458): isShowingBubblePopup : false
I/Vold    (  261): [LGE][VOLD][NetlinkHandler.cpp][onEvent()] subsys:cpu, action:0
I/Vold    (  261): [LGE][VOLD][NetlinkHandler.cpp][onEvent()] subsys:cpu, action:0
V/AudioFlinger(  270): presentationComplete() mPresentationCompleteFrames 0 framesWritten 212160
V/AudioFlinger(  270): presentationComplete() reset: mPresentationCompleteFrames 212640 audioHalFrames 480
V/AudioFlinger(  270): presentationComplete() mPresentationCompleteFrames 212640 framesWritten 213120
V/AudioFlinger(  270): presentationComplete() session 12769 complete: framesWritten 213120
V/AudioFlinger(  270): removeTracks_l removing track on session 12769
V/AudioFlinger(  270): acquireWakeLock_l() AudioOut_3 status 0
V/AudioPolicyService(  270): stopOutput()
V/AudioPolicyService(  270): inserting command: 5 at index 0, num commands 0
V/AudioPolicyService(  270): AudioCommandThread() adding stop output 3
V/AudioPolicyService(  270): AudioCommandThread() waking up
V/AudioPolicyService(  270): AudioCommandThread() processing stop output 3
V/AudioPolicyService(  270): doStopOutput from tid 918
V/AudioPolicyManagerBase(  270): stopOutput() output 3, stream 1, session 12769
V/AudioPolicyManagerBase(  270): changeRefCount() stream 1, count 0
V/AudioPolicyManager(  270): getNewDevice() selected device 0
V/AudioPolicyManagerBase(  270): setOutputDevice() output 3 device 0000 delayMs 100
V/AudioPolicyManagerBase(  270): setOutputDevice() prevDevice 0002
V/AudioPolicyManagerBase(  270): setOutputDevice() setting same device 0000 or null device for output 3
V/AudioPolicyService(  270): AudioCommandThread() going to sleep
I/Vold    (  261): [LGE][VOLD][NetlinkHandler.cpp][onEvent()] subsys:cpu, action:0
I/Vold    (  261): [LGE][VOLD][NetlinkHandler.cpp][onEvent()] subsys:cpu, action:0
I/[SystemUI]StatusBar.NetworkController( 5182): onSignalStrengthsChanged signalStrength=SignalStrength: 16 0 -120 -160 -120 -1 -1 99 2147483647 2147483647 2147483647 2147483647 2147483647 gsm|lte 3 level=5
D/BubblePopupHelper( 5182): isShowingBubblePopup : false
D/PhoneInterfaceManager( 5446): [PhoneIntfMgr] sigLevel = 5
I/[SystemUI]LGPhoneStatusBarPolicy( 5182): onReceive = android.intent.action.SIG_STR
V/WifiServiceExtension( 1089): checkPollTimer Cnt= 0 rssi =-59 threshold=-100
V/SoundPool(27277): process 0x499a09e0 channel 1715 event BUFFER_END
V/SoundPool(27277): awake
V/SoundPool(27277): Getting channel from stop list
V/SoundPool(27277): stop
V/AudioFlinger(  270): stop(4098), calling pid 27277
V/AudioFlinger(  270): not stopping/stopped => stopping/stopped (4098) on thread 0xb2265008
V/SoundPool(27277): done_l(1715)
V/SoundPool(27277): move to front
I/ViewRootImpl(32458): ViewRoot's Touch Event : ACTION_DOWN
D/PowerManagerService( 1089): updateUserActivitySummaryLocked: mWakefulness=Awake, mUserActivitySummary=0x1, nextTimeout=298338745 (in 23993 ms)
D/KeyguardUpdateMonitor( 5182): received broadcast com.lge.softkeypad.intent.HIDE
I/ViewRootImpl(32458): ViewRoot's Touch Event : ACTION_UP
I/InputMethodManagerService( 1089): IME STATUS OFF
D/KeyguardUpdateMonitor( 5182): IME visibility change, visible = false
V/SoundPool( 1089): play sampleID=1, leftVolume=1.000000, rightVolume=1.000000, priority=0, loop=0, rate=1.000000
I/InputMethodManagerService( 1089): IME STATUS OFF
V/AudioPolicyService(  270): getRingerMode() mRingerMode:2
V/SoundPool( 1089): mState = 0 mChannelID=6175, mNumChannels=2, mPos = 0, mPriority=-1, mLoop=0
V/SoundPool( 1089): mState = 0 mChannelID=6189, mNumChannels=2, mPos = 0, mPriority=-1, mLoop=0
V/SoundPool( 1089): mState = 0 mChannelID=6203, mNumChannels=2, mPos = 0, mPriority=-1, mLoop=0
V/SoundPool( 1089): mState = 0 mChannelID=6195, mNumChannels=2, mPos = 0, mPriority=-1, mLoop=0
V/SoundPool( 1089): Allocated active channel
V/SoundPool( 1089): play channel 0x4f5b6b20 state = 0
V/SoundPool( 1089): SoundChannel::play 0x4f5b6b20: sampleID=1, channelID=6204, leftVolume=1.000000, rightVolume=1.000000, priority=0, loop=0, rate=1.000000
V/AudioPolicyService(  270): getOutput()
V/AudioPolicyManagerBase(  270): getOutput() device 2, stream 1, samplingRate 0, format 0, channelMask 3, flags 0
V/AudioPolicyManagerBase(  270): getOutput() returns output 2
V/AudioSystem( 1089): getFrameCount() streamType 1, output 2, frameCount 960
V/AudioPolicyService(  270): getOutput()
V/AudioPolicyManagerBase(  270): getOutput() device 2, stream 1, samplingRate 0, format 0, channelMask 3, flags 0
V/AudioPolicyManagerBase(  270): getOutput() returns output 2
I/Vold    (  261): [LGE][VOLD][NetlinkHandler.cpp][onEvent()] subsys:cpu, action:0
I/Vold    (  261): [LGE][VOLD][NetlinkHandler.cpp][onEvent()] subsys:cpu, action:0
V/AudioSystem( 1089): getOutputSamplingRate() reading from output desc
V/AudioSystem( 1089): getSamplingRate() streamType 1, output 2, sampling rate 48000
V/AudioTrack( 1089): sampleRate 48000, channelMask 0x3, format 1
V/AudioTrack( 1089): streamType 1
V/AudioTrack( 1089): sharedBuffer: 0x4ea65000, size: 10576
V/AudioTrack( 1089): set() streamType 1, sampleRate 48000, format 1, frameCount 0, flags 0004
V/AudioPolicyService(  270): checkPlayCondition() streamType = 1
V/AudioPolicyManagerBase(  270): checkPlayCondition() stream = 1, bResult = 1
D/libc    (  264): _dns_getaddrinfo: iptype =3
D/libc    (  264): _dns_getaddrinfo: query_ipv4=1, query_ipv6=1
D/audio_hw_extn(  270): audio_extn_get_parameters: returns 
V/msm8974_platform(  270): platform_get_parameters: exit: returns - 
V/audio_hw_primary(  270): adev_get_parameters: exit: returns - 
I/str_params(  270): key: 'isVirtualMirrorLinkDevice' value: ''
V/AudioPolicyService(  270): getOutput()
V/AudioPolicyManagerBase(  270): getOutput() device 2, stream 1, samplingRate 48000, format 1, channelMask 3, flags 4
V/AudioPolicyManagerBase(  270): selectOutput() commonFlags for output 3, 0001
V/AudioPolicyManagerBase(  270): getOutput() returns output 3
V/AudioSystem( 1089): getLatency() streamType 1, output 3, latency 50
V/AudioSystem( 1089): getFrameCount() streamType 1, output 3, frameCount 960
V/AudioSystem( 1089): getOutputSamplingRate() reading from output desc
V/AudioSystem( 1089): getSamplingRate() streamType 1, output 3, sampling rate 48000
V/AudioTrack( 1089): createTrack_l() output 3 afLatency 50
V/AudioFlinger(  270): createTrack() sessionId: 0
V/AudioFlinger(  270): [MABL_AudioFlinger] PlaybackThread::setMABLEnable(), enable = 0 
V/AudioFlinger(  270): [MABL_AudioFlinger] PlaybackThread::setMABLControl(), curLvl = 31 
V/AudioFlinger(  270): [MABL_AudioFlinger] PlaybackThread::setMABLEnable(), enable = 0 
V/AudioFlinger(  270): [MABL_AudioFlinger] PlaybackThread::setMABLControl(), curLvl = 31 
V/AudioFlinger(  270): createTrack() lSessionId: 12770
V/AudioFlinger(  270): AUDIO_OUTPUT_FLAG_FAST accepted: frameCount=2644 mFrameCount=240
V/AudioFlinger(  270): sharedBuffer: 0xb1654000, size: 10576
V/AudioFlinger(  270): Track constructor name 4101, calling pid 1089
V/AudioFlinger(  270): sendPrioConfigEvent_l() num events 1 pid 1089, tid 1259 prio 2
V/AudioTrack( 1089): AUDIO_OUTPUT_FLAG_FAST successful; frameCount 2644
V/AudioFlinger(  270): acquiring 12770 from 1089
V/AudioFlinger(  270):  added new entry for 12770
V/SoundPool( 1089): setVolume 0x4b9a7bf8
V/AudioFlinger(  270): start(4101), calling pid 1089 session 12770
V/AudioFlinger(  270): ? => ACTIVE (4101) on thread 0xb7ade098
V/AudioPolicyService(  270): startOutput()
V/AudioPolicyManagerBase(  270): startOutput() output primary->(low_latency)(3), stream 1, session 12770
V/AudioPolicyManagerBase(  270): changeRefCount() stream 1, count 1
V/AudioPolicyManager(  270): getNewDevice() selected device 2
V/AudioPolicyManagerBase(  270): setOutputDevice() output 3 device 0002 delayMs 0
V/AudioPolicyManagerBase(  270): setOutputDevice() prevDevice 0002
V/AudioPolicyManagerBase(  270): setOutputDevice() setting same device 0002 or null device for output 3
V/AudioPolicyManager(  270): checkAndSetVolume: index 2 output 3 device 2
D/AudioPolicyManagerBase(  270): computeVolume()...volume 0.033885, output 3, stream 1, index 2, device 2
V/AudioFlinger(  270): signal playback thread
V/AudioFlinger(  270): processConfigEvents() remaining events 1
V/AudioFlinger(  270): acquireWakeLock_l() AudioOut_3 status 0
D/BubblePopupHelper(32458): isShowingBubblePopup : false
D/BubblePopupHelper(32458): isShowingBubblePopup : false
V/SoundPool( 1089): delete oldTrack 0x4ee9db00
V/AudioFlinger(  270): releasing 12760 from 1089
V/AudioFlinger(  270):  decremented refcount to 0
V/AudioFlinger(  270): purging stale effects
V/AudioFlinger(  270): remove track (4096) and delete from mixer
V/AudioPolicyService(  270): releaseOutput()
V/AudioPolicyService(  270): inserting command: 6 at index 0, num commands 0
V/AudioPolicyService(  270): AudioCommandThread() adding release output 3
I/Vold    (  261): [LGE][VOLD][NetlinkHandler.cpp][onEvent()] subsys:cpu, action:0
V/AudioPolicyService(  270): AudioCommandThread() waking up
V/AudioPolicyService(  270): AudioCommandThread() processing release output 3
V/AudioPolicyService(  270): doReleaseOutput from tid 918
V/AudioPolicyManagerBase(  270): releaseOutput() 3
V/AudioPolicyService(  270): AudioCommandThread() going to sleep
V/AudioFlinger(  270): PlaybackThread::Track destructor
V/AudioFlinger(  270): presentationComplete() mPresentationCompleteFrames 0 framesWritten 276480
V/AudioFlinger(  270): presentationComplete() reset: mPresentationCompleteFrames 276960 audioHalFrames 480
V/AudioFlinger(  270): presentationComplete() mPresentationCompleteFrames 276960 framesWritten 277440
V/AudioFlinger(  270): presentationComplete() session 12770 complete: framesWritten 277440
V/AudioFlinger(  270): removeTracks_l removing track on session 12770
V/AudioFlinger(  270): acquireWakeLock_l() AudioOut_3 status 0
V/AudioPolicyService(  270): stopOutput()
V/AudioPolicyService(  270): inserting command: 5 at index 0, num commands 0
V/AudioPolicyService(  270): AudioCommandThread() adding stop output 3
V/AudioPolicyService(  270): AudioCommandThread() waking up
V/AudioPolicyService(  270): AudioCommandThread() processing stop output 3
V/AudioPolicyService(  270): doStopOutput from tid 918
V/AudioPolicyManagerBase(  270): stopOutput() output 3, stream 1, session 12770
V/AudioPolicyManagerBase(  270): changeRefCount() stream 1, count 0
V/AudioPolicyManager(  270): getNewDevice() selected device 0
V/AudioPolicyManagerBase(  270): setOutputDevice() output 3 device 0000 delayMs 100
V/AudioPolicyManagerBase(  270): setOutputDevice() prevDevice 0002
V/AudioPolicyManagerBase(  270): setOutputDevice() setting same device 0000 or null device for output 3
V/AudioPolicyService(  270): AudioCommandThread() going to sleep
D/BubblePopupHelper(32458): isShowingBubblePopup : false
E/CliptrayService( 5230): cliptrayEventReceiver :onReceivecom.lge.systemservice.core.cliptray.HIDE_CLIPTRAY
D/BubblePopupHelper(32458): isShowingBubblePopup : false
I/Vold    (  261): [LGE][VOLD][NetlinkHandler.cpp][onEvent()] subsys:cpu, action:0
D/wpa_supplicant(17274): RX ctrl_iface - hexdump(len=11): 53 49 47 4e 41 4c 5f 50 4f 4c 4c
D/wpa_supplicant(17274): wlan0: Control interface command 'SIGNAL_POLL'
D/wpa_supplicant(17274): nl80211: survey data missing!
I/Vold    (  261): [LGE][VOLD][NetlinkHandler.cpp][onEvent()] subsys:cpu, action:0
I/art     ( 1089): Heap trim of managed (duration=29.029323ms, advised=6MB) and native (duration=7.475729ms, advised=1640KB) heaps. Managed heap utilization of 54%.
D/BubblePopupHelper( 5182): isShowingBubblePopup : false
I/GLSUser (12536): [GLSUser] getTokenFromCache: [account: <ELLIDED:4530>, callingPkg: com.android.vending, service: androidmarket]
I/Vold    (  261): [LGE][VOLD][NetlinkHandler.cpp][onEvent()] subsys:cpu, action:0
I/Vold    (  261): [LGE][VOLD][NetlinkHandler.cpp][onEvent()] subsys:cpu, action:0
I/Vold    (  261): [LGE][VOLD][NetlinkHandler.cpp][onEvent()] subsys:power_supply, action:3
E/BatteryObserver( 5230): usb Uevent not necessary.
D/KeyguardUpdateMonitor( 5182): received broadcast android.intent.action.BATTERY_CHANGED
I/[SystemUI]LGPowerUI( 5182): onReceive = android.intent.action.BATTERY_CHANGED
D/TangibleManager( 5462): [TangibleIO] TangibleIntentReceiver onReceive intent = Intent { act=android.intent.action.BATTERY_CHANGED flg=0x60000010 (has extras) }
D/HeadsetTangibleController( 5462): [TangibleIO] HeadsetTangibleController onAction action = android.intent.action.BATTERY_CHANGED
W/Settings( 1089): Setting stay_on_while_plugged_in has moved from android.provider.Settings.System to android.provider.Settings.Global, returning read-only value.
W/Settings( 1089): Setting wifi_sleep_policy has moved from android.provider.Settings.System to android.provider.Settings.Global, returning read-only value.
I/[SystemUI]LGPowerUI( 5182): android.intent.action.BATTERY_CHANGEDlevel=62, temperature=353, plugged=true, isCharging=true
I/[SystemUI]LGPowerUI( 5182): StopCharging degree: 550
D/KeyguardUpdateMonitor( 5182): handleBatteryUpdate (2) (62)
D/OtgUmsTangibleController( 5462): [TangibleIO] OtgUmsTangibleController onAction action = android.intent.action.BATTERY_CHANGED
I/[SystemUI]StatusBar.BatteryController( 5182): level = 62 status = 2 mIsPlugged = true isCharging = true isFullCharged = false mPlugType = 2 mIsSmartCharging = false
D/UsbTangibleController( 5462): [TangibleIO] UsbTangibleController action = android.intent.action.BATTERY_CHANGED
I/Vold    (  261): [LGE][VOLD][NetlinkHandler.cpp][onEvent()] subsys:power_supply, action:3
I/[SystemUI]LGPowerUI( 5182): onReceive = com.lge.android.intent.action.BATTERYEX
V/SoundPool( 1089): process 0x4f5b6b20 channel 6204 event BUFFER_END
V/SoundPool( 1089): awake
V/SoundPool( 1089): Getting channel from stop list
V/SoundPool( 1089): stop
V/AudioFlinger(  270): stop(4101), calling pid 1089
V/AudioFlinger(  270): not stopping/stopped => stopping/stopped (4101) on thread 0xb2265008
V/SoundPool( 1089): done_l(6204)
V/SoundPool( 1089): move to front
I/Vold    (  261): [LGE][VOLD][NetlinkHandler.cpp][onEvent()] subsys:cpu, action:0
I/Vold    (  261): [LGE][VOLD][NetlinkHandler.cpp][onEvent()] subsys:cpu, action:0
I/[SystemUI]StatusBar.NetworkController( 5182): onSignalStrengthsChanged signalStrength=SignalStrength: 16 0 -120 -160 -120 -1 -1 99 2147483647 2147483647 2147483647 2147483647 2147483647 gsm|lte 3 level=5
D/PhoneInterfaceManager( 5446): [PhoneIntfMgr] sigLevel = 5
D/BubblePopupHelper( 5182): isShowingBubblePopup : false
I/[SystemUI]LGPhoneStatusBarPolicy( 5182): onReceive = android.intent.action.SIG_STR
I/Vold    (  261): [LGE][VOLD][NetlinkHandler.cpp][onEvent()] subsys:cpu, action:0
V/WifiServiceExtension( 1089): checkPollTimer Cnt= 0 rssi =-57 threshold=-100
D/BubblePopupHelper( 5182): isShowingBubblePopup : false
I/Vold    (  261): [LGE][VOLD][NetlinkHandler.cpp][onEvent()] subsys:power_supply, action:3
E/BatteryObserver( 5230): usb Uevent not necessary.
I/[SystemUI]LGPowerUI( 5182): onReceive = com.lge.android.intent.action.BATTERYEX
I/Vold    (  261): [LGE][VOLD][NetlinkHandler.cpp][onEvent()] subsys:power_supply, action:3
D/KeyguardUpdateMonitor( 5182): received broadcast android.intent.action.BATTERY_CHANGED
I/[SystemUI]LGPowerUI( 5182): onReceive = android.intent.action.BATTERY_CHANGED
D/TangibleManager( 5462): [TangibleIO] TangibleIntentReceiver onReceive intent = Intent { act=android.intent.action.BATTERY_CHANGED flg=0x60000010 (has extras) }
D/HeadsetTangibleController( 5462): [TangibleIO] HeadsetTangibleController onAction action = android.intent.action.BATTERY_CHANGED
D/OtgUmsTangibleController( 5462): [TangibleIO] OtgUmsTangibleController onAction action = android.intent.action.BATTERY_CHANGED
D/UsbTangibleController( 5462): [TangibleIO] UsbTangibleController action = android.intent.action.BATTERY_CHANGED
I/[SystemUI]LGPowerUI( 5182): android.intent.action.BATTERY_CHANGEDlevel=62, temperature=352, plugged=true, isCharging=true
I/[SystemUI]LGPowerUI( 5182): StopCharging degree: 550
I/[SystemUI]StatusBar.BatteryController( 5182): level = 62 status = 2 mIsPlugged = true isCharging = true isFullCharged = false mPlugType = 2 mIsSmartCharging = false
W/Settings( 1089): Setting stay_on_while_plugged_in has moved from android.provider.Settings.System to android.provider.Settings.Global, returning read-only value.
W/Settings( 1089): Setting wifi_sleep_policy has moved from android.provider.Settings.System to android.provider.Settings.Global, returning read-only value.
D/KeyguardUpdateMonitor( 5182): handleBatteryUpdate (2) (62)
V/AudioFlinger(  270): Audio hardware entering standby, mixer 0xb2265008, suspend count 0
V/audio_hw_primary(  270): out_standby: enter: usecase(1: low-latency-playback)
V/audio_hw_primary(  270): stop_output_stream: enter: usecase(1: low-latency-playback)
V/audio_hw_primary(  270): out->usecase 1, out->format = 1
V/audio_hw_primary(  270): disable_audio_route: enter: usecase(1)
V/msm8974_platform_lge(  270): platform_lge_add_backend_name: enter: 
V/audio_hw_primary(  270): disable_audio_route: reset mixer path: low-latency-playback
V/audio_hw_primary(  270): disable_audio_route: exit
D/hardware_info(  270): hw_info_append_hw_type : device_name = speaker
V/audio_hw_primary(  270): disable_snd_device: snd_device(2: speaker)
V/audio_hw_primary(  270): stop_output_stream: exit: status(0)
V/audio_hw_primary(  270): out_standby: exit
V/AudioFlinger(  270): releaseWakeLock_l() AudioOut_3
V/AudioFlinger(  270): thread 0xb2265008 type 0 TID 1145 going to sleep
D/wpa_supplicant(17274): RX ctrl_iface - hexdump(len=11): 53 49 47 4e 41 4c 5f 50 4f 4c 4c
D/wpa_supplicant(17274): wlan0: Control interface command 'SIGNAL_POLL'
D/wpa_supplicant(17274): nl80211: survey data missing!
I/qtaguid (32458): Failed write_ctrl(u 61) res=-1 errno=22
I/qtaguid (32458): Untagging socket 61 failed errno=-22
W/NetworkManagementSocketTagger(32458): untagSocket(61) failed with errno -22
D/Volley  (32458): [48404] BasicNetwork.logSlowRequests: HTTP response for request=<[ ] https://android.clients.google.com/fdfe/commitPurchase 0xe8d195d1 NORMAL 5> [lifetime=3053], [size=866], [rc=200], [retryCount=0]
D/BubblePopupHelper( 5182): isShowingBubblePopup : false
I/Vold    (  261): [LGE][VOLD][NetlinkHandler.cpp][onEvent()] subsys:cpu, action:0
D/Volley  (32458): [1] Request.finish: 3776 ms: [ ] https://android.clients.google.com/fdfe/commitPurchase 0xe8d195d1 NORMAL 5
D/Finsky  (32458): [1] 4.run: Applying library update: account=[tfSdNzDqVuY0x7JghU3jd_Oup-Y]
D/Finsky  (32458): [1] 3.onMutationsApplied: App library has changed, requesting content sync.
W/Finsky  (32458): [1] 1.run: missing delivery data for inapp:com.crowdmobile.kes:xbanana1
D/Finsky  (32458): [1] PurchaseFragment.handleSuccess: Purchase succeeded
D/BubblePopupHelper(32458): isShowingBubblePopup : false
D/BubblePopupHelper(32458): isShowingBubblePopup : false
I/Vold    (  261): [LGE][VOLD][NetlinkHandler.cpp][onEvent()] subsys:cpu, action:0
E/ThermalEngine(  284): [GPU_MON] 8 percent. Current Sampling Time is 4 sec 
D/BubblePopupHelper( 5182): isShowingBubblePopup : false
V/WifiServiceExtension( 1089): checkPollTimer Cnt= 0 rssi =-59 threshold=-100
V/qcom_sensors_hal( 1089): hal_sensor1_data_cb: msg_type 2, Sn 0, msg Id 34, txn Id 0
D/qcom_sensors_hal( 1089): hal_process_buffering_ind: Samples_len=1 Items=1 max_reports_per_index=1
V/qcom_sensors_hal( 1089): hal_process_report_ind: St: 0 ReportId: 0 Rate: 0, Len: 1
V/qcom_sensors_hal( 1089): hal_process_report_ind: Id: ACCEL_DATA: Ty: 0 Q: 13
V/qcom_sensors_hal( 1089): hal_process_report_ind: X: 1.325577 Y: -0.530060 Z: 9.673569 
D/qcom_sensors_hal( 1089): _hal_sensors_data_poll: poll data:1;data[0].sensor:0 .type:1 .x:1.325577 .y:-0.530060 .z:9.673569
D/qcom_sensors_hal( 1089): _hal_sensors_data_poll: cnt: 36
D/qcom_sensors_hal( 1089): hal_wait_for_response: timeout=0
D/BubblePopupHelper( 5182): isShowingBubblePopup : false
V/qcom_sensors_hal( 1089): hal_sensor1_data_cb: msg_type 2, Sn 0, msg Id 34, txn Id 0
D/qcom_sensors_hal( 1089): hal_process_buffering_ind: Samples_len=1 Items=1 max_reports_per_index=1
V/qcom_sensors_hal( 1089): hal_process_report_ind: St: 0 ReportId: 0 Rate: 0, Len: 1
V/qcom_sensors_hal( 1089): hal_process_report_ind: Id: ACCEL_DATA: Ty: 0 Q: 13
V/qcom_sensors_hal( 1089): hal_process_report_ind: X: 1.321503 Y: -0.538895 Z: 9.677231 
D/qcom_sensors_hal( 1089): _hal_sensors_data_poll: poll data:1;data[0].sensor:0 .type:1 .x:1.321503 .y:-0.538895 .z:9.677231
D/qcom_sensors_hal( 1089): _hal_sensors_data_poll: cnt: 36
D/qcom_sensors_hal( 1089): hal_wait_for_response: timeout=0
D/wpa_supplicant(17274): RX ctrl_iface - hexdump(len=11): 53 49 47 4e 41 4c 5f 50 4f 4c 4c
D/wpa_supplicant(17274): wlan0: Control interface command 'SIGNAL_POLL'
D/wpa_supplicant(17274): nl80211: survey data missing!
I/GCM     (12536): GCM message GSYNC_TICKLE 0:1429615662723931%e7a71353318775c6
I/SubscribedFeeds(12536): Received message
I/hsmodel (25588): mAccountSyncPreference : true
I/hsmodel (25588): mAccountSyncPreference : true
I/hsmodel (25588): mAccountSyncPreference : true
I/hsmodel (25588): mAccountSyncPreference : true
I/hsmodel (25588): mAccountSyncPreference : true
I/hsmodel (25588): mAccountSyncPreference : true
I/hsmodel (25588): mAccountSyncPreference : true
I/hsmodel (25588): mAccountSyncPreference : true
W/art     (  268): Could not get current activity
I/ActivityManager( 1089): Start proc com.google.android.gm for service com.google.android.gm/.provider.MailSyncAdapterService: pid=1320 uid=10067 gids={50067, 3003, 1028, 1015, 1023}
I/[SystemUI]StatusBar.NetworkController( 5182): onSignalStrengthsChanged signalStrength=SignalStrength: 16 0 -120 -160 -120 -1 -1 99 2147483647 2147483647 2147483647 2147483647 2147483647 gsm|lte 3 level=5
D/BubblePopupHelper( 5182): isShowingBubblePopup : false
D/PhoneInterfaceManager( 5446): [PhoneIntfMgr] sigLevel = 5
I/Vold    (  261): [LGE][VOLD][NetlinkHandler.cpp][onEvent()] subsys:cpu, action:0
I/Vold    (  261): [LGE][VOLD][NetlinkHandler.cpp][onEvent()] subsys:cpu, action:0
I/[SystemUI]LGPhoneStatusBarPolicy( 5182): onReceive = android.intent.action.SIG_STR
D/HyLog   ( 1320): I : /data/font/config/sfconfig.dat, No such file or directory (2)
D/HyLog   ( 1320): I : /data/font/config/dfactpre.dat, No such file or directory (2)
D/HyLog   ( 1320): I : /data/font/config/sfconfig.dat, No such file or directory (2)
I/Vold    (  261): [LGE][VOLD][NetlinkHandler.cpp][onEvent()] subsys:cpu, action:0
D/ConnectivityService( 1089): handleInetConditionHoldEnd: net=1, condition=100, published condition=100
D/BubblePopupHelper( 5182): isShowingBubblePopup : false
I/Gmail   ( 1320): getAccountsCursor
D/ActivityThread( 1320): Loading provider com.google.android.gmail.provider;com.android.mail.notifier;com.google.android.gm.email.provider;com.google.android.gm.email.notifier: com.android.email.provider.EmailProvider
W/ActivityManager( 1089): Unable to start service Intent { act=com.google.android.gm.email.EXCHANGE_INTENT pkg=com.google.android.gm.exchange } U=0: not found
W/ActivityManager( 1089): Unable to start service Intent { act=com.google.android.gm.email.EXCHANGE_INTENT pkg=com.google.android.gm.exchange } U=0: not found
W/GAV2    ( 1320): Thread[main,10,main]: Need to call initialize() and be in fallback mode to start dispatch.
W/ActivityManager( 1089): Unable to start service Intent { act=com.google.android.gm.email.EXCHANGE_INTENT pkg=com.google.android.gm.exchange } U=0: not found
W/ActivityManager( 1089): Unable to start service Intent { cmp=com.google.android.gm/com.android.email.service.AttachmentService } U=0: not found
W/ActivityManager( 1089): Unable to start service Intent { act=com.google.android.gm.email.EXCHANGE_INTENT pkg=com.google.android.gm.exchange } U=0: not found
I/Gmail   ( 1320): Observing account changes for notifications
E/Gmail   ( 1320): Error finding the version of the Email provider.....
E/Gmail   ( 1320): android.content.pm.PackageManager$NameNotFoundException: com.google.android.email
E/Gmail   ( 1320): 	at android.app.ApplicationPackageManager.getPackageInfo(ApplicationPackageManager.java:82)
E/Gmail   ( 1320): 	at com.google.android.gm.EmailMigrationService.a(SourceFile:1240)
E/Gmail   ( 1320): 	at com.google.android.gm.EmailMigrationService.onHandleIntent(SourceFile:188)
E/Gmail   ( 1320): 	at android.app.IntentService$ServiceHandler.handleMessage(IntentService.java:65)
E/Gmail   ( 1320): 	at android.os.Handler.dispatchMessage(Handler.java:102)
E/Gmail   ( 1320): 	at android.os.Looper.loop(Looper.java:136)
E/Gmail   ( 1320): 	at android.os.HandlerThread.run(HandlerThread.java:61)
W/Gmail   ( 1320): Sync started for account: account:-668477506
I/Gmail   ( 1320): getAccountsCursor
W/EmailMigration( 1320): We do not support migrating this version of the Email provider.
I/Vold    (  261): [LGE][VOLD][NetlinkHandler.cpp][onEvent()] subsys:cpu, action:0
I/Vold    (  261): [LGE][VOLD][NetlinkHandler.cpp][onEvent()] subsys:cpu, action:0
I/Gmail   ( 1320): notifyAccountChanged
I/Gmail   ( 1320): getAccountsCursor
I/Gmail   ( 1320): calculateUnknownSyncRationalesAndPurgeInBackground: queueing
I/Gmail   ( 1320): notifyAccountChanged
I/Gmail   ( 1320): calculateUnknownSyncRationalesAndPurgeInBackground: queueing
I/Gmail   ( 1320): calculateUnknownSyncRationalesAndPurgeInBackground: running
I/Gmail   ( 1320): calculateUnknownSyncRationalesAndPurgeInBackground: running
I/Gmail   ( 1320): getAccountsCursor
I/Gmail   ( 1320): MainSyncRequestProto: lowestBkwdConvoId: 0, highestHandledServerOp: 303992, normalSync: true
W/art     ( 1320): Failed to find ELF magic in /system/framework/com.android.location.provider.odex: dey
W/art     ( 1320): Failed to find ELF magic in /system/framework/com.android.media.remotedisplay.odex: dey
V/JNIHelp ( 1320): Registering com/google/android/gms/org/conscrypt/NativeCrypto's 227 native methods...
I/Gmail   ( 1320): notifyAccountChanged
I/Gmail   ( 1320): getAccountsCursor
I/Gmail   ( 1320): calculateUnknownSyncRationalesAndPurgeInBackground: queueing
I/Gmail   ( 1320): calculateUnknownSyncRationalesAndPurgeInBackground: queueing
I/Gmail   ( 1320): calculateUnknownSyncRationalesAndPurgeInBackground: running
I/Gmail   ( 1320): calculateUnknownSyncRationalesAndPurgeInBackground: running
I/ProviderInstaller( 1320): Installed default security provider GmsCore_OpenSSL
I/GLSUser (12536): [GLSUser] getTokenFromCache: [account: <ELLIDED:4530>, callingPkg: com.google.android.gm, service: mail]
I/Gmail   ( 1320): notifyAccountChanged
I/Gmail   ( 1320): calculateUnknownSyncRationalesAndPurgeInBackground: queueing
I/Gmail   ( 1320): calculateUnknownSyncRationalesAndPurgeInBackground: queueing
I/Gmail   ( 1320): calculateUnknownSyncRationalesAndPurgeInBackground: running
I/Gmail   ( 1320): calculateUnknownSyncRationalesAndPurgeInBackground: running
I/Vold    (  261): [LGE][VOLD][NetlinkHandler.cpp][onEvent()] subsys:cpu, action:0
D/libc    (  264): _dns_getaddrinfo: iptype =3
D/libc    (  264): _dns_getaddrinfo: query_ipv4=1, query_ipv6=1
D/BubblePopupHelper( 5182): isShowingBubblePopup : false
I/Gmail   ( 1320): getAccountsCursor
E/BatteryObserver( 5230): usb Uevent not necessary.
I/Vold    (  261): [LGE][VOLD][NetlinkHandler.cpp][onEvent()] subsys:power_supply, action:3
I/[SystemUI]LGPowerUI( 5182): onReceive = com.lge.android.intent.action.BATTERYEX
I/Vold    (  261): [LGE][VOLD][NetlinkHandler.cpp][onEvent()] subsys:power_supply, action:3
I/Vold    (  261): [LGE][VOLD][NetlinkHandler.cpp][onEvent()] subsys:cpu, action:0
I/Vold    (  261): [LGE][VOLD][NetlinkHandler.cpp][onEvent()] subsys:cpu, action:0
I/Vold    (  261): [LGE][VOLD][NetlinkHandler.cpp][onEvent()] subsys:power_supply, action:3
E/BatteryObserver( 5230): usb Uevent not necessary.
I/Vold    (  261): [LGE][VOLD][NetlinkHandler.cpp][onEvent()] subsys:power_supply, action:3
I/[SystemUI]LGPowerUI( 5182): onReceive = com.lge.android.intent.action.BATTERYEX
V/WifiServiceExtension( 1089): checkPollTimer Cnt= 0 rssi =-59 threshold=-100
D/KeyguardUpdateMonitor( 5182): received broadcast android.intent.action.BATTERY_CHANGED
D/KeyguardUpdateMonitor( 5182): handleBatteryUpdate (2) (62)
I/[SystemUI]LGPowerUI( 5182): onReceive = android.intent.action.BATTERY_CHANGED
I/[SystemUI]LGPowerUI( 5182): android.intent.action.BATTERY_CHANGEDlevel=62, temperature=351, plugged=true, isCharging=true
I/[SystemUI]LGPowerUI( 5182): StopCharging degree: 550
I/[SystemUI]StatusBar.BatteryController( 5182): level = 62 status = 2 mIsPlugged = true isCharging = true isFullCharged = false mPlugType = 2 mIsSmartCharging = false
D/TangibleManager( 5462): [TangibleIO] TangibleIntentReceiver onReceive intent = Intent { act=android.intent.action.BATTERY_CHANGED flg=0x60000010 (has extras) }
D/HeadsetTangibleController( 5462): [TangibleIO] HeadsetTangibleController onAction action = android.intent.action.BATTERY_CHANGED
D/OtgUmsTangibleController( 5462): [TangibleIO] OtgUmsTangibleController onAction action = android.intent.action.BATTERY_CHANGED
D/UsbTangibleController( 5462): [TangibleIO] UsbTangibleController action = android.intent.action.BATTERY_CHANGED
W/Settings( 1089): Setting stay_on_while_plugged_in has moved from android.provider.Settings.System to android.provider.Settings.Global, returning read-only value.
W/Settings( 1089): Setting wifi_sleep_policy has moved from android.provider.Settings.System to android.provider.Settings.Global, returning read-only value.
D/BubblePopupHelper( 5182): isShowingBubblePopup : false
V/Herrevad(12126): NQAS connected
I/Vold    (  261): [LGE][VOLD][NetlinkHandler.cpp][onEvent()] subsys:cpu, action:0
I/Vold    (  261): [LGE][VOLD][NetlinkHandler.cpp][onEvent()] subsys:cpu, action:0
I/art     ( 1320): WaitForConcurrentGcToComplete blocked for 18.432187ms
I/art     ( 1089): Heap trim of managed (duration=21.194792ms, advised=6MB) and native (duration=4.843281ms, advised=1640KB) heaps. Managed heap utilization of 54%.
I/Gmail   ( 1320): MainSyncRequestProto: lowestBkwdConvoId: 0, highestHandledServerOp: 304045, normalSync: true
I/art     (12536): Heap trim of managed (duration=3.028229ms, advised=4MB) and native (duration=1.311458ms, advised=240KB) heaps. Managed heap utilization of 44%.
I/GLSUser (12536): [GLSUser] getTokenFromCache: [account: <ELLIDED:4530>, callingPkg: com.google.android.gm, service: mail]
D/wpa_supplicant(17274): RX ctrl_iface - hexdump(len=11): 53 49 47 4e 41 4c 5f 50 4f 4c 4c
D/wpa_supplicant(17274): wlan0: Control interface command 'SIGNAL_POLL'
D/wpa_supplicant(17274): nl80211: survey data missing!
I/Vold    (  261): [LGE][VOLD][NetlinkHandler.cpp][onEvent()] subsys:cpu, action:0
I/ActivityManager( 1089): Process com.linkedin.android (pid 4693) has died.
W/ActivityManager( 1089): Scheduling restart of crashed service com.linkedin.android/.sync.LiThreadPoolIntentService in 1000ms
V/SplitWindowPolicyService( 5230): requestUpdateStackInfo
D/ActivityManager( 1089): resumeTopActivityLocked: Top activity resumed ActivityRecord{678d2138 u0 com.android.vending/com.google.android.finsky.billing.lightpurchase.IabV3Activity t702}
I/ViewRootImpl(32458): ViewRoot's Touch Event : ACTION_DOWN
D/PowerManagerService( 1089): updateUserActivitySummaryLocked: mWakefulness=Awake, mUserActivitySummary=0x1, nextTimeout=298348451 (in 23997 ms)
V/SoundPool( 1089): play sampleID=1, leftVolume=1.000000, rightVolume=1.000000, priority=0, loop=0, rate=1.000000
V/AudioPolicyService(  270): getRingerMode() mRingerMode:2
V/SoundPool( 1089): mState = 0 mChannelID=6175, mNumChannels=2, mPos = 0, mPriority=-1, mLoop=0
V/SoundPool( 1089): mState = 0 mChannelID=6189, mNumChannels=2, mPos = 0, mPriority=-1, mLoop=0
V/SoundPool( 1089): mState = 0 mChannelID=6204, mNumChannels=2, mPos = 0, mPriority=-1, mLoop=0
I/ViewRootImpl(32458): ViewRoot's Touch Event : ACTION_UP
V/SoundPool( 1089): mState = 0 mChannelID=6195, mNumChannels=2, mPos = 0, mPriority=-1, mLoop=0
V/SoundPool( 1089): Allocated active channel
V/SoundPool( 1089): play channel 0x4f5b6b20 state = 0
V/SoundPool( 1089): SoundChannel::play 0x4f5b6b20: sampleID=1, channelID=6205, leftVolume=1.000000, rightVolume=1.000000, priority=0, loop=0, rate=1.000000
V/AudioPolicyService(  270): getOutput()
V/AudioPolicyManagerBase(  270): getOutput() device 2, stream 1, samplingRate 0, format 0, channelMask 3, flags 0
V/AudioPolicyManagerBase(  270): getOutput() returns output 2
V/AudioSystem( 1089): getFrameCount() streamType 1, output 2, frameCount 960
V/AudioPolicyService(  270): getOutput()
V/AudioPolicyManagerBase(  270): getOutput() device 2, stream 1, samplingRate 0, format 0, channelMask 3, flags 0
V/AudioPolicyManagerBase(  270): getOutput() returns output 2
V/AudioSystem( 1089): getOutputSamplingRate() reading from output desc
V/AudioSystem( 1089): getSamplingRate() streamType 1, output 2, sampling rate 48000
V/AudioTrack( 1089): sampleRate 48000, channelMask 0x3, format 1
V/AudioTrack( 1089): streamType 1
V/AudioTrack( 1089): sharedBuffer: 0x4ea65000, size: 10576
V/AudioTrack( 1089): set() streamType 1, sampleRate 48000, format 1, frameCount 0, flags 0004
V/AudioPolicyService(  270): checkPlayCondition() streamType = 1
V/AudioPolicyManagerBase(  270): checkPlayCondition() stream = 1, bResult = 1
D/audio_hw_extn(  270): audio_extn_get_parameters: returns 
V/msm8974_platform(  270): platform_get_parameters: exit: returns - 
V/audio_hw_primary(  270): adev_get_parameters: exit: returns - 
I/str_params(  270): key: 'isVirtualMirrorLinkDevice' value: ''
V/AudioPolicyService(  270): getOutput()
V/AudioPolicyManagerBase(  270): getOutput() device 2, stream 1, samplingRate 48000, format 1, channelMask 3, flags 4
V/AudioPolicyManagerBase(  270): selectOutput() commonFlags for output 3, 0001
V/AudioPolicyManagerBase(  270): getOutput() returns output 3
V/AudioSystem( 1089): getLatency() streamType 1, output 3, latency 50
V/AudioSystem( 1089): getFrameCount() streamType 1, output 3, frameCount 960
V/AudioSystem( 1089): getOutputSamplingRate() reading from output desc
V/AudioSystem( 1089): getSamplingRate() streamType 1, output 3, sampling rate 48000
V/AudioTrack( 1089): createTrack_l() output 3 afLatency 50
V/AudioFlinger(  270): createTrack() sessionId: 0
V/AudioFlinger(  270): [MABL_AudioFlinger] PlaybackThread::setMABLEnable(), enable = 0 
V/AudioFlinger(  270): [MABL_AudioFlinger] PlaybackThread::setMABLControl(), curLvl = 31 
V/AudioFlinger(  270): [MABL_AudioFlinger] PlaybackThread::setMABLEnable(), enable = 0 
V/AudioFlinger(  270): [MABL_AudioFlinger] PlaybackThread::setMABLControl(), curLvl = 31 
V/AudioFlinger(  270): createTrack() lSessionId: 12771
V/AudioFlinger(  270): AUDIO_OUTPUT_FLAG_FAST accepted: frameCount=2644 mFrameCount=240
V/AudioFlinger(  270): sharedBuffer: 0xb1654000, size: 10576
V/AudioFlinger(  270): Track constructor name 4096, calling pid 1089
V/AudioFlinger(  270): sendPrioConfigEvent_l() num events 1 pid 1089, tid 1441 prio 2
V/AudioFlinger(  270): thread 0xb2265008 type 0 TID 1145 waking up
V/AudioFlinger(  270): acquireWakeLock_l() AudioOut_3 status 0
V/AudioFlinger(  270): processConfigEvents() remaining events 1
V/AudioFlinger(  270): acquireWakeLock_l() AudioOut_3 status 0
V/AudioTrack( 1089): AUDIO_OUTPUT_FLAG_FAST successful; frameCount 2644
V/AudioFlinger(  270): acquiring 12771 from 1089
V/AudioFlinger(  270):  added new entry for 12771
V/SoundPool( 1089): setVolume 0x5bbcb7e0
V/AudioFlinger(  270): start(4096), calling pid 1089 session 12771
V/AudioFlinger(  270): ? => ACTIVE (4096) on thread 0xb7df9318
V/AudioPolicyService(  270): startOutput()
V/AudioPolicyManagerBase(  270): startOutput() output primary->(low_latency)(3), stream 1, session 12771
V/AudioPolicyManagerBase(  270): changeRefCount() stream 1, count 1
V/AudioPolicyManager(  270): getNewDevice() selected device 2
V/AudioPolicyManagerBase(  270): setOutputDevice() output 3 device 0002 delayMs 0
V/AudioPolicyManagerBase(  270): setOutputDevice() prevDevice 0002
V/AudioPolicyManagerBase(  270): setOutputDevice() setting same device 0002 or null device for output 3
V/AudioPolicyManager(  270): checkAndSetVolume: index 2 output 3 device 2
D/AudioPolicyManagerBase(  270): computeVolume()...volume 0.033885, output 3, stream 1, index 2, device 2
V/AudioFlinger(  270): signal playback thread
V/SoundPool( 1089): delete oldTrack 0x4b9a7bf8
V/AudioFlinger(  270): releasing 12770 from 1089
V/AudioFlinger(  270):  decremented refcount to 0
V/AudioFlinger(  270): purging stale effects
V/AudioFlinger(  270): remove track (4101) and delete from mixer
V/AudioPolicyService(  270): releaseOutput()
V/AudioPolicyService(  270): inserting command: 6 at index 0, num commands 0
V/AudioPolicyService(  270): AudioCommandThread() adding release output 3
V/AudioPolicyService(  270): AudioCommandThread() waking up
V/AudioPolicyService(  270): AudioCommandThread() processing release output 3
V/AudioPolicyService(  270): doReleaseOutput from tid 918
V/AudioPolicyManagerBase(  270): releaseOutput() 3
