D/BubblePopupHelper( 5182): isShowingBubblePopup : false
V/WifiServiceExtension( 1089): checkPollTimer Cnt= 0 rssi =-65 threshold=-100
I/[SystemUI]StatusBar.NetworkController( 5182): onSignalStrengthsChanged signalStrength=SignalStrength: 16 0 -120 -160 -120 -1 -1 99 2147483647 2147483647 2147483647 2147483647 2147483647 gsm|lte 3 level=5
D/BubblePopupHelper( 5182): isShowingBubblePopup : false
D/PhoneInterfaceManager( 5446): [PhoneIntfMgr] sigLevel = 5
I/[SystemUI]LGPhoneStatusBarPolicy( 5182): onReceive = android.intent.action.SIG_STR
I/ViewRootImpl( 5182): ViewRoot's Touch Event : ACTION_DOWN
D/PowerManagerService( 1089): updateUserActivitySummaryLocked: mWakefulness=Awake, mUserActivitySummary=0x1, nextTimeout=298353728 (in 23993 ms)
I/VolumeVibratorManager( 1089): cancel()
D/lightsbindercall( 1089): calling ... updateLightList
E/lightsbindercall( 1089): virtual void android::BpEmotionalLedManager::updateLightList(int32_t, int32_t, int, int32_t, int32_t, int32_t, const android::String16&) : Binder Transaction Start!!
E/lightsbindercall( 1089): virtual void android::BpEmotionalLedManager::updateLightList(int32_t, int32_t, int, int32_t, int32_t, int32_t, const android::String16&) : Binder Transaction End!! (error code 0)
D/NotificationService( 1089): updateLightListLocked :r=null, action=1
D/EmotionalLed( 5230): updateLightListInternal: action=1 pkg=native.notifications
D/EmotionalLed( 5230): clearLedListLocked:mLedList :[LGLedRecord{6654f230 flags=0 patternId=3 color=0 priority=-1 recordId=0 pkg=batteryinfo mExceptional=false mNativeNotification=false whichLedPlay=1 patternFilePath=null}, LGLedRecord{6659ad80 flags=0 patternId=0 color=ff00ff00 priority=0 recordId=-110848199 pkg=com.google.android.gm mExceptional=false mNativeNotification=true whichLedPlay=3 patternFilePath=null}]
D/VolumeVibrator( 5230): clear
I/LGImmersionVibrator( 1089): Vibrator off
V/PanelView( 5182): mTimeAnimator.isStarted() =falsetracking=truerubber=false
V/PanelView( 5182): mExpandedHeight = 2.2844357mFullHeight=0
I/SystemUI[Framework]( 1089): PhoneWindowManager.updateSystemUiVisibilityLw() :visibility=0x0, pkg=com.android.systemui
V/MediaPlayer[Native]( 5182): stop
V/MediaPlayerService(  270): [9986] stop
V/AwesomePlayer(  270): pause_l() 
D/MediaPlayer[Native]( 5182): calling notify_player_state: 64
V/PanelView( 5182): mTimeAnimator.isStarted() =falsetracking=truerubber=false
V/PanelView( 5182): mExpandedHeight = 2.2844357mFullHeight=1788
W/MessageQueue( 5182): Handler (android.media.MediaPlayer$EventHandler) {66a0e1e0} sending message to a Handler on a dead thread
W/MessageQueue( 5182): java.lang.RuntimeException: Handler (android.media.MediaPlayer$EventHandler) {66a0e1e0} sending message to a Handler on a dead thread
W/MessageQueue( 5182): 	at android.os.MessageQueue.enqueueMessage(MessageQueue.java:320)
W/MessageQueue( 5182): 	at android.os.Handler.enqueueMessage(Handler.java:626)
W/MessageQueue( 5182): 	at android.os.Handler.sendMessageAtTime(Handler.java:595)
W/MessageQueue( 5182): 	at android.os.Handler.sendMessageDelayed(Handler.java:566)
W/MessageQueue( 5182): 	at android.os.Handler.sendMessage(Handler.java:503)
W/MessageQueue( 5182): 	at android.media.MediaPlayer.postEventFromNative(MediaPlayer.java:2694)
W/MessageQueue( 5182): 	at android.media.MediaPlayer._stop(Native Method)
W/MessageQueue( 5182): 	at android.media.MediaPlayer.stop(MediaPlayer.java:1171)
W/MessageQueue( 5182): 	at com.android.systemui.media.NotificationPlayer$CmdThread.run(NotificationPlayer.java:265)
D/MediaPlayer[JAVA]( 5182): broadcasting MEDIA_CHANGE_PLAYER_STATE : released
V/AudioFlinger(  270): Audio hardware entering standby, mixer 0xb23d0008, suspend count 0
V/audio_hw_primary(  270): out_standby: enter: usecase(0: deep-buffer-playback)
V/MediaPlayer[Native]( 5182): setListener
V/MediaPlayer[Native]( 5182): disconnect
V/MediaPlayerService(  270): disconnect(9986) from pid 5182
V/AwesomePlayer(  270): reset_l() 
V/AwesomePlayer(  270): notifyListener_l()--> sendEvent
V/AwesomePlayer(  270): cancelPlayerEvents
V/AudioSink(  270): stop
V/AudioSink(  270): flush
V/AudioFlinger(  270): flush(4097)
I/Vold    (  261): [LGE][VOLD][NetlinkHandler.cpp][onEvent()] subsys:cpu, action:0
I/Vold    (  261): [LGE][VOLD][NetlinkHandler.cpp][onEvent()] subsys:cpu, action:0
V/PanelView( 5182): animationTick called with dtms=0; nothing to do (h=709.6304 v=6424.633)
I/ViewRootImpl( 5182): ViewRoot's Touch Event : ACTION_UP
V/PanelView( 5182): animationTick called with dtms=-1; nothing to do (h=709.6304 v=6424.633)
I/EmotionalLed( 5230): updateLightsLocked() start. mLedList.size=1
D/qdlights( 5230): set_light_notifications: 0,0,0,0,3
E/CliptrayService( 5230): cliptrayEventReceiver :onReceivecom.lge.statusbar.expanded
D/qdlights( 5230): set_light_notifications: 0,0,0,0,3
I/[SystemUI]Utils( 5182): onReceive = com.lge.statusbar.expanded
I/[SystemUI]VolumeSlider( 5182): onReceive = com.lge.statusbar.expanded
I/[SystemUI]BrightnessSlider( 5182): onReceive = com.lge.statusbar.expanded
V/audio_hw_primary(  270): stop_output_stream: enter: usecase(0: deep-buffer-playback)
V/audio_hw_primary(  270): out->usecase 0, out->format = 1
V/audio_hw_primary(  270): disable_audio_route: enter: usecase(0)
V/msm8974_platform_lge(  270): platform_lge_add_backend_name: enter: 
V/audio_hw_primary(  270): disable_audio_route: reset mixer path: deep-buffer-playback
V/audio_hw_primary(  270): disable_audio_route: exit
D/hardware_info(  270): hw_info_append_hw_type : device_name = speaker
V/audio_hw_primary(  270): disable_snd_device: snd_device(2: speaker)
V/audio_hw_primary(  270): stop_output_stream: exit: status(0)
V/audio_hw_primary(  270): out_standby: exit
V/AudioFlinger(  270): releaseWakeLock_l() AudioOut_2
V/AudioFlinger(  270): thread 0xb23d0008 type 0 TID 919 going to sleep
V/AudioSink(  270): close
V/AudioFlinger(  270): remove track (4097) and delete from mixer
V/AudioPolicyService(  270): releaseOutput()
I/Vold    (  261): [LGE][VOLD][NetlinkHandler.cpp][onEvent()] subsys:cpu, action:0
V/AudioPolicyService(  270): inserting command: 6 at index 0, num commands 0
V/AudioPolicyService(  270): AudioCommandThread() adding release output 2
V/AudioPolicyService(  270): AudioCommandThread() waking up
V/AudioPolicyService(  270): AudioCommandThread() processing release output 2
V/AudioPolicyService(  270): doReleaseOutput from tid 918
V/AudioFlinger(  270): PlaybackThread::Track destructor
V/AudioPolicyManagerBase(  270): releaseOutput() 2
V/AudioFlinger(  270): removeClient_l() pid 5182, calling pid 5182
V/AudioFlinger(  270): releasing 12772 from 5182
V/AudioFlinger(  270):  decremented refcount to 1
V/OMXCodec(  270): [OMX.google.vorbis.decoder] stop mState=4
V/OMXCodec(  270): [OMX.google.vorbis.decoder] stopOmxComponent_l mState=4
V/AudioPolicyService(  270): AudioCommandThread() going to sleep
V/OMXCodec(  270): [OMX.google.vorbis.decoder] onStateChange 2
V/OMXCodec(  270): [OMX.google.vorbis.decoder] Now Idle.
V/OMXCodec(  270): [OMX.google.vorbis.decoder] freeing buffer 0xb7d52590 on port 0
V/OMXCodec(  270): [OMX.google.vorbis.decoder] freeing buffer 0xb7eb0748 on port 0
V/OMXCodec(  270): [OMX.google.vorbis.decoder] freeing buffer 0xb7aee520 on port 0
V/AudioFlinger(  270): thread 0xb23d0008 type 0 TID 919 waking up
V/OMXCodec(  270): [OMX.google.vorbis.decoder] freeing buffer 0xb7e21fb0 on port 0
V/OMXCodec(  270): [OMX.google.vorbis.decoder] freeing buffer 0xb7d4d578 on port 1
V/OMXCodec(  270): [OMX.google.vorbis.decoder] freeing buffer 0xb7de8f30 on port 1
V/OMXCodec(  270): [OMX.google.vorbis.decoder] freeing buffer 0xb7d41140 on port 1
V/OMXCodec(  270): [OMX.google.vorbis.decoder] freeing buffer 0xb7ddff20 on port 1
V/OMXCodec(  270): [OMX.google.vorbis.decoder] onStateChange 1
V/OMXCodec(  270): [OMX.google.vorbis.decoder] Now Loaded.
V/OMXCodec(  270): [OMX.google.vorbis.decoder] stopped in state 1
E/OMXCodec(  270): ~OMXCodec mstate =1
V/AudioFlinger(  270): acquireWakeLock_l() AudioOut_2 status 0
D/AudioPlayer(  270): AudioPlayer releasing audio source.
D/AudioPlayer(  270): AudioSource done releasing audio source
V/AwesomePlayer(  270): reset_l() 
V/AwesomePlayer(  270): notifyListener_l()--> sendEvent
V/AwesomePlayer(  270): cancelPlayerEvents
V/AwesomePlayer(  270): ~AwesomePlayer call
V/AudioFlinger(  270): acquireWakeLock_l() AudioOut_2 status 0
V/AwesomePlayer(  270): reset_l() 
V/AwesomePlayer(  270): notifyListener_l()--> sendEvent
V/AwesomePlayer(  270): cancelPlayerEvents
V/MediaPlayer[Native]( 5182): destructor
V/AudioFlinger(  270): releasing 12772 from 5182
V/AudioFlinger(  270):  decremented refcount to 0
V/AudioFlinger(  270): purging stale effects
V/MediaPlayer[Native]( 5182): disconnect
V/MediaPlayerService(  270): Client(9986) destructor pid = 5182
V/AudioSink(  270): close
V/MediaPlayerService(  270): disconnect(9986) from pid 5182
D/wpa_supplicant(17274): RX ctrl_iface - hexdump(len=11): 53 49 47 4e 41 4c 5f 50 4f 4c 4c
D/wpa_supplicant(17274): wlan0: Control interface command 'SIGNAL_POLL'
D/wpa_supplicant(17274): nl80211: survey data missing!
I/Vold    (  261): [LGE][VOLD][NetlinkHandler.cpp][onEvent()] subsys:cpu, action:0
I/Vold    (  261): [LGE][VOLD][NetlinkHandler.cpp][onEvent()] subsys:cpu, action:0
I/Vold    (  261): [LGE][VOLD][NetlinkHandler.cpp][onEvent()] subsys:cpu, action:0
D/TAction (19723): [SAM$-----------------------------CurtainMenu : ] true
D/audio_hw_extn(  270): audio_extn_get_parameters: returns 
V/msm8974_platform(  270): platform_get_parameters: exit: returns - 
V/audio_hw_primary(  270): adev_get_parameters: exit: returns - 
I/str_params(  270): key: 'isSwIrrc' value: ''
D/PhoneApp( 5446): getIsInUseVoLTE : false
D/BubblePopupHelper( 5182): isShowingBubblePopup : false
D/audio_hw_extn(  270): audio_extn_get_parameters: returns 
V/msm8974_platform(  270): platform_get_parameters: exit: returns - 
V/audio_hw_primary(  270): adev_get_parameters: exit: returns - 
I/str_params(  270): key: 'isSwIrrc' value: ''
D/PhoneApp( 5446): getIsInUseVoLTE : false
D/PowerManagerService( 1089): updateUserActivitySummaryLocked: mWakefulness=Awake, mUserActivitySummary=0x1, nextTimeout=298355171 (in 23999 ms)
I/ViewRootImpl( 5182): ViewRoot's Touch Event : ACTION_DOWN
I/Vold    (  261): [LGE][VOLD][NetlinkHandler.cpp][onEvent()] subsys:cpu, action:0
W/TouchFlickNoti( 5182): CAPP_TOUCH_FLICK: UP vectorVelocity:-649 signal:-1
I/ViewRootImpl( 5182): ViewRoot's Touch Event : ACTION_UP
D/audio_hw_extn(  270): audio_extn_get_parameters: returns 
V/msm8974_platform(  270): platform_get_parameters: exit: returns - 
V/audio_hw_primary(  270): adev_get_parameters: exit: returns - 
I/str_params(  270): key: 'isSwIrrc' value: ''
D/PhoneApp( 5446): getIsInUseVoLTE : false
D/BubblePopupHelper( 5182): isShowingBubblePopup : false
I/[SystemUI]StatusBar.NetworkController( 5182): onSignalStrengthsChanged signalStrength=SignalStrength: 16 0 -120 -160 -120 -1 -1 99 2147483647 2147483647 2147483647 2147483647 2147483647 gsm|lte 3 level=5
D/PhoneInterfaceManager( 5446): [PhoneIntfMgr] sigLevel = 5
D/BubblePopupHelper( 5182): isShowingBubblePopup : false
I/[SystemUI]LGPhoneStatusBarPolicy( 5182): onReceive = android.intent.action.SIG_STR
I/Vold    (  261): [LGE][VOLD][NetlinkHandler.cpp][onEvent()] subsys:cpu, action:0
V/WifiServiceExtension( 1089): checkPollTimer Cnt= 0 rssi =-60 threshold=-100
D/audio_hw_extn(  270): audio_extn_get_parameters: returns 
V/msm8974_platform(  270): platform_get_parameters: exit: returns - 
V/audio_hw_primary(  270): adev_get_parameters: exit: returns - 
I/str_params(  270): key: 'isSwIrrc' value: ''
D/PhoneApp( 5446): getIsInUseVoLTE : false
D/audio_hw_extn(  270): audio_extn_get_parameters: returns 
V/msm8974_platform(  270): platform_get_parameters: exit: returns - 
V/audio_hw_primary(  270): adev_get_parameters: exit: returns - 
I/str_params(  270): key: 'isSwIrrc' value: ''
D/PhoneApp( 5446): getIsInUseVoLTE : false
D/BubblePopupHelper( 5182): isShowingBubblePopup : false
V/AudioFlinger(  270): releaseWakeLock_l() AudioOut_2
V/AudioFlinger(  270): thread 0xb23d0008 type 0 TID 919 going to sleep
D/audio_hw_extn(  270): audio_extn_get_parameters: returns 
V/msm8974_platform(  270): platform_get_parameters: exit: returns - 
V/audio_hw_primary(  270): adev_get_parameters: exit: returns - 
I/str_params(  270): key: 'isSwIrrc' value: ''
D/PhoneApp( 5446): getIsInUseVoLTE : false
D/wpa_supplicant(17274): RX ctrl_iface - hexdump(len=11): 53 49 47 4e 41 4c 5f 50 4f 4c 4c
D/wpa_supplicant(17274): wlan0: Control interface command 'SIGNAL_POLL'
D/wpa_supplicant(17274): nl80211: survey data missing!
V/qcom_sensors_hal( 1089): hal_sensor1_data_cb: msg_type 2, Sn 0, msg Id 34, txn Id 0
D/qcom_sensors_hal( 1089): hal_process_buffering_ind: Samples_len=2 Items=1 max_reports_per_index=2
V/qcom_sensors_hal( 1089): hal_process_report_ind: St: 0 ReportId: 0 Rate: 0, Len: 1
V/qcom_sensors_hal( 1089): hal_process_report_ind: Id: ACCEL_DATA: Ty: 0 Q: 13
V/qcom_sensors_hal( 1089): hal_process_report_ind: X: 1.382004 Y: -0.574173 Z: 9.605408 
V/qcom_sensors_hal( 1089): hal_process_report_ind: St: 0 ReportId: 0 Rate: 0, Len: 1
V/qcom_sensors_hal( 1089): hal_process_report_ind: Id: ACCEL_DATA: Ty: 0 Q: 13
V/qcom_sensors_hal( 1089): hal_process_report_ind: X: 1.360428 Y: -0.511444 Z: 9.629059 
D/qcom_sensors_hal( 1089): _hal_sensors_data_poll: poll data:2;data[0].sensor:0 .type:1 .x:1.382004 .y:-0.574173 .z:9.605408
D/qcom_sensors_hal( 1089): _hal_sensors_data_poll: cnt: 36
D/qcom_sensors_hal( 1089): hal_wait_for_response: timeout=0
V/qcom_sensors_hal( 1089): hal_sensor1_data_cb: msg_type 2, Sn 0, msg Id 34, txn Id 0
D/qcom_sensors_hal( 1089): hal_process_buffering_ind: Samples_len=1 Items=1 max_reports_per_index=1
V/qcom_sensors_hal( 1089): hal_process_report_ind: St: 0 ReportId: 0 Rate: 0, Len: 1
V/qcom_sensors_hal( 1089): hal_process_report_ind: Id: ACCEL_DATA: Ty: 0 Q: 13
V/qcom_sensors_hal( 1089): hal_process_report_ind: X: 1.309402 Y: -0.573196 Z: 9.691742 
D/qcom_sensors_hal( 1089): _hal_sensors_data_poll: poll data:1;data[0].sensor:0 .type:1 .x:1.309402 .y:-0.573196 .z:9.691742
D/qcom_sensors_hal( 1089): _hal_sensors_data_poll: cnt: 36
D/audio_hw_extn(  270): audio_extn_get_parameters: returns 
V/msm8974_platform(  270): platform_get_parameters: exit: returns - 
V/audio_hw_primary(  270): adev_get_parameters: exit: returns - 
I/str_params(  270): key: 'isSwIrrc' value: ''
D/PhoneApp( 5446): getIsInUseVoLTE : false
V/AlarmManager( 1089): RTC_WAKEUP set : Alarm{670e1220 type 0 com.android.vending} when  1429615678246
D/audio_hw_extn(  270): audio_extn_get_parameters: returns 
V/msm8974_platform(  270): platform_get_parameters: exit: returns - 
V/audio_hw_primary(  270): adev_get_parameters: exit: returns - 
I/str_params(  270): key: 'isSwIrrc' value: ''
D/PhoneApp( 5446): getIsInUseVoLTE : false
D/Finsky  (32458): [1] 5.onFinished: Installation state replication succeeded.
D/BubblePopupHelper( 5182): isShowingBubblePopup : false
D/audio_hw_extn(  270): audio_extn_get_parameters: returns 
V/msm8974_platform(  270): platform_get_parameters: exit: returns - 
V/audio_hw_primary(  270): adev_get_parameters: exit: returns - 
I/str_params(  270): key: 'isSwIrrc' value: ''
D/PhoneApp( 5446): getIsInUseVoLTE : false
V/WifiServiceExtension( 1089): checkPollTimer Cnt= 0 rssi =-58 threshold=-100
D/audio_hw_extn(  270): audio_extn_get_parameters: returns 
V/msm8974_platform(  270): platform_get_parameters: exit: returns - 
V/audio_hw_primary(  270): adev_get_parameters: exit: returns - 
I/str_params(  270): key: 'isSwIrrc' value: ''
D/PhoneApp( 5446): getIsInUseVoLTE : false
D/BubblePopupHelper( 5182): isShowingBubblePopup : false
D/KeyguardUpdateMonitor( 5182): received broadcast android.intent.action.TIME_TICK
D/KeyguardUpdateMonitor( 5182): handleTimeUpdate
D/audio_hw_extn(  270): audio_extn_get_parameters: returns 
V/msm8974_platform(  270): platform_get_parameters: exit: returns - 
V/audio_hw_primary(  270): adev_get_parameters: exit: returns - 
I/str_params(  270): key: 'isSwIrrc' value: ''
D/PhoneApp( 5446): getIsInUseVoLTE : false
D/Clock   ( 5182): Clock updated, drawingStartTime : 1429615680052, nextTick: 59979, mDrawingTime: 1
D/Clock   ( 5182): Clock updated, drawingStartTime : 1429615680055, nextTick: 59976, mDrawingTime: 1
D/WeatherService( 1177): 2 : TimeTick Intent has been received, Time(hour:min:sec) 13:28:0
D/WeatherService( 1177): 2 : TimeTick Intent And Screen On
D/WeatherService( 1177): 2 : SDK version : 19
D/Weather.Utils( 1177): 2 : Utils getTopActivity com.lge.launcher2 / false
D/Weather.Utils( 1177): 2 : Utils getTopActivity com.lge.easyhome / false
D/WeatherService( 1177): 2 : shouldTimeTickRegistered : false
D/WeatherService( 1177): 2 : TimeTick Receiver Unregister
D/[Concierge]Service(15310): onStartCommand(). Type 
D/WeatherService( 1177): 2 : TimeTick Intent has been processed, Time(hour:min:sec) 13:28:0
D/wpa_supplicant(17274): RX ctrl_iface - hexdump(len=11): 53 49 47 4e 41 4c 5f 50 4f 4c 4c
D/wpa_supplicant(17274): wlan0: Control interface command 'SIGNAL_POLL'
D/wpa_supplicant(17274): nl80211: survey data missing!
D/audio_hw_extn(  270): audio_extn_get_parameters: returns 
V/msm8974_platform(  270): platform_get_parameters: exit: returns - 
V/audio_hw_primary(  270): adev_get_parameters: exit: returns - 
I/str_params(  270): key: 'isSwIrrc' value: ''
D/PhoneApp( 5446): getIsInUseVoLTE : false
D/BubblePopupHelper( 5182): isShowingBubblePopup : false
D/audio_hw_extn(  270): audio_extn_get_parameters: returns 
V/msm8974_platform(  270): platform_get_parameters: exit: returns - 
V/audio_hw_primary(  270): adev_get_parameters: exit: returns - 
I/str_params(  270): key: 'isSwIrrc' value: ''
D/PhoneApp( 5446): getIsInUseVoLTE : false
D/audio_hw_extn(  270): audio_extn_get_parameters: returns 
V/msm8974_platform(  270): platform_get_parameters: exit: returns - 
V/audio_hw_primary(  270): adev_get_parameters: exit: returns - 
I/str_params(  270): key: 'isSwIrrc' value: ''
D/PhoneApp( 5446): getIsInUseVoLTE : false
D/audio_hw_extn(  270): audio_extn_get_parameters: returns 
V/msm8974_platform(  270): platform_get_parameters: exit: returns - 
V/audio_hw_primary(  270): adev_get_parameters: exit: returns - 
I/str_params(  270): key: 'isSwIrrc' value: ''
D/PhoneApp( 5446): getIsInUseVoLTE : false
V/WifiServiceExtension( 1089): checkPollTimer Cnt= 0 rssi =-60 threshold=-100
I/Vold    (  261): [LGE][VOLD][NetlinkHandler.cpp][onEvent()] subsys:cpu, action:0
I/Vold    (  261): [LGE][VOLD][NetlinkHandler.cpp][onEvent()] subsys:cpu, action:0
I/Vold    (  261): [LGE][VOLD][NetlinkHandler.cpp][onEvent()] subsys:cpu, action:0
I/Vold    (  261): [LGE][VOLD][NetlinkHandler.cpp][onEvent()] subsys:cpu, action:0
I/Vold    (  261): [LGE][VOLD][NetlinkHandler.cpp][onEvent()] subsys:cpu, action:0
I/Vold    (  261): [LGE][VOLD][NetlinkHandler.cpp][onEvent()] subsys:cpu, action:0
D/audio_hw_extn(  270): audio_extn_get_parameters: returns 
V/msm8974_platform(  270): platform_get_parameters: exit: returns - 
V/audio_hw_primary(  270): adev_get_parameters: exit: returns - 
I/str_params(  270): key: 'isSwIrrc' value: ''
D/PhoneApp( 5446): getIsInUseVoLTE : false
D/audio_hw_extn(  270): audio_extn_get_parameters: returns 
V/msm8974_platform(  270): platform_get_parameters: exit: returns - 
V/audio_hw_primary(  270): adev_get_parameters: exit: returns - 
I/str_params(  270): key: 'isSwIrrc' value: ''
D/PhoneApp( 5446): getIsInUseVoLTE : false
D/wpa_supplicant(17274): RX ctrl_iface - hexdump(len=11): 53 49 47 4e 41 4c 5f 50 4f 4c 4c
D/wpa_supplicant(17274): wlan0: Control interface command 'SIGNAL_POLL'
D/wpa_supplicant(17274): nl80211: survey data missing!
D/BubblePopupHelper( 5182): isShowingBubblePopup : false
D/PhoneInterfaceManager( 5446): [PhoneIntfMgr] sigLevel = 5
I/[SystemUI]StatusBar.NetworkController( 5182): onSignalStrengthsChanged signalStrength=SignalStrength: 16 0 -120 -160 -120 -1 -1 99 2147483647 2147483647 2147483647 2147483647 2147483647 gsm|lte 3 level=5
D/BubblePopupHelper( 5182): isShowingBubblePopup : false
I/[SystemUI]LGPhoneStatusBarPolicy( 5182): onReceive = android.intent.action.SIG_STR
E/ThermalEngine(  284): [GPU_MON] 0 percent. Current Sampling Time is 4 sec 
D/audio_hw_extn(  270): audio_extn_get_parameters: returns 
V/msm8974_platform(  270): platform_get_parameters: exit: returns - 
V/audio_hw_primary(  270): adev_get_parameters: exit: returns - 
I/str_params(  270): key: 'isSwIrrc' value: ''
D/PhoneApp( 5446): getIsInUseVoLTE : false
D/audio_hw_extn(  270): audio_extn_get_parameters: returns 
V/msm8974_platform(  270): platform_get_parameters: exit: returns - 
V/audio_hw_primary(  270): adev_get_parameters: exit: returns - 
I/str_params(  270): key: 'isSwIrrc' value: ''
D/PhoneApp( 5446): getIsInUseVoLTE : false
D/audio_hw_extn(  270): audio_extn_get_parameters: returns 
V/msm8974_platform(  270): platform_get_parameters: exit: returns - 
V/audio_hw_primary(  270): adev_get_parameters: exit: returns - 
I/str_params(  270): key: 'isSwIrrc' value: ''
D/PhoneApp( 5446): getIsInUseVoLTE : false
V/WifiServiceExtension( 1089): checkPollTimer Cnt= 0 rssi =-67 threshold=-100
D/audio_hw_extn(  270): audio_extn_get_parameters: returns 
V/msm8974_platform(  270): platform_get_parameters: exit: returns - 
V/audio_hw_primary(  270): adev_get_parameters: exit: returns - 
I/str_params(  270): key: 'isSwIrrc' value: ''
D/PhoneApp( 5446): getIsInUseVoLTE : false
