--------- beginning of /dev/log/main
I/[SystemUI]StatusBar.NetworkController( 5182): onSignalStrengthsChanged signalStrength=SignalStrength: 16 0 -120 -160 -120 -1 -1 99 2147483647 2147483647 2147483647 2147483647 2147483647 gsm|lte 3 level=5
D/BubblePopupHelper( 5182): isShowingBubblePopup : false
D/PhoneInterfaceManager( 5446): [PhoneIntfMgr] sigLevel = 5
V/WifiServiceExtension( 1089): checkPollTimer Cnt= 0 rssi =-62 threshold=-100
I/[SystemUI]LGPhoneStatusBarPolicy( 5182): onReceive = android.intent.action.SIG_STR
D/BubblePopupHelper( 5182): isShowingBubblePopup : false
D/wpa_supplicant(17274): RX ctrl_iface - hexdump(len=11): 53 49 47 4e 41 4c 5f 50 4f 4c 4c
D/wpa_supplicant(17274): wlan0: Control interface command 'SIGNAL_POLL'
D/wpa_supplicant(17274): nl80211: survey data missing!
--------- beginning of /dev/log/system
I/ViewRootImpl(  573): ViewRoot's Touch Event : ACTION_DOWN
D/PowerManagerService( 1089): updateUserActivitySummaryLocked: mWakefulness=Awake, mUserActivitySummary=0x1, nextTimeout=298322018 (in 23992 ms)
I/ViewRootImpl(  573): ViewRoot's Touch Event : ACTION_UP
D/BubblePopupHelper( 5182): isShowingBubblePopup : false
D/IabHelper(  573): Starting async operation: launchPurchaseFlow
D/IabHelper(  573): Constructing buy intent for xbanana1, item type: inapp
D/Finsky  (32458): [48395] InAppBillingUtils.getPreferredAccount: com.crowdmobile.kes: Account from first account - [tfSdNzDqVuY0x7JghU3jd_Oup-Y]
V/SoundPool( 1089): play sampleID=1, leftVolume=1.000000, rightVolume=1.000000, priority=0, loop=0, rate=1.000000
V/AudioPolicyService(  270): getRingerMode() mRingerMode:2
D/IabHelper(  573): Launching buy intent for xbanana1. Request code: 10101
I/ActivityManager( 1089): START u0 {cmp=com.android.vending/com.google.android.finsky.billing.lightpurchase.IabV3Activity (has extras)} from pid -1
I/ActivityManager( 1089): ActivityRecord{678d2138 u0 com.android.vending/com.google.android.finsky.billing.lightpurchase.IabV3Activity t-1} Support Split:true Is ScreenFull:true
V/SplitWindowPolicyService( 5230): checkScreen => screen zone to be launched by 0, isSplitMode: false
V/SplitWindowPolicyService( 5230):                intent: Intent { cmp=co..../co.....finsk.....IabV3Activity (has extras) }, from: Intent { flg=.... cmp=co..../.MainActivity }
W/SplitWindowPolicyService( 5230): wrong split window lauch option! 0
V/SplitWindowPolicyService( 5230): checkAutoSplitRule => autosplit mode is false and screen zone to be changed by 0
D/SplitWindowPolicyService( 5230): updateActivityStateChanged: resumed=false pkgName=co.....MainActivity, screenId=5, isScreenFull=true, isMinimized=false, topRunningActivity=ActivityInfo{669e8448 co.....MainActivity}, taskId=702, activityType=0
V/ActivityManager( 1089): Moving to PAUSING: ActivityRecord{67404cd8 u0 com.crowdmobile.kes/.MainActivity t702}
D/ActivityManager( 1089): resumeTopActivityLocked: Pausing null
V/ActivityManager( 1089): resumeTopActivityLocked: Skip resume: need to start pausing
D/ActivityManager( 1089): allPausedActivitiesComplete: r=ActivityRecord{67404cd8 u0 com.crowdmobile.kes/.MainActivity t702} state=PAUSING
V/SoundPool( 1089): mState = 0 mChannelID=6175, mNumChannels=2, mPos = 0, mPriority=-1, mLoop=0
V/SoundPool( 1089): mState = 0 mChannelID=6189, mNumChannels=2, mPos = 0, mPriority=-1, mLoop=0
V/SoundPool( 1089): mState = 0 mChannelID=6201, mNumChannels=2, mPos = 0, mPriority=-1, mLoop=0
V/SoundPool( 1089): mState = 0 mChannelID=6195, mNumChannels=2, mPos = 0, mPriority=-1, mLoop=0
V/SoundPool( 1089): Allocated active channel
V/SoundPool( 1089): play channel 0x4f5b6b20 state = 0
V/SoundPool( 1089): SoundChannel::play 0x4f5b6b20: sampleID=1, channelID=6202, leftVolume=1.000000, rightVolume=1.000000, priority=0, loop=0, rate=1.000000
V/AudioPolicyService(  270): getOutput()
I/Vold    (  261): [LGE][VOLD][NetlinkHandler.cpp][onEvent()] subsys:cpu, action:0
I/Vold    (  261): [LGE][VOLD][NetlinkHandler.cpp][onEvent()] subsys:cpu, action:0
V/AudioPolicyManagerBase(  270): getOutput() device 2, stream 1, samplingRate 0, format 0, channelMask 3, flags 0
V/AudioPolicyManagerBase(  270): getOutput() returns output 2
V/AudioSystem( 1089): getFrameCount() streamType 1, output 2, frameCount 960
V/AudioPolicyService(  270): getOutput()
V/AudioPolicyManagerBase(  270): getOutput() device 2, stream 1, samplingRate 0, format 0, channelMask 3, flags 0
V/AudioPolicyManagerBase(  270): getOutput() returns output 2
V/AudioSystem( 1089): getOutputSamplingRate() reading from output desc
V/AudioSystem( 1089): getSamplingRate() streamType 1, output 2, sampling rate 48000
V/AudioTrack( 1089): sampleRate 48000, channelMask 0x3, format 1
V/AudioTrack( 1089): streamType 1
V/AudioTrack( 1089): sharedBuffer: 0x4ea65000, size: 10576
V/AudioTrack( 1089): set() streamType 1, sampleRate 48000, format 1, frameCount 0, flags 0004
V/AudioPolicyService(  270): checkPlayCondition() streamType = 1
V/AudioPolicyManagerBase(  270): checkPlayCondition() stream = 1, bResult = 1
D/audio_hw_extn(  270): audio_extn_get_parameters: returns 
V/msm8974_platform(  270): platform_get_parameters: exit: returns - 
V/audio_hw_primary(  270): adev_get_parameters: exit: returns - 
I/str_params(  270): key: 'isVirtualMirrorLinkDevice' value: ''
V/AudioPolicyService(  270): getOutput()
V/AudioPolicyManagerBase(  270): getOutput() device 2, stream 1, samplingRate 48000, format 1, channelMask 3, flags 4
V/AudioPolicyManagerBase(  270): selectOutput() commonFlags for output 3, 0001
V/AudioPolicyManagerBase(  270): getOutput() returns output 3
V/AudioSystem( 1089): getLatency() streamType 1, output 3, latency 50
V/AudioSystem( 1089): getFrameCount() streamType 1, output 3, frameCount 960
D/SplitWindowPolicyService( 5230): updateActivityStateChanged: resumed=true pkgName=co.....finsk.....IabV3Activity, screenId=5, isScreenFull=true, isMinimized=false, topRunningActivity=ActivityInfo{66848bf0 co.....finsk.....IabV3Activity}, taskId=702, activityType=0
V/AudioSystem( 1089): getOutputSamplingRate() reading from output desc
V/SplitWindowPolicyService( 5230): requestUpdateStackInfo
V/AudioSystem( 1089): getSamplingRate() streamType 1, output 3, sampling rate 48000
V/AudioTrack( 1089): createTrack_l() output 3 afLatency 50
V/AudioFlinger(  270): createTrack() sessionId: 0
V/AudioFlinger(  270): [MABL_AudioFlinger] PlaybackThread::setMABLEnable(), enable = 0 
V/AudioFlinger(  270): [MABL_AudioFlinger] PlaybackThread::setMABLControl(), curLvl = 31 
V/ActivityManager( 1089): Moving to PAUSED: ActivityRecord{67404cd8 u0 com.crowdmobile.kes/.MainActivity t702} (pause complete)
D/ActivityManager( 1089): resumeTopActivityLocked: Restarting ActivityRecord{678d2138 u0 com.android.vending/com.google.android.finsky.billing.lightpurchase.IabV3Activity t702}
V/ActivityManager( 1089): Moving to RESUMED: ActivityRecord{678d2138 u0 com.android.vending/com.google.android.finsky.billing.lightpurchase.IabV3Activity t702} (starting new instance)
V/AudioFlinger(  270): [MABL_AudioFlinger] PlaybackThread::setMABLEnable(), enable = 0 
V/AudioFlinger(  270): [MABL_AudioFlinger] PlaybackThread::setMABLControl(), curLvl = 31 
V/AudioFlinger(  270): createTrack() lSessionId: 12759
V/AudioFlinger(  270): AUDIO_OUTPUT_FLAG_FAST accepted: frameCount=2644 mFrameCount=240
V/AudioFlinger(  270): sharedBuffer: 0xb1654000, size: 10576
V/AudioFlinger(  270): Track constructor name 4098, calling pid 1089
V/AudioFlinger(  270): sendPrioConfigEvent_l() num events 1 pid 1089, tid 840 prio 2
V/AudioFlinger(  270): thread 0xb2265008 type 0 TID 1145 waking up
V/AudioFlinger(  270): acquireWakeLock_l() AudioOut_3 status 0
V/AudioFlinger(  270): processConfigEvents() remaining events 1
V/AudioFlinger(  270): acquireWakeLock_l() AudioOut_3 status 0
V/AudioTrack( 1089): AUDIO_OUTPUT_FLAG_FAST successful; frameCount 2644
V/AudioFlinger(  270): acquiring 12759 from 1089
V/AudioFlinger(  270):  added new entry for 12759
V/SoundPool( 1089): setVolume 0x4ac124e0
V/AudioFlinger(  270): start(4098), calling pid 1089 session 12759
V/AudioFlinger(  270): ? => ACTIVE (4098) on thread 0xb7d522e8
V/AudioPolicyService(  270): startOutput()
V/AudioPolicyManagerBase(  270): startOutput() output primary->(low_latency)(3), stream 1, session 12759
V/AudioPolicyManagerBase(  270): changeRefCount() stream 1, count 1
V/AudioPolicyManager(  270): getNewDevice() selected device 2
V/AudioPolicyManagerBase(  270): setOutputDevice() output 3 device 0002 delayMs 0
V/AudioPolicyManagerBase(  270): setOutputDevice() prevDevice 0002
V/SplitWindowPolicyService( 5230): updateScreenStateAndRunningActivity: screenId=5, isFull=true, isMinimized=false, topRunningActivity=ActivityInfo{66848bf0 co.....finsk.....IabV3Activity}, uid=10047
V/AudioPolicyManagerBase(  270): setOutputDevice() setting same device 0002 or null device for output 3
V/AudioPolicyManager(  270): checkAndSetVolume: index 2 output 3 device 2
D/AudioPolicyManagerBase(  270): computeVolume()...volume 0.033885, output 3, stream 1, index 2, device 2
V/AudioFlinger(  270): signal playback thread
V/SoundPool( 1089): delete oldTrack 0x5bbca1c0
V/AudioFlinger(  270): releasing 12758 from 1089
V/AudioFlinger(  270):  decremented refcount to 0
V/AudioFlinger(  270): purging stale effects
V/AudioFlinger(  270): remove track (4096) and delete from mixer
V/AudioPolicyService(  270): releaseOutput()
V/AudioPolicyService(  270): inserting command: 6 at index 0, num commands 0
V/AudioPolicyService(  270): AudioCommandThread() adding release output 3
V/AudioPolicyService(  270): AudioCommandThread() waking up
V/AudioPolicyService(  270): AudioCommandThread() processing release output 3
V/AudioPolicyService(  270): doReleaseOutput from tid 918
V/AudioPolicyManagerBase(  270): releaseOutput() 3
V/AudioPolicyService(  270): AudioCommandThread() going to sleep
V/AudioFlinger(  270): PlaybackThread::Track destructor
V/AudioFlinger(  270): acquireWakeLock_l() AudioOut_3 status 0
V/audio_hw_primary(  270): start_output_stream: enter: usecase(1: low-latency-playback) devices(0x2)
V/audio_hw_primary(  270): setup24BitPlayback
W/audio_hw_primary(  270): setup24BitPlayback: Format is not 24 bit
V/audio_hw_primary(  270): select_devices: enter playback and rx_mute is (-10) 10:rx_mute enable, -10 disable
V/msm8974_platform(  270): platform_get_output_snd_device: enter: output devices(0x2)
V/msm8974_platform(  270): platform_get_output_snd_device: exit: out_snd_device(speaker)
V/msm8974_platform_lge(  270): platform_lge_get_output_snd_device: enter
V/msm8974_platform_lge(  270): platform_lge_get_output_snd_device: output case  9
V/msm8974_platform_lge(  270): platform_lge_get_output_snd_device: exit: output device is checked in platform.c 
D/audio_hw_primary(  270): select_devices: out_snd_device(2: speaker) in_snd_device(0: )
V/msm8974_platform(  270): platform_check_force_routing: id = 1
V/msm8974_platform(  270): platform_check_force_routing: not offload
D/msm8974_platform(  270): platform_check_force_routing: force route: 0
D/hardware_info(  270): hw_info_append_hw_type : device_name = speaker
V/audio_hw_primary(  270): enable_snd_device: snd_device(2: speaker)
V/msm8974_platform(  270): platform_send_audio_calibration: sending audio calibration for snd_device(2) acdb_id(14)
D/ACDB-LOADER(  270): ACDB -> send_audio_cal, acdb_id = 14, path =  0
D/ACDB-LOADER(  270): ACDB -> send_adm_topology
D/ACDB-LOADER(  270): ACDB -> ACDB_CMD_GET_AUDPROC_COMMON_TOPOLOGY_ID
D/ACDB-LOADER(  270): ACDB -> send_audtable
D/ACDB-LOADER(  270): ACDB -> ACDB_CMD_GET_AUDPROC_COMMON_TABLE
D/ACDB-LOADER(  270): ACDB -> AUDIO_SET_AUDPROC_CAL
D/ACDB-LOADER(  270): ACDB -> send_audvoltable
D/ACDB-LOADER(  270): ACDB -> ACDB_CMD_GET_AUDPROC_GAIN_DEP_STEP_TABLE
D/ACDB-LOADER(  270): ACDB -> AUDIO_SET_AUDPROC_VOL_CAL
D/ACDB-LOADER(  270): ACDB -> AUDIO_SET_AFE_CAL
V/audio_hw_primary(  270): enable_audio_route: enter: usecase(1)
V/msm8974_platform_lge(  270): platform_lge_add_backend_name: enter: 
V/audio_hw_primary(  270): enable_audio_route: apply mixer path: low-latency-playback
V/audio_hw_primary(  270): enable_audio_route: exit
V/audio_hw_primary(  270): start_output_stream: Opening PCM device card_id(0) device_id(15)
I/Vold    (  261): [LGE][VOLD][NetlinkHandler.cpp][onEvent()] subsys:cpu, action:0
V/audio_hw_primary(  270): start_output_stream: exit
D/LocationManagerService( 1089): getLastLocation: Request[POWER_LOW network requested=0 fastest=0 num=1]
E/ViewRootImpl(32458): mIsPenSupport: :true
I/SystemUI[Framework]( 1089): PhoneWindowManager.updateSystemUiVisibilityLw() :visibility=0x0, pkg=com.android.vending
I/GLSUser (12536): [GLSUser] getTokenFromCache: [account: <ELLIDED:4530>, callingPkg: com.android.vending, service: androidmarket]
I/Adreno-EGL(32458): <qeglDrvAPI_eglInitialize:385>: EGL 1.4 QUALCOMM build:  ()
I/Adreno-EGL(32458): OpenGL ES Shader Compiler Version: E031.24.00.02
I/Adreno-EGL(32458): Build Date: 01/20/14 Mon
I/Adreno-EGL(32458): Local Branch: PMH2-KK_3.5-RB1-AU61-554722-586267-set2
I/Adreno-EGL(32458): Remote Branch: 
I/Adreno-EGL(32458): Local Patches: 
I/Adreno-EGL(32458): Reconstruct Branch: 
V/AudioFlinger(  270): presentationComplete() mPresentationCompleteFrames 0 framesWritten 4800
V/AudioFlinger(  270): presentationComplete() reset: mPresentationCompleteFrames 5280 audioHalFrames 480
D/OpenGLRenderer(32458): Enabling debug mode 0
V/AudioFlinger(  270): presentationComplete() mPresentationCompleteFrames 5280 framesWritten 5760
V/AudioFlinger(  270): presentationComplete() session 12759 complete: framesWritten 5760
I/InputMethodManagerService( 1089): IME STATUS OFF
V/AudioFlinger(  270): removeTracks_l removing track on session 12759
V/AudioFlinger(  270): acquireWakeLock_l() AudioOut_3 status 0
V/AudioPolicyService(  270): stopOutput()
V/AudioPolicyService(  270): inserting command: 5 at index 0, num commands 0
V/AudioPolicyService(  270): AudioCommandThread() adding stop output 3
V/AudioPolicyService(  270): AudioCommandThread() waking up
V/AudioPolicyService(  270): AudioCommandThread() processing stop output 3
V/AudioPolicyService(  270): doStopOutput from tid 918
V/AudioPolicyManagerBase(  270): stopOutput() output 3, stream 1, session 12759
V/AudioPolicyManagerBase(  270): changeRefCount() stream 1, count 0
V/AudioPolicyManager(  270): getNewDevice() selected device 0
V/AudioPolicyManagerBase(  270): setOutputDevice() output 3 device 0000 delayMs 100
V/AudioPolicyManagerBase(  270): setOutputDevice() prevDevice 0002
V/AudioPolicyManagerBase(  270): setOutputDevice() setting same device 0000 or null device for output 3
V/AudioPolicyService(  270): AudioCommandThread() going to sleep
I/ActivityManager( 1089): Displayed com.android.vending/com.google.android.finsky.billing.lightpurchase.IabV3Activity: +216ms
D/libc    (  264): _dns_getaddrinfo: iptype =3
D/libc    (  264): _dns_getaddrinfo: query_ipv4=1, query_ipv6=1
D/TAction (19723): [SAM$ ] [O : com.crowdmobile.kes.MainActivity] [C : com.google.android.finsky.billing.lightpurchase.IabV3Activity] 
I/Vold    (  261): [LGE][VOLD][NetlinkHandler.cpp][onEvent()] subsys:cpu, action:0
I/ActivityManager( 1089): Timeline: Activity_windows_visible id: ActivityRecord{678d2138 u0 com.android.vending/com.google.android.finsky.billing.lightpurchase.IabV3Activity t702} time:298298638
I/ActivityManager(32458): Timeline: Activity_idle id: android.os.BinderProxy@6673b4a8 time:298298672
V/ActivityManager( 1089): Moving to STOPPING: ActivityRecord{67404cd8 u0 com.crowdmobile.kes/.MainActivity t702} (stop requested)
V/ActivityManager( 1089): Moving to STOPPED: ActivityRecord{67404cd8 u0 com.crowdmobile.kes/.MainActivity t702} (stop complete)
I/Vold    (  261): [LGE][VOLD][NetlinkHandler.cpp][onEvent()] subsys:power_supply, action:3
E/BatteryObserver( 5230): usb Uevent not necessary.
I/[SystemUI]LGPowerUI( 5182): onReceive = com.lge.android.intent.action.BATTERYEX
D/KeyguardUpdateMonitor( 5182): received broadcast android.intent.action.BATTERY_CHANGED
D/KeyguardUpdateMonitor( 5182): handleBatteryUpdate (2) (62)
I/Vold    (  261): [LGE][VOLD][NetlinkHandler.cpp][onEvent()] subsys:power_supply, action:3
I/[SystemUI]LGPowerUI( 5182): onReceive = android.intent.action.BATTERY_CHANGED
I/[SystemUI]LGPowerUI( 5182): android.intent.action.BATTERY_CHANGEDlevel=62, temperature=354, plugged=true, isCharging=true
I/[SystemUI]LGPowerUI( 5182): StopCharging degree: 550
I/[SystemUI]StatusBar.BatteryController( 5182): level = 62 status = 2 mIsPlugged = true isCharging = true isFullCharged = false mPlugType = 2 mIsSmartCharging = false
D/TangibleManager( 5462): [TangibleIO] TangibleIntentReceiver onReceive intent = Intent { act=android.intent.action.BATTERY_CHANGED flg=0x60000010 (has extras) }
D/HeadsetTangibleController( 5462): [TangibleIO] HeadsetTangibleController onAction action = android.intent.action.BATTERY_CHANGED
D/OtgUmsTangibleController( 5462): [TangibleIO] OtgUmsTangibleController onAction action = android.intent.action.BATTERY_CHANGED
D/UsbTangibleController( 5462): [TangibleIO] UsbTangibleController action = android.intent.action.BATTERY_CHANGED
W/Settings( 1089): Setting stay_on_while_plugged_in has moved from android.provider.Settings.System to android.provider.Settings.Global, returning read-only value.
W/Settings( 1089): Setting wifi_sleep_policy has moved from android.provider.Settings.System to android.provider.Settings.Global, returning read-only value.
D/LIA_MrGDBLogger_LoggerThread( 8031): [dreamwood]App Usage Logging
V/WifiServiceExtension( 1089): checkPollTimer Cnt= 0 rssi =-60 threshold=-100
I/Vold    (  261): [LGE][VOLD][NetlinkHandler.cpp][onEvent()] subsys:cpu, action:0
I/Vold    (  261): [LGE][VOLD][NetlinkHandler.cpp][onEvent()] subsys:cpu, action:0
D/BubblePopupHelper( 5182): isShowingBubblePopup : false
V/SoundPool( 1089): process 0x4f5b6b20 channel 6202 event BUFFER_END
V/SoundPool( 1089): awake
V/SoundPool( 1089): Getting channel from stop list
V/SoundPool( 1089): stop
V/AudioFlinger(  270): stop(4098), calling pid 1089
V/AudioFlinger(  270): not stopping/stopped => stopping/stopped (4098) on thread 0xb2265008
V/SoundPool( 1089): done_l(6202)
V/SoundPool( 1089): move to front
E/ThermalEngine(  284): [GPU_MON] 6 percent. Current Sampling Time is 4 sec 
D/wpa_supplicant(17274): RX ctrl_iface - hexdump(len=11): 53 49 47 4e 41 4c 5f 50 4f 4c 4c
D/wpa_supplicant(17274): wlan0: Control interface command 'SIGNAL_POLL'
D/wpa_supplicant(17274): nl80211: survey data missing!
W/art     (32458): Failed to find ELF magic in /system/framework/com.lge.emoji.odex: dey
I/Vold    (  261): [LGE][VOLD][NetlinkHandler.cpp][onEvent()] subsys:cpu, action:0
I/Vold    (  261): [LGE][VOLD][NetlinkHandler.cpp][onEvent()] subsys:cpu, action:0
I/[SystemUI]StatusBar.NetworkController( 5182): onSignalStrengthsChanged signalStrength=SignalStrength: 17 0 -120 -160 -120 -1 -1 99 2147483647 2147483647 2147483647 2147483647 2147483647 gsm|lte 3 level=5
D/PhoneInterfaceManager( 5446): [PhoneIntfMgr] sigLevel = 5
D/BubblePopupHelper( 5182): isShowingBubblePopup : false
I/[SystemUI]LGPhoneStatusBarPolicy( 5182): onReceive = android.intent.action.SIG_STR
I/Vold    (  261): [LGE][VOLD][NetlinkHandler.cpp][onEvent()] subsys:cpu, action:0
I/Vold    (  261): [LGE][VOLD][NetlinkHandler.cpp][onEvent()] subsys:cpu, action:0
V/AudioFlinger(  270): Audio hardware entering standby, mixer 0xb2265008, suspend count 0
V/audio_hw_primary(  270): out_standby: enter: usecase(1: low-latency-playback)
V/audio_hw_primary(  270): stop_output_stream: enter: usecase(1: low-latency-playback)
V/audio_hw_primary(  270): out->usecase 1, out->format = 1
V/audio_hw_primary(  270): disable_audio_route: enter: usecase(1)
V/msm8974_platform_lge(  270): platform_lge_add_backend_name: enter: 
V/audio_hw_primary(  270): disable_audio_route: reset mixer path: low-latency-playback
V/audio_hw_primary(  270): disable_audio_route: exit
D/hardware_info(  270): hw_info_append_hw_type : device_name = speaker
V/audio_hw_primary(  270): disable_snd_device: snd_device(2: speaker)
V/audio_hw_primary(  270): stop_output_stream: exit: status(0)
V/audio_hw_primary(  270): out_standby: exit
V/AudioFlinger(  270): releaseWakeLock_l() AudioOut_3
V/AudioFlinger(  270): thread 0xb2265008 type 0 TID 1145 going to sleep
I/Vold    (  261): [LGE][VOLD][NetlinkHandler.cpp][onEvent()] subsys:cpu, action:0
I/Vold    (  261): [LGE][VOLD][NetlinkHandler.cpp][onEvent()] subsys:cpu, action:0
I/Vold    (  261): [LGE][VOLD][NetlinkHandler.cpp][onEvent()] subsys:cpu, action:0
I/Vold    (  261): [LGE][VOLD][NetlinkHandler.cpp][onEvent()] subsys:cpu, action:0
V/WifiServiceExtension( 1089): checkPollTimer Cnt= 0 rssi =-65 threshold=-100
D/BubblePopupHelper( 5182): isShowingBubblePopup : false
I/ViewRootImpl(32458): ViewRoot's Touch Event : ACTION_DOWN
D/PowerManagerService( 1089): updateUserActivitySummaryLocked: mWakefulness=Awake, mUserActivitySummary=0x1, nextTimeout=298326912 (in 23996 ms)
V/SoundPool( 1089): play sampleID=1, leftVolume=1.000000, rightVolume=1.000000, priority=0, loop=0, rate=1.000000
V/AudioPolicyService(  270): getRingerMode() mRingerMode:2
I/ViewRootImpl(32458): ViewRoot's Touch Event : ACTION_UP
V/SoundPool( 1089): mState = 0 mChannelID=6175, mNumChannels=2, mPos = 0, mPriority=-1, mLoop=0
V/SoundPool( 1089): mState = 0 mChannelID=6189, mNumChannels=2, mPos = 0, mPriority=-1, mLoop=0
I/InputMethodManagerService( 1089): IME STATUS OFF
V/SoundPool( 1089): mState = 0 mChannelID=6202, mNumChannels=2, mPos = 0, mPriority=-1, mLoop=0
V/SoundPool( 1089): mState = 0 mChannelID=6195, mNumChannels=2, mPos = 0, mPriority=-1, mLoop=0
V/SoundPool( 1089): Allocated active channel
V/SoundPool( 1089): play channel 0x4f5b6b20 state = 0
V/SoundPool( 1089): SoundChannel::play 0x4f5b6b20: sampleID=1, channelID=6203, leftVolume=1.000000, rightVolume=1.000000, priority=0, loop=0, rate=1.000000
V/AudioPolicyService(  270): getOutput()
V/AudioPolicyManagerBase(  270): getOutput() device 2, stream 1, samplingRate 0, format 0, channelMask 3, flags 0
V/AudioPolicyManagerBase(  270): getOutput() returns output 2
V/AudioSystem( 1089): getFrameCount() streamType 1, output 2, frameCount 960
V/AudioPolicyService(  270): getOutput()
V/AudioPolicyManagerBase(  270): getOutput() device 2, stream 1, samplingRate 0, format 0, channelMask 3, flags 0
V/AudioPolicyManagerBase(  270): getOutput() returns output 2
V/AudioSystem( 1089): getOutputSamplingRate() reading from output desc
V/AudioSystem( 1089): getSamplingRate() streamType 1, output 2, sampling rate 48000
V/AudioTrack( 1089): sampleRate 48000, channelMask 0x3, format 1
V/AudioTrack( 1089): streamType 1
V/AudioTrack( 1089): sharedBuffer: 0x4ea65000, size: 10576
V/AudioTrack( 1089): set() streamType 1, sampleRate 48000, format 1, frameCount 0, flags 0004
V/AudioPolicyService(  270): checkPlayCondition() streamType = 1
V/AudioPolicyManagerBase(  270): checkPlayCondition() stream = 1, bResult = 1
D/audio_hw_extn(  270): audio_extn_get_parameters: returns 
V/msm8974_platform(  270): platform_get_parameters: exit: returns - 
V/audio_hw_primary(  270): adev_get_parameters: exit: returns - 
I/str_params(  270): key: 'isVirtualMirrorLinkDevice' value: ''
V/AudioPolicyService(  270): getOutput()
V/AudioPolicyManagerBase(  270): getOutput() device 2, stream 1, samplingRate 48000, format 1, channelMask 3, flags 4
V/AudioPolicyManagerBase(  270): selectOutput() commonFlags for output 3, 0001
V/AudioPolicyManagerBase(  270): getOutput() returns output 3
I/Vold    (  261): [LGE][VOLD][NetlinkHandler.cpp][onEvent()] subsys:cpu, action:0
I/Vold    (  261): [LGE][VOLD][NetlinkHandler.cpp][onEvent()] subsys:cpu, action:0
V/AudioSystem( 1089): getLatency() streamType 1, output 3, latency 50
V/AudioSystem( 1089): getFrameCount() streamType 1, output 3, frameCount 960
V/AudioSystem( 1089): getOutputSamplingRate() reading from output desc
V/AudioSystem( 1089): getSamplingRate() streamType 1, output 3, sampling rate 48000
V/AudioTrack( 1089): createTrack_l() output 3 afLatency 50
V/AudioFlinger(  270): createTrack() sessionId: 0
V/AudioFlinger(  270): [MABL_AudioFlinger] PlaybackThread::setMABLEnable(), enable = 0 
V/AudioFlinger(  270): [MABL_AudioFlinger] PlaybackThread::setMABLControl(), curLvl = 31 
V/AudioFlinger(  270): [MABL_AudioFlinger] PlaybackThread::setMABLEnable(), enable = 0 
V/AudioFlinger(  270): [MABL_AudioFlinger] PlaybackThread::setMABLControl(), curLvl = 31 
V/AudioFlinger(  270): createTrack() lSessionId: 12760
V/AudioFlinger(  270): AUDIO_OUTPUT_FLAG_FAST accepted: frameCount=2644 mFrameCount=240
V/AudioFlinger(  270): sharedBuffer: 0xb1654000, size: 10576
V/AudioFlinger(  270): Track constructor name 4096, calling pid 1089
V/AudioFlinger(  270): sendPrioConfigEvent_l() num events 1 pid 1089, tid 976 prio 2
V/AudioFlinger(  270): thread 0xb2265008 type 0 TID 1145 waking up
V/AudioFlinger(  270): acquireWakeLock_l() AudioOut_3 status 0
V/AudioFlinger(  270): processConfigEvents() remaining events 1
V/AudioFlinger(  270): acquireWakeLock_l() AudioOut_3 status 0
V/AudioTrack( 1089): AUDIO_OUTPUT_FLAG_FAST successful; frameCount 2644
V/AudioFlinger(  270): acquiring 12760 from 1089
V/AudioFlinger(  270):  added new entry for 12760
V/SoundPool( 1089): setVolume 0x4ee9db00
V/AudioFlinger(  270): start(4096), calling pid 1089 session 12760
V/AudioFlinger(  270): ? => ACTIVE (4096) on thread 0xb7df9318
V/AudioPolicyService(  270): startOutput()
V/AudioPolicyManagerBase(  270): startOutput() output primary->(low_latency)(3), stream 1, session 12760
V/AudioPolicyManagerBase(  270): changeRefCount() stream 1, count 1
V/AudioPolicyManager(  270): getNewDevice() selected device 2
V/AudioPolicyManagerBase(  270): setOutputDevice() output 3 device 0002 delayMs 0
V/AudioPolicyManagerBase(  270): setOutputDevice() prevDevice 0002
V/AudioPolicyManagerBase(  270): setOutputDevice() setting same device 0002 or null device for output 3
V/AudioPolicyManager(  270): checkAndSetVolume: index 2 output 3 device 2
D/AudioPolicyManagerBase(  270): computeVolume()...volume 0.033885, output 3, stream 1, index 2, device 2
V/AudioFlinger(  270): signal playback thread
V/SoundPool( 1089): delete oldTrack 0x4ac124e0
V/AudioFlinger(  270): releasing 12759 from 1089
V/AudioFlinger(  270):  decremented refcount to 0
V/AudioFlinger(  270): purging stale effects
V/AudioFlinger(  270): remove track (4098) and delete from mixer
V/AudioPolicyService(  270): releaseOutput()
V/AudioPolicyService(  270): inserting command: 6 at index 0, num commands 0
V/AudioPolicyService(  270): AudioCommandThread() adding release output 3
V/AudioPolicyService(  270): AudioCommandThread() waking up
V/AudioPolicyService(  270): AudioCommandThread() processing release output 3
V/AudioPolicyService(  270): doReleaseOutput from tid 918
V/AudioPolicyManagerBase(  270): releaseOutput() 3
V/AudioPolicyService(  270): AudioCommandThread() going to sleep
V/AudioFlinger(  270): PlaybackThread::Track destructor
D/wpa_supplicant(17274): RX ctrl_iface - hexdump(len=11): 53 49 47 4e 41 4c 5f 50 4f 4c 4c
D/wpa_supplicant(17274): wlan0: Control interface command 'SIGNAL_POLL'
V/AudioFlinger(  270): acquireWakeLock_l() AudioOut_3 status 0
V/audio_hw_primary(  270): start_output_stream: enter: usecase(1: low-latency-playback) devices(0x2)
V/audio_hw_primary(  270): setup24BitPlayback
W/audio_hw_primary(  270): setup24BitPlayback: Format is not 24 bit
V/audio_hw_primary(  270): select_devices: enter playback and rx_mute is (-10) 10:rx_mute enable, -10 disable
V/msm8974_platform(  270): platform_get_output_snd_device: enter: output devices(0x2)
V/msm8974_platform(  270): platform_get_output_snd_device: exit: out_snd_device(speaker)
V/msm8974_platform_lge(  270): platform_lge_get_output_snd_device: enter
V/msm8974_platform_lge(  270): platform_lge_get_output_snd_device: output case  9
V/msm8974_platform_lge(  270): platform_lge_get_output_snd_device: exit: output device is checked in platform.c 
D/audio_hw_primary(  270): select_devices: out_snd_device(2: speaker) in_snd_device(0: )
V/msm8974_platform(  270): platform_check_force_routing: id = 1
V/msm8974_platform(  270): platform_check_force_routing: not offload
D/msm8974_platform(  270): platform_check_force_routing: force route: 0
D/hardware_info(  270): hw_info_append_hw_type : device_name = speaker
V/audio_hw_primary(  270): enable_snd_device: snd_device(2: speaker)
V/msm8974_platform(  270): platform_send_audio_calibration: sending audio calibration for snd_device(2) acdb_id(14)
D/ACDB-LOADER(  270): ACDB -> send_audio_cal, acdb_id = 14, path =  0
D/ACDB-LOADER(  270): ACDB -> send_adm_topology
D/ACDB-LOADER(  270): ACDB -> ACDB_CMD_GET_AUDPROC_COMMON_TOPOLOGY_ID
D/ACDB-LOADER(  270): ACDB -> send_audtable
D/ACDB-LOADER(  270): ACDB -> ACDB_CMD_GET_AUDPROC_COMMON_TABLE
D/ACDB-LOADER(  270): ACDB -> AUDIO_SET_AUDPROC_CAL
D/ACDB-LOADER(  270): ACDB -> send_audvoltable
D/ACDB-LOADER(  270): ACDB -> ACDB_CMD_GET_AUDPROC_GAIN_DEP_STEP_TABLE
D/ACDB-LOADER(  270): ACDB -> AUDIO_SET_AUDPROC_VOL_CAL
D/ACDB-LOADER(  270): ACDB -> AUDIO_SET_AFE_CAL
D/wpa_supplicant(17274): nl80211: survey data missing!
V/audio_hw_primary(  270): enable_audio_route: enter: usecase(1)
V/msm8974_platform_lge(  270): platform_lge_add_backend_name: enter: 
V/audio_hw_primary(  270): enable_audio_route: apply mixer path: low-latency-playback
V/audio_hw_primary(  270): enable_audio_route: exit
V/audio_hw_primary(  270): start_output_stream: Opening PCM device card_id(0) device_id(15)
I/Vold    (  261): [LGE][VOLD][NetlinkHandler.cpp][onEvent()] subsys:cpu, action:0
V/audio_hw_primary(  270): start_output_stream: exit
D/BubblePopupHelper(32458): isShowingBubblePopup : false
D/BubblePopupHelper(32458): isShowingBubblePopup : false
D/BubblePopupHelper(32458): isShowingBubblePopup : false
D/BubblePopupHelper(32458): isShowingBubblePopup : false
D/cliptray_Editor(32458):  setInputTypeforClipTray(): 0
E/CliptrayService( 5230): cliptrayEventReceiver :onReceivecom.lge.systemservice.core.cliptray.INPUTTYPE_CLIPTRAY
I/CliptrayService( 5230): CLIPTRAY_INPUTTYPEg=10
E/CliptrayService( 5230): cliptrayEventReceiver :onReceivecom.lge.systemservice.core.cliptray.INPUTTYPE_CLIPTRAY
I/CliptrayService( 5230): CLIPTRAY_INPUTTYPEg=0
V/AudioFlinger(  270): presentationComplete() mPresentationCompleteFrames 0 framesWritten 3840
V/AudioFlinger(  270): presentationComplete() reset: mPresentationCompleteFrames 4320 audioHalFrames 480
D/BubblePopupHelper(32458): isShowingBubblePopup : false
D/BubblePopupHelper(32458): isShowingBubblePopup : false
V/AudioFlinger(  270): presentationComplete() mPresentationCompleteFrames 4320 framesWritten 4800
V/AudioFlinger(  270): presentationComplete() session 12760 complete: framesWritten 4800
V/AudioFlinger(  270): removeTracks_l removing track on session 12760
V/AudioFlinger(  270): acquireWakeLock_l() AudioOut_3 status 0
V/AudioPolicyService(  270): stopOutput()
V/AudioPolicyService(  270): inserting command: 5 at index 0, num commands 0
V/AudioPolicyService(  270): AudioCommandThread() adding stop output 3
V/AudioPolicyService(  270): AudioCommandThread() waking up
V/AudioPolicyService(  270): AudioCommandThread() processing stop output 3
V/AudioPolicyService(  270): doStopOutput from tid 918
V/AudioPolicyManagerBase(  270): stopOutput() output 3, stream 1, session 12760
V/AudioPolicyManagerBase(  270): changeRefCount() stream 1, count 0
V/AudioPolicyManager(  270): getNewDevice() selected device 0
V/AudioPolicyManagerBase(  270): setOutputDevice() output 3 device 0000 delayMs 100
V/AudioPolicyManagerBase(  270): setOutputDevice() prevDevice 0002
V/AudioPolicyManagerBase(  270): setOutputDevice() setting same device 0000 or null device for output 3
V/AudioPolicyService(  270): AudioCommandThread() going to sleep
I/VoiceIntentApiTrigger(27277): #onStartInputView
I/InputMethodManagerService( 1089): IME STATUS ON
D/CliptrayService( 5230):  isAvailable() send intent : INIT_CLIPTRAY
E/CliptrayService( 5230): cliptrayEventReceiver :onReceivecom.lge.systemservice.core.cliptray.INPUTTYPE_CLIPTRAY
I/CliptrayService( 5230): CLIPTRAY_INPUTTYPEg=10
W/ContextImpl( 5230): Calling a method in the system process without a qualified user: android.app.ContextImpl.sendBroadcast:1237 android.content.ContextWrapper.sendBroadcast:365 com.lge.systemservice.service.CliptrayService.isAvailable:262 com.lge.systemservice.core.ICliptrayService$Stub.onTransact:166 android.os.Binder.execTransact:407 
D/KeyguardUpdateMonitor( 5182): received broadcast com.lge.softkeypad.intent.SHOW
D/KeyguardUpdateMonitor( 5182): IME visibility change, visible = true
D/BubblePopupHelper(32458): isShowingBubblePopup : false
D/BubblePopupHelper(32458): isShowingBubblePopup : false
I/art     (27277): Heap trim of managed (duration=4.563959ms, advised=616KB) and native (duration=2.097187ms, advised=64KB) heaps. Managed heap utilization of 72%.
I/Vold    (  261): [LGE][VOLD][NetlinkHandler.cpp][onEvent()] subsys:power_supply, action:3
E/BatteryObserver( 5230): usb Uevent not necessary.
D/KeyguardUpdateMonitor( 5182): received broadcast android.intent.action.BATTERY_CHANGED
I/[SystemUI]LGPowerUI( 5182): onReceive = android.intent.action.BATTERY_CHANGED
I/[SystemUI]LGPowerUI( 5182): android.intent.action.BATTERY_CHANGEDlevel=62, temperature=353, plugged=true, isCharging=true
I/[SystemUI]LGPowerUI( 5182): StopCharging degree: 550
D/KeyguardUpdateMonitor( 5182): handleBatteryUpdate (2) (62)
I/[SystemUI]StatusBar.BatteryController( 5182): level = 62 status = 2 mIsPlugged = true isCharging = true isFullCharged = false mPlugType = 2 mIsSmartCharging = false
W/Settings( 1089): Setting stay_on_while_plugged_in has moved from android.provider.Settings.System to android.provider.Settings.Global, returning read-only value.
D/TangibleManager( 5462): [TangibleIO] TangibleIntentReceiver onReceive intent = Intent { act=android.intent.action.BATTERY_CHANGED flg=0x60000010 (has extras) }
D/HeadsetTangibleController( 5462): [TangibleIO] HeadsetTangibleController onAction action = android.intent.action.BATTERY_CHANGED
W/Settings( 1089): Setting wifi_sleep_policy has moved from android.provider.Settings.System to android.provider.Settings.Global, returning read-only value.
I/Vold    (  261): [LGE][VOLD][NetlinkHandler.cpp][onEvent()] subsys:power_supply, action:3
D/OtgUmsTangibleController( 5462): [TangibleIO] OtgUmsTangibleController onAction action = android.intent.action.BATTERY_CHANGED
D/UsbTangibleController( 5462): [TangibleIO] UsbTangibleController action = android.intent.action.BATTERY_CHANGED
I/[SystemUI]LGPowerUI( 5182): onReceive = com.lge.android.intent.action.BATTERYEX
I/Vold    (  261): [LGE][VOLD][NetlinkHandler.cpp][onEvent()] subsys:cpu, action:0
V/SoundPool( 1089): process 0x4f5b6b20 channel 6203 event BUFFER_END
V/SoundPool( 1089): awake
V/SoundPool( 1089): Getting channel from stop list
V/SoundPool( 1089): stop
V/AudioFlinger(  270): stop(4096), calling pid 1089
V/AudioFlinger(  270): not stopping/stopped => stopping/stopped (4096) on thread 0xb2265008
V/SoundPool( 1089): done_l(6203)
V/SoundPool( 1089): move to front
D/BubblePopupHelper( 5182): isShowingBubblePopup : false
I/Vold    (  261): [LGE][VOLD][NetlinkHandler.cpp][onEvent()] subsys:cpu, action:0
I/Vold    (  261): [LGE][VOLD][NetlinkHandler.cpp][onEvent()] subsys:cpu, action:0
V/WifiServiceExtension( 1089): checkPollTimer Cnt= 0 rssi =-61 threshold=-100
D/BubblePopupHelper( 5182): isShowingBubblePopup : false
D/wpa_supplicant(17274): RX ctrl_iface - hexdump(len=11): 53 49 47 4e 41 4c 5f 50 4f 4c 4c
D/wpa_supplicant(17274): wlan0: Control interface command 'SIGNAL_POLL'
D/wpa_supplicant(17274): nl80211: survey data missing!
I/[SystemUI]StatusBar.NetworkController( 5182): onSignalStrengthsChanged signalStrength=SignalStrength: 16 0 -120 -160 -120 -1 -1 99 2147483647 2147483647 2147483647 2147483647 2147483647 gsm|lte 3 level=5
D/BubblePopupHelper( 5182): isShowingBubblePopup : false
D/PhoneInterfaceManager( 5446): [PhoneIntfMgr] sigLevel = 5
I/[SystemUI]LGPhoneStatusBarPolicy( 5182): onReceive = android.intent.action.SIG_STR
V/AudioFlinger(  270): Audio hardware entering standby, mixer 0xb2265008, suspend count 0
V/audio_hw_primary(  270): out_standby: enter: usecase(1: low-latency-playback)
V/audio_hw_primary(  270): stop_output_stream: enter: usecase(1: low-latency-playback)
V/audio_hw_primary(  270): out->usecase 1, out->format = 1
V/audio_hw_primary(  270): disable_audio_route: enter: usecase(1)
V/msm8974_platform_lge(  270): platform_lge_add_backend_name: enter: 
V/audio_hw_primary(  270): disable_audio_route: reset mixer path: low-latency-playback
V/audio_hw_primary(  270): disable_audio_route: exit
D/hardware_info(  270): hw_info_append_hw_type : device_name = speaker
V/audio_hw_primary(  270): disable_snd_device: snd_device(2: speaker)
V/audio_hw_primary(  270): stop_output_stream: exit: status(0)
V/audio_hw_primary(  270): out_standby: exit
V/AudioFlinger(  270): releaseWakeLock_l() AudioOut_3
V/AudioFlinger(  270): thread 0xb2265008 type 0 TID 1145 going to sleep
D/BubblePopupHelper( 5182): isShowingBubblePopup : false
V/qcom_sensors_hal( 1089): hal_sensor1_data_cb: msg_type 2, Sn 0, msg Id 34, txn Id 0
D/qcom_sensors_hal( 1089): hal_process_buffering_ind: Samples_len=1 Items=1 max_reports_per_index=1
V/qcom_sensors_hal( 1089): hal_process_report_ind: St: 0 ReportId: 0 Rate: 0, Len: 1
V/qcom_sensors_hal( 1089): hal_process_report_ind: Id: ACCEL_DATA: Ty: 0 Q: 13
V/qcom_sensors_hal( 1089): hal_process_report_ind: X: 1.314804 Y: -0.550842 Z: 9.683746 
D/qcom_sensors_hal( 1089): _hal_sensors_data_poll: poll data:1;data[0].sensor:0 .type:1 .x:1.314804 .y:-0.550842 .z:9.683746
D/qcom_sensors_hal( 1089): _hal_sensors_data_poll: cnt: 36
D/qcom_sensors_hal( 1089): hal_wait_for_response: timeout=0
V/qcom_sensors_hal( 1089): hal_sensor1_data_cb: msg_type 2, Sn 0, msg Id 34, txn Id 0
D/qcom_sensors_hal( 1089): hal_process_buffering_ind: Samples_len=1 Items=1 max_reports_per_index=1
V/qcom_sensors_hal( 1089): hal_process_report_ind: St: 0 ReportId: 0 Rate: 0, Len: 1
V/qcom_sensors_hal( 1089): hal_process_report_ind: Id: ACCEL_DATA: Ty: 0 Q: 13
V/qcom_sensors_hal( 1089): hal_process_report_ind: X: 1.312149 Y: -0.536880 Z: 9.677979 
D/qcom_sensors_hal( 1089): _hal_sensors_data_poll: poll data:1;data[0].sensor:0 .type:1 .x:1.312149 .y:-0.536880 .z:9.677979
D/qcom_sensors_hal( 1089): _hal_sensors_data_poll: cnt: 36
D/qcom_sensors_hal( 1089): hal_wait_for_response: timeout=0
V/WifiServiceExtension( 1089): checkPollTimer Cnt= 0 rssi =-61 threshold=-100
D/BubblePopupHelper( 5182): isShowingBubblePopup : false
D/PhoneInterfaceManager( 5446): [PhoneIntfMgr] sigLevel = 5
I/[SystemUI]StatusBar.NetworkController( 5182): onSignalStrengthsChanged signalStrength=SignalStrength: 16 0 -120 -160 -120 -1 -1 99 2147483647 2147483647 2147483647 2147483647 2147483647 gsm|lte 3 level=5
D/BubblePopupHelper( 5182): isShowingBubblePopup : false
I/[SystemUI]LGPhoneStatusBarPolicy( 5182): onReceive = android.intent.action.SIG_STR
I/ViewRootImpl(27277): ViewRoot's Touch Event : ACTION_DOWN
D/PowerManagerService( 1089): updateUserActivitySummaryLocked: mWakefulness=Awake, mUserActivitySummary=0x1, nextTimeout=298332992 (in 23992 ms)
V/SoundPool(27277): stop(1706)
V/SoundPool(27277): play sampleID=1, leftVolume=0.500000, rightVolume=0.500000, priority=0, loop=0, rate=1.000000
V/AudioPolicyService(  270): getRingerMode() mRingerMode:2
V/SoundPool(27277): mState = 0 mChannelID=1706, mNumChannels=1, mPos = 0, mPriority=-1, mLoop=0
V/SoundPool(27277): Allocated active channel
V/SoundPool(27277): play channel 0x499a09e0 state = 0
V/SoundPool(27277): SoundChannel::play 0x499a09e0: sampleID=1, channelID=1707, leftVolume=0.500000, rightVolume=0.500000, priority=0, loop=0, rate=1.000000
V/AudioPolicyService(  270): getOutput()
V/AudioPolicyManagerBase(  270): getOutput() device 2, stream 1, samplingRate 0, format 0, channelMask 3, flags 0
V/AudioPolicyManagerBase(  270): getOutput() returns output 2
V/AudioSystem(27277): getFrameCount() streamType 1, output 2, frameCount 960
V/AudioPolicyService(  270): getOutput()
V/AudioPolicyManagerBase(  270): getOutput() device 2, stream 1, samplingRate 0, format 0, channelMask 3, flags 0
V/AudioPolicyManagerBase(  270): getOutput() returns output 2
V/AudioSystem(27277): getOutputSamplingRate() reading from output desc
V/AudioSystem(27277): getSamplingRate() streamType 1, output 2, sampling rate 48000
V/AudioTrack(27277): sampleRate 48000, channelMask 0x1, format 1
V/AudioTrack(27277): streamType 1
V/AudioTrack(27277): sharedBuffer: 0x4b8e6000, size: 8192
V/AudioTrack(27277): set() streamType 1, sampleRate 48000, format 1, frameCount 0, flags 0004
V/AudioPolicyService(  270): checkPlayCondition() streamType = 1
V/AudioPolicyManagerBase(  270): checkPlayCondition() stream = 1, bResult = 1
D/audio_hw_extn(  270): audio_extn_get_parameters: returns 
V/msm8974_platform(  270): platform_get_parameters: exit: returns - 
V/audio_hw_primary(  270): adev_get_parameters: exit: returns - 
I/str_params(  270): key: 'isVirtualMirrorLinkDevice' value: ''
V/AudioPolicyService(  270): getOutput()
V/AudioPolicyManagerBase(  270): getOutput() device 2, stream 1, samplingRate 48000, format 1, channelMask 1, flags 4
V/AudioPolicyManagerBase(  270): selectOutput() commonFlags for output 3, 0001
V/AudioPolicyManagerBase(  270): getOutput() returns output 3
V/AudioSystem(27277): getLatency() streamType 1, output 3, latency 50
V/AudioSystem(27277): getFrameCount() streamType 1, output 3, frameCount 960
V/AudioSystem(27277): getOutputSamplingRate() reading from output desc
V/AudioSystem(27277): getSamplingRate() streamType 1, output 3, sampling rate 48000
V/AudioTrack(27277): createTrack_l() output 3 afLatency 50
V/AudioFlinger(  270): createTrack() sessionId: 0
V/AudioFlinger(  270): [MABL_AudioFlinger] PlaybackThread::setMABLEnable(), enable = 0 
V/AudioFlinger(  270): [MABL_AudioFlinger] PlaybackThread::setMABLControl(), curLvl = 31 
V/AudioFlinger(  270): [MABL_AudioFlinger] PlaybackThread::setMABLEnable(), enable = 0 
V/AudioFlinger(  270): [MABL_AudioFlinger] PlaybackThread::setMABLControl(), curLvl = 31 
V/AudioFlinger(  270): createTrack() lSessionId: 12761
V/AudioFlinger(  270): AUDIO_OUTPUT_FLAG_FAST accepted: frameCount=4096 mFrameCount=240
V/AudioFlinger(  270): sharedBuffer: 0xb09a7000, size: 8192
V/AudioFlinger(  270): Track constructor name 4098, calling pid 27277
V/AudioFlinger(  270): sendPrioConfigEvent_l() num events 1 pid 27277, tid 1005 prio 2
V/AudioFlinger(  270): thread 0xb2265008 type 0 TID 1145 waking up
V/AudioFlinger(  270): acquireWakeLock_l() AudioOut_3 status 0
V/AudioFlinger(  270): processConfigEvents() remaining events 1
V/AudioFlinger(  270): acquireWakeLock_l() AudioOut_3 status 0
V/AudioTrack(27277): AUDIO_OUTPUT_FLAG_FAST successful; frameCount 4096
V/AudioFlinger(  270): acquiring 12761 from 27277
V/AudioFlinger(  270):  added new entry for 12761
V/SoundPool(27277): setVolume 0x4e9f6080
V/AudioFlinger(  270): start(4098), calling pid 27277 session 12761
V/AudioFlinger(  270): ? => ACTIVE (4098) on thread 0xb7d522e8
V/AudioPolicyService(  270): startOutput()
V/AudioPolicyManagerBase(  270): startOutput() output primary->(low_latency)(3), stream 1, session 12761
V/AudioPolicyManagerBase(  270): changeRefCount() stream 1, count 1
V/AudioPolicyManager(  270): getNewDevice() selected device 2
V/AudioPolicyManagerBase(  270): setOutputDevice() output 3 device 0002 delayMs 0
V/AudioPolicyManagerBase(  270): setOutputDevice() prevDevice 0002
V/AudioPolicyManagerBase(  270): setOutputDevice() setting same device 0002 or null device for output 3
V/AudioPolicyManager(  270): checkAndSetVolume: index 2 output 3 device 2
D/AudioPolicyManagerBase(  270): computeVolume()...volume 0.033885, output 3, stream 1, index 2, device 2
V/AudioFlinger(  270): signal playback thread
V/SoundPool(27277): delete oldTrack 0x4ee17848
V/AudioFlinger(  270): releasing 12716 from 27277
V/AudioFlinger(  270):  decremented refcount to 0
V/AudioFlinger(  270): purging stale effects
V/AudioFlinger(  270): remove track (4101) and delete from mixer
V/AudioPolicyService(  270): releaseOutput()
V/AudioPolicyService(  270): inserting command: 6 at index 0, num commands 0
V/AudioPolicyService(  270): AudioCommandThread() adding release output 3
V/AudioPolicyService(  270): AudioCommandThread() waking up
V/AudioPolicyService(  270): AudioCommandThread() processing release output 3
V/AudioPolicyService(  270): doReleaseOutput from tid 918
V/AudioPolicyManagerBase(  270): releaseOutput() 3
V/AudioPolicyService(  270): AudioCommandThread() going to sleep
V/AudioFlinger(  270): acquireWakeLock_l() AudioOut_3 status 0
V/AudioFlinger(  270): PlaybackThread::Track destructor
V/audio_hw_primary(  270): start_output_stream: enter: usecase(1: low-latency-playback) devices(0x2)
V/audio_hw_primary(  270): setup24BitPlayback
W/audio_hw_primary(  270): setup24BitPlayback: Format is not 24 bit
V/audio_hw_primary(  270): select_devices: enter playback and rx_mute is (-10) 10:rx_mute enable, -10 disable
V/msm8974_platform(  270): platform_get_output_snd_device: enter: output devices(0x2)
V/msm8974_platform(  270): platform_get_output_snd_device: exit: out_snd_device(speaker)
V/msm8974_platform_lge(  270): platform_lge_get_output_snd_device: enter
V/msm8974_platform_lge(  270): platform_lge_get_output_snd_device: output case  9
V/msm8974_platform_lge(  270): platform_lge_get_output_snd_device: exit: output device is checked in platform.c 
D/audio_hw_primary(  270): select_devices: out_snd_device(2: speaker) in_snd_device(0: )
V/msm8974_platform(  270): platform_check_force_routing: id = 1
V/msm8974_platform(  270): platform_check_force_routing: not offload
D/msm8974_platform(  270): platform_check_force_routing: force route: 0
D/hardware_info(  270): hw_info_append_hw_type : device_name = speaker
V/audio_hw_primary(  270): enable_snd_device: snd_device(2: speaker)
V/msm8974_platform(  270): platform_send_audio_calibration: sending audio calibration for snd_device(2) acdb_id(14)
D/ACDB-LOADER(  270): ACDB -> send_audio_cal, acdb_id = 14, path =  0
D/ACDB-LOADER(  270): ACDB -> send_adm_topology
D/ACDB-LOADER(  270): ACDB -> ACDB_CMD_GET_AUDPROC_COMMON_TOPOLOGY_ID
D/ACDB-LOADER(  270): ACDB -> send_audtable
D/ACDB-LOADER(  270): ACDB -> ACDB_CMD_GET_AUDPROC_COMMON_TABLE
D/ACDB-LOADER(  270): ACDB -> AUDIO_SET_AUDPROC_CAL
D/ACDB-LOADER(  270): ACDB -> send_audvoltable
D/ACDB-LOADER(  270): ACDB -> ACDB_CMD_GET_AUDPROC_GAIN_DEP_STEP_TABLE
D/ACDB-LOADER(  270): ACDB -> AUDIO_SET_AUDPROC_VOL_CAL
D/ACDB-LOADER(  270): ACDB -> AUDIO_SET_AFE_CAL
V/audio_hw_primary(  270): enable_audio_route: enter: usecase(1)
V/msm8974_platform_lge(  270): platform_lge_add_backend_name: enter: 
V/audio_hw_primary(  270): enable_audio_route: apply mixer path: low-latency-playback
V/audio_hw_primary(  270): enable_audio_route: exit
V/audio_hw_primary(  270): start_output_stream: Opening PCM device card_id(0) device_id(15)
I/Vold    (  261): [LGE][VOLD][NetlinkHandler.cpp][onEvent()] subsys:cpu, action:0
I/Vold    (  261): [LGE][VOLD][NetlinkHandler.cpp][onEvent()] subsys:cpu, action:0
I/Vold    (  261): [LGE][VOLD][NetlinkHandler.cpp][onEvent()] subsys:cpu, action:0
V/audio_hw_primary(  270): start_output_stream: exit
I/ViewRootImpl(27277): ViewRoot's Touch Event : ACTION_UP
D/BubblePopupHelper(32458): isShowingBubblePopup : false
D/BubblePopupHelper(32458): isShowingBubblePopup : false
D/wpa_supplicant(17274): RX ctrl_iface - hexdump(len=11): 53 49 47 4e 41 4c 5f 50 4f 4c 4c
D/wpa_supplicant(17274): wlan0: Control interface command 'SIGNAL_POLL'
D/wpa_supplicant(17274): nl80211: survey data missing!
V/AudioFlinger(  270): presentationComplete() mPresentationCompleteFrames 0 framesWritten 5760
V/AudioFlinger(  270): presentationComplete() reset: mPresentationCompleteFrames 6240 audioHalFrames 480
V/AudioFlinger(  270): presentationComplete() mPresentationCompleteFrames 6240 framesWritten 6720
V/AudioFlinger(  270): presentationComplete() session 12761 complete: framesWritten 6720
V/AudioFlinger(  270): removeTracks_l removing track on session 12761
V/AudioFlinger(  270): acquireWakeLock_l() AudioOut_3 status 0
V/AudioPolicyService(  270): stopOutput()
V/AudioPolicyService(  270): inserting command: 5 at index 0, num commands 0
V/AudioPolicyService(  270): AudioCommandThread() adding stop output 3
V/AudioPolicyService(  270): AudioCommandThread() waking up
V/AudioPolicyService(  270): AudioCommandThread() processing stop output 3
V/AudioPolicyService(  270): doStopOutput from tid 918
V/AudioPolicyManagerBase(  270): stopOutput() output 3, stream 1, session 12761
V/AudioPolicyManagerBase(  270): changeRefCount() stream 1, count 0
V/AudioPolicyManager(  270): getNewDevice() selected device 0
V/AudioPolicyManagerBase(  270): setOutputDevice() output 3 device 0000 delayMs 100
V/AudioPolicyManagerBase(  270): setOutputDevice() prevDevice 0002
V/AudioPolicyManagerBase(  270): setOutputDevice() setting same device 0000 or null device for output 3
V/AudioPolicyService(  270): AudioCommandThread() going to sleep
I/Vold    (  261): [LGE][VOLD][NetlinkHandler.cpp][onEvent()] subsys:cpu, action:0
I/Vold    (  261): [LGE][VOLD][NetlinkHandler.cpp][onEvent()] subsys:cpu, action:0
I/Vold    (  261): [LGE][VOLD][NetlinkHandler.cpp][onEvent()] subsys:cpu, action:0
I/Vold    (  261): [LGE][VOLD][NetlinkHandler.cpp][onEvent()] subsys:power_supply, action:3
E/BatteryObserver( 5230): usb Uevent not necessary.
I/Vold    (  261): [LGE][VOLD][NetlinkHandler.cpp][onEvent()] subsys:power_supply, action:3
I/[SystemUI]LGPowerUI( 5182): onReceive = com.lge.android.intent.action.BATTERYEX
D/KeyguardUpdateMonitor( 5182): received broadcast android.intent.action.BATTERY_CHANGED
I/[SystemUI]LGPowerUI( 5182): onReceive = android.intent.action.BATTERY_CHANGED
I/[SystemUI]LGPowerUI( 5182): android.intent.action.BATTERY_CHANGEDlevel=62, temperature=351, plugged=true, isCharging=true
