V/AudioPolicyService(  270): AudioCommandThread() going to sleep
V/AudioFlinger(  270): PlaybackThread::Track destructor
V/AudioFlinger(  270): acquireWakeLock_l() AudioOut_3 status 0
V/audio_hw_primary(  270): start_output_stream: enter: usecase(1: low-latency-playback) devices(0x2)
V/audio_hw_primary(  270): setup24BitPlayback
W/audio_hw_primary(  270): setup24BitPlayback: Format is not 24 bit
V/audio_hw_primary(  270): select_devices: enter playback and rx_mute is (-10) 10:rx_mute enable, -10 disable
V/msm8974_platform(  270): platform_get_output_snd_device: enter: output devices(0x2)
V/msm8974_platform(  270): platform_get_output_snd_device: exit: out_snd_device(speaker)
V/msm8974_platform_lge(  270): platform_lge_get_output_snd_device: enter
V/msm8974_platform_lge(  270): platform_lge_get_output_snd_device: output case  9
V/msm8974_platform_lge(  270): platform_lge_get_output_snd_device: exit: output device is checked in platform.c 
D/audio_hw_primary(  270): select_devices: out_snd_device(2: speaker) in_snd_device(0: )
V/msm8974_platform(  270): platform_check_force_routing: id = 1
V/msm8974_platform(  270): platform_check_force_routing: not offload
D/msm8974_platform(  270): platform_check_force_routing: force route: 0
D/hardware_info(  270): hw_info_append_hw_type : device_name = speaker
V/audio_hw_primary(  270): enable_snd_device: snd_device(2: speaker)
V/msm8974_platform(  270): platform_send_audio_calibration: sending audio calibration for snd_device(2) acdb_id(14)
D/ACDB-LOADER(  270): ACDB -> send_audio_cal, acdb_id = 14, path =  0
D/ACDB-LOADER(  270): ACDB -> send_adm_topology
D/ACDB-LOADER(  270): ACDB -> ACDB_CMD_GET_AUDPROC_COMMON_TOPOLOGY_ID
D/ACDB-LOADER(  270): ACDB -> send_audtable
D/ACDB-LOADER(  270): ACDB -> ACDB_CMD_GET_AUDPROC_COMMON_TABLE
D/ACDB-LOADER(  270): ACDB -> AUDIO_SET_AUDPROC_CAL
D/ACDB-LOADER(  270): ACDB -> send_audvoltable
D/ACDB-LOADER(  270): ACDB -> ACDB_CMD_GET_AUDPROC_GAIN_DEP_STEP_TABLE
D/ACDB-LOADER(  270): ACDB -> AUDIO_SET_AUDPROC_VOL_CAL
D/ACDB-LOADER(  270): ACDB -> AUDIO_SET_AFE_CAL
V/audio_hw_primary(  270): enable_audio_route: enter: usecase(1)
V/msm8974_platform_lge(  270): platform_lge_add_backend_name: enter: 
V/audio_hw_primary(  270): enable_audio_route: apply mixer path: low-latency-playback
V/audio_hw_primary(  270): enable_audio_route: exit
V/audio_hw_primary(  270): start_output_stream: Opening PCM device card_id(0) device_id(15)
V/audio_hw_primary(  270): start_output_stream: exit
I/Vold    (  261): [LGE][VOLD][NetlinkHandler.cpp][onEvent()] subsys:cpu, action:0
I/Vold    (  261): [LGE][VOLD][NetlinkHandler.cpp][onEvent()] subsys:cpu, action:0
I/Gmail   ( 1320): MainSyncRequestProto: lowestBkwdConvoId: 0, highestHandledServerOp: 304045, normalSync: true
I/Gmail   ( 1320): lowestBackward conversation id 0
V/AudioFlinger(  270): presentationComplete() mPresentationCompleteFrames 0 framesWritten 3840
V/AudioFlinger(  270): presentationComplete() reset: mPresentationCompleteFrames 4320 audioHalFrames 480
I/Gmail   ( 1320): notifyAccountChanged
I/Gmail   ( 1320): getAccountsCursor
V/AudioFlinger(  270): presentationComplete() mPresentationCompleteFrames 4320 framesWritten 4800
V/AudioFlinger(  270): presentationComplete() session 12771 complete: framesWritten 4800
V/AudioFlinger(  270): removeTracks_l removing track on session 12771
V/AudioFlinger(  270): acquireWakeLock_l() AudioOut_3 status 0
V/AudioPolicyService(  270): stopOutput()
V/AudioPolicyService(  270): inserting command: 5 at index 0, num commands 0
V/AudioPolicyService(  270): AudioCommandThread() adding stop output 3
V/AudioPolicyService(  270): AudioCommandThread() waking up
V/AudioPolicyService(  270): AudioCommandThread() processing stop output 3
V/AudioPolicyService(  270): doStopOutput from tid 918
V/AudioPolicyManagerBase(  270): stopOutput() output 3, stream 1, session 12771
V/AudioPolicyManagerBase(  270): changeRefCount() stream 1, count 0
V/AudioPolicyManager(  270): getNewDevice() selected device 0
V/AudioPolicyManagerBase(  270): setOutputDevice() output 3 device 0000 delayMs 100
V/AudioPolicyManagerBase(  270): setOutputDevice() prevDevice 0002
V/AudioPolicyManagerBase(  270): setOutputDevice() setting same device 0000 or null device for output 3
V/AudioPolicyService(  270): AudioCommandThread() going to sleep
I/Gmail   ( 1320): Sending provider changed intent: Intent { act=android.intent.action.PROVIDER_CHANGED dat=content://gmail-ls/unread/^sq_ig_i_personal (has extras) }
I/Gmail   ( 1320): notifyAccountChanged
W/Gmail   ( 1320): Sync complete for account: account:-668477506
I/Gmail   ( 1320): getAccountsCursor
I/NotifUtils( 1320): Validating Notification, mapSize: 1 getAttention: true ignoreUnobtrusive: true
I/hsmodel (25588): mAccountSyncPreference : true
I/hsmodel (25588): mAccountSyncPreference : true
I/hsmodel (25588): mAccountSyncPreference : true
I/hsmodel (25588): mAccountSyncPreference : true
I/hsmodel (25588): mAccountSyncPreference : true
I/hsmodel (25588): mAccountSyncPreference : true
I/hsmodel (25588): mAccountSyncPreference : true
I/hsmodel (25588): mAccountSyncPreference : true
I/NotifUtils( 1320): Showing notification with unreadCount of 1950 and unseenCount of 1
I/Vold    (  261): [LGE][VOLD][NetlinkHandler.cpp][onEvent()] subsys:power_supply, action:3
E/BatteryObserver( 5230): usb Uevent not necessary.
I/[SystemUI]LGPowerUI( 5182): onReceive = com.lge.android.intent.action.BATTERYEX
D/KeyguardUpdateMonitor( 5182): received broadcast android.intent.action.BATTERY_CHANGED
D/KeyguardUpdateMonitor( 5182): handleBatteryUpdate (2) (62)
I/Vold    (  261): [LGE][VOLD][NetlinkHandler.cpp][onEvent()] subsys:power_supply, action:3
I/[SystemUI]LGPowerUI( 5182): onReceive = android.intent.action.BATTERY_CHANGED
I/[SystemUI]LGPowerUI( 5182): android.intent.action.BATTERY_CHANGEDlevel=62, temperature=355, plugged=true, isCharging=true
I/[SystemUI]LGPowerUI( 5182): StopCharging degree: 550
I/[SystemUI]StatusBar.BatteryController( 5182): level = 62 status = 2 mIsPlugged = true isCharging = true isFullCharged = false mPlugType = 2 mIsSmartCharging = false
D/TangibleManager( 5462): [TangibleIO] TangibleIntentReceiver onReceive intent = Intent { act=android.intent.action.BATTERY_CHANGED flg=0x60000010 (has extras) }
D/HeadsetTangibleController( 5462): [TangibleIO] HeadsetTangibleController onAction action = android.intent.action.BATTERY_CHANGED
W/Settings( 1089): Setting stay_on_while_plugged_in has moved from android.provider.Settings.System to android.provider.Settings.Global, returning read-only value.
W/Settings( 1089): Setting wifi_sleep_policy has moved from android.provider.Settings.System to android.provider.Settings.Global, returning read-only value.
D/OtgUmsTangibleController( 5462): [TangibleIO] OtgUmsTangibleController onAction action = android.intent.action.BATTERY_CHANGED
D/UsbTangibleController( 5462): [TangibleIO] UsbTangibleController action = android.intent.action.BATTERY_CHANGED
D/KeyguardUpdateMonitor( 5182): received broadcast android.intent.action.BATTERY_CHANGED
I/[SystemUI]LGPowerUI( 5182): onReceive = android.intent.action.BATTERY_CHANGED
I/[SystemUI]LGPowerUI( 5182): android.intent.action.BATTERY_CHANGEDlevel=62, temperature=354, plugged=true, isCharging=true
D/TangibleManager( 5462): [TangibleIO] TangibleIntentReceiver onReceive intent = Intent { act=android.intent.action.BATTERY_CHANGED flg=0x60000010 (has extras) }
W/Settings( 1089): Setting stay_on_while_plugged_in has moved from android.provider.Settings.System to android.provider.Settings.Global, returning read-only value.
D/HeadsetTangibleController( 5462): [TangibleIO] HeadsetTangibleController onAction action = android.intent.action.BATTERY_CHANGED
D/OtgUmsTangibleController( 5462): [TangibleIO] OtgUmsTangibleController onAction action = android.intent.action.BATTERY_CHANGED
D/UsbTangibleController( 5462): [TangibleIO] UsbTangibleController action = android.intent.action.BATTERY_CHANGED
W/Settings( 1089): Setting wifi_sleep_policy has moved from android.provider.Settings.System to android.provider.Settings.Global, returning read-only value.
I/[SystemUI]LGPowerUI( 5182): StopCharging degree: 550
D/KeyguardUpdateMonitor( 5182): handleBatteryUpdate (2) (62)
I/[SystemUI]StatusBar.BatteryController( 5182): level = 62 status = 2 mIsPlugged = true isCharging = true isFullCharged = false mPlugType = 2 mIsSmartCharging = false
I/NotifUtils( 1320): Account: -668477506 vibrate: false
I/NotifUtils( 1320): New email in -668477506 vibrateWhen: false, playing notification: content://settings/system/notification_sound
D/lightsbindercall( 1089): calling ... updateLightList
E/lightsbindercall( 1089): virtual void android::BpEmotionalLedManager::updateLightList(int32_t, int32_t, int, int32_t, int32_t, int32_t, const android::String16&) : Binder Transaction Start!!
E/lightsbindercall( 1089): virtual void android::BpEmotionalLedManager::updateLightList(int32_t, int32_t, int, int32_t, int32_t, int32_t, const android::String16&) : Binder Transaction End!! (error code 0)
V/MediaPlayer[Native]( 5182): constructor
D/NotificationService( 1089): updateLightListLocked :r=null, action=2
D/NotificationService( 1089): updateLightListLocked :r=NotificationRecord(0x666f6ae0: pkg=com.google.android.gm user=UserHandle{0} id=-110848199 tag=null score=0: Notification(pri=0 contentView=com.google.android.gm/0x1090064 vibrate=null sound=content://settings/system/notification_sound defaults=0x4 flags=0x11 kind=[null] 2 actions)), action=3
D/NotificationService( 1089): notification=Notification(pri=0 contentView=com.google.android.gm/0x1090064 vibrate=null sound=content://settings/system/notification_sound defaults=0x4 flags=0x11 kind=[null] 2 actions)
D/EmotionalLed( 5230): updateLightListInternal: action=3 pkg=com.google.android.gm
V/AudioFlinger(  270): acquiring 12772 from 5182
V/AudioFlinger(  270):  added new entry for 12772
D/MediaPlayer[Native]( 5182): calling notify_player_state: 1
V/MediaPlayer[Native]( 5182): setListener
E/ExtMediaPlayer-JNI( 5182): QCMediaPlayer could not be located....
E/MediaPlayer-JNI( 5182): QCMediaPlayer mediaplayer NOT present
V/MediaPlayer[Native]( 5182): MediaPlayer::setAudioStreamType
W/RingtoneManagerEx( 5182): getActualDefaultRingtoneUri type is 2 uriString iscontent://media/internal/audio/media/29
D/LgeQuickCoverNLService( 5182): onNotificationPosted
D/RingtonePlayer( 5182): Notification uri : content://settings/system/notification_sound, scheme : content, path :/system/media/audio/notifications/Crystal.ogg
W/RingtoneManagerEx( 1089): getActualDefaultRingtoneUri type is 2 uriString iscontent://media/internal/audio/media/29
V/MediaPlayer[Native]( 5182): setDataSource(125, 0, 576460752303423487)
V/MediaPlayerService(  270): Client(9986) constructor
V/MediaPlayerService(  270): Create new client(9986) from pid 5182, uid 10029, 
V/MediaPlayerService(  270): setDataSource fd=41, offset=0, length=576460752303423487
V/MediaPlayerService(  270): st_dev  = 66306
V/MediaPlayerService(  270): st_mode = 33188
V/MediaPlayerService(  270): st_uid  = 0
V/MediaPlayerService(  270): st_gid  = 0
V/MediaPlayerService(  270): st_size = 31095
V/MediaPlayerService(  270): calculated length = 31095
W/BrunchPlayerTypeImpl(  270): [SelectPlayer] LocalType
W/BrunchPlayerTypeImpl(  270): [getMediaType] EXTEND_MEDIA_MIMETYPE = application/ogg
W/BrunchPlayerTypeImpl(  270): [FindUsePlayer] type = [application/ogg]
D/KeyguardModel( 5182): mReceiver, received action: com.lge.intent.action.NLDataPosted, sendingUserId:0
W/BrunchPlayerTypeImpl(  270): [FindUsePlayer] componentName = [9101]
V/BrunchPlayerTypeImpl(  270): [assignedPlayer] buf = 9101
W/MediaPlayerFactory(  270): [getPlayerType:fd] nType = 3
V/MediaPlayerService(  270): player type = 3
V/AwesomePlayer(  270): AwesomePlayer create()
V/AwesomePlayer(  270): reset_l() 
V/AwesomePlayer(  270): cancelPlayerEvents
V/AwesomePlayer(  270): AwesomePlayer running on behalf of uid 10029
V/AudioSink(  270): AudioOutput(12772)
V/AwesomePlayer(  270): setAudioSink() 
D/AwesomePlayer(  270): Before reset_l
V/AwesomePlayer(  270): reset_l() 
V/AwesomePlayer(  270): notifyListener_l()--> sendEvent
V/MediaPlayerService(  270): [9986] notify (0xb7d5abe0, 8, 0, 0)
V/MediaPlayer[Native]( 5182): message received msg=8, ext1=0, ext2=0
V/AwesomePlayer(  270): cancelPlayerEvents
V/MediaPlayer[Native]( 5182): notify(8, 0, 0) callback on disconnected mediaplayer
D/Utils   (  270): printFilenameFromFD(42) -> /system/media/audio/notifications/Crystal.ogg
V/AwesomePlayer(  270): setDataSource_l dataSource
V/MediaExtractor(  270):  MediaExtractor create
V/LgeMediaDetector(  270): GetMediaType start
V/LgeMediaDetector(  270): GetMainType start
V/LgeMediaDetector(  270): GetSubType start
V/LgeMediaDetector(  270): GetOGGSubType start
V/LgeMediaDetector(  270): GetOGGSubType end
V/LgeMediaDetector(  270): GetSubType end
V/LgeMediaDetector(  270): Pre GetMediaType [nMain:327680][nSub:327680]
V/LgeMediaDetector(  270): GetMediaType [nMain:5][nSub:0]
V/LgeMediaDetector(  270): GetMediaType end
V/MediaExtractor(  270): Autodetected media content as 'application/ogg' with confidence 0.20
D/KeyguardModel( 5182): [native noti] MSG_NOTIFICATION_UPDATED received
D/KeyguardModel( 5182): [native noti] handleFolioNotificationPosted(true)
E/MediaExtractorHelper(  270): LG-CodeParser Version: LG_CodecParser_R1.0.0.36
E/MediaExtractorHelper(  270): SupportCodecEx : 208
E/MediaExtractorHelper(  270): #### Audio mime audio/vorbis 
E/MediaExtractorHelper(  270): #### componentName = OMX.google.vorbis.decoder
W/BrunchUsedCodecImpl(  270): [isUsedCodec] Used codec!!!!! = audio/vorbis
V/AwesomePlayer(  270): setDataSource_l() extractor countTracks=1
V/AwesomePlayer(  270): track of type 'audio/vorbis' does not publish bitrate
V/AwesomePlayer(  270): mBitrate = -1 bits/sec
V/AwesomePlayer(  270): setAudioSource() 
V/MediaPlayerService(  270):  setDataSource
V/AwesomePlayer(  270): awesomeP getParameter LGE_MEDIAPLAYER_KEYPARAM_DIVX_DIVX_DRM_FILE, m_isDivXDRM = 0
V/AudioCache(  270): [disable3rdPartyPlayback]isDivxDrm : 0x00000000 
D/MediaPlayer[Native]( 5182): calling notify_player_state: 2
V/MediaPlayer[Native]( 5182): MediaPlayer::setLooping
V/MediaPlayerService(  270): [9986] setLooping(0)
V/AwesomePlayer(  270): setLooping() 
V/MediaPlayer[Native]( 5182): setVideoSurfaceTexture
V/MediaPlayerService(  270): [9986] setVideoSurfaceTexture(0x0)
V/MediaPlayer[Native]( 5182): prepare
V/MediaPlayerService(  270): [9986] setAudioStreamType(5)
D/MediaPlayer[Native]( 5182): calling notify_player_state: 4
V/MediaPlayerService(  270): [9986] prepareAsync
V/AwesomePlayer(  270): prepareAsync_l() 
V/AwesomePlayer(  270): onPrepareAsyncEvent() 
V/AwesomePlayer(  270): initAudioDecoder() 
W/Utils   (  270): canOffloadStream: No Sample Bit info in meta data
V/AudioSystem(  270): isOffloadSupported()
V/AudioPolicyManagerBase(  270): isOffloadSupported: SR=44100, CM=0x3, Format=0x7000000, StreamType=5, BitRate=4294967295, duration=1277528 us, has_video=0
V/AudioPolicyManagerBase(  270): isOffloadSupported: stream_type != MUSIC, returning false
V/AwesomePlayer(  270): getUseOffload() = 0 
I/AudioFlinger(  270): isAudioPlaybackHookOn() false
V/OMXCodec(  270): OMXCodec::Create
V/OMXCodec(  270): findMatchingCodecs()
W/BrunchUsedCodecImpl(  270): [isUsedCodec] Used codec!!!!! = audio/vorbis
W/OMXCodec(  270): matchComponentName (null), componentName OMX.google.vorbis.decoder
V/OMXCodec(  270): matchComponentName (null) 
V/OMXCodec(  270): matching 'OMX.google.vorbis.decoder' quirks 0x00000000
V/OMXCodec(  270): Attempting to allocate OMX node 'OMX.google.vorbis.decoder'
V/OMXCodec(  270): Successfully allocated OMX node 'OMX.google.vorbis.decoder'
V/OMXCodec(  270): OMXCodec Createtor
V/OMXCodec(  270): configureCodec protected=0
V/OMXCodec(  270): initOutputFormat()
V/OMXCodec(  270): Codec outputs a different number of channels than the input stream contains (contains 2 channels, codec outputs 1 channels).
V/AwesomePlayer(  270): mAudioSource->start Call 
V/AwesomePlayer(  270): createAudioPlayer: MEDIA_MIMETYPE_AUDIO_RAW mOffloadAudio 0 
V/OMXCodec(  270): [OMX.google.vorbis.decoder] OMXCodec::start 
V/OMXCodec(  270): init()
V/OMXCodec(  270): [OMX.google.vorbis.decoder] allocating 4 buffers of size 8192 on input port
V/OMXCodec(  270): [OMX.google.vorbis.decoder] allocated buffer 0xb7e21fb0 on input port
V/OMXCodec(  270): [OMX.google.vorbis.decoder] allocated buffer 0xb7aee520 on input port
V/OMXCodec(  270): [OMX.google.vorbis.decoder] allocated buffer 0xb7eb0748 on input port
V/OMXCodec(  270): [OMX.google.vorbis.decoder] allocated buffer 0xb7d52590 on input port
V/OMXCodec(  270): [OMX.google.vorbis.decoder] allocating 4 buffers of size 32768 on output port
V/OMXCodec(  270): [OMX.google.vorbis.decoder] allocated buffer 0xb7d5a9c8 on output port
V/OMXCodec(  270): [OMX.google.vorbis.decoder] allocated buffer 0xb7d59d28 on output port
V/OMXCodec(  270): [OMX.google.vorbis.decoder] allocated buffer 0xb7df8958 on output port
V/OMXCodec(  270): [OMX.google.vorbis.decoder] allocated buffer 0xb7d41158 on output port
V/OMXCodec(  270): [OMX.google.vorbis.decoder] onStateChange 2
V/OMXCodec(  270): [OMX.google.vorbis.decoder] Now Idle.
V/OMXCodec(  270): [OMX.google.vorbis.decoder] onStateChange 3
V/OMXCodec(  270): [OMX.google.vorbis.decoder] Now Executing.
V/AwesomePlayer(  270): AudioDecoder component=OMX.google.vorbis.decoder
V/AwesomePlayer(  270): finishAsyncPrepare_l() 
V/AwesomePlayer(  270): notifyListener_l()--> sendEvent
V/MediaPlayerService(  270): [9986] notify (0xb7d5abe0, 5, 0, 0)
V/MediaPlayer[Native]( 5182): message received msg=5, ext1=0, ext2=0
V/MediaPlayer[Native]( 5182): New video size 0 x 0
V/MediaPlayer[Native]( 5182): callback application
V/MediaPlayer[Native]( 5182): back from callback
V/AwesomePlayer(  270): notifyListener_l()--> sendEvent
V/MediaPlayerService(  270): [9986] notify (0xb7d5abe0, 1, 0, 0)
V/MediaPlayer[Native]( 5182): message received msg=1, ext1=0, ext2=0
V/MediaPlayer[Native]( 5182): prepared
D/MediaPlayer[Native]( 5182): calling notify_player_state: 8
V/MediaPlayer[Native]( 5182): signal application thread
V/MediaPlayer[Native]( 5182): callback application
V/MediaPlayer[Native]( 5182): back from callback
V/MediaPlayer[Native]( 5182): prepare complete - status=0
I/MediaFocusControl( 1089):  AudioFocus  requestAudioFocus() from android.media.AudioManagerEx@668b0718
V/MediaPlayer[Native]( 5182): start
V/KeyguardUpdateMonitor( 5182): handleSetGenerationId(g=2701, clear=true)
V/MediaPlayerService(  270): [9986] setLooping(0)
V/AwesomePlayer(  270): setLooping() 
V/MediaPlayerService(  270): [9986] setVolume(1.000000, 1.000000)
V/AudioSink(  270): setVolume(1.000000, 1.000000)
V/MediaPlayerService(  270): [9986] setAuxEffectSendLevel(0.000000)
V/AudioSink(  270): setAuxEffectSendLevel(0.000000)
D/MediaPlayer[Native]( 5182): calling notify_player_state: 16
V/MediaPlayerService(  270): [9986] start
V/AwesomePlayer(  270): setLooping() 
V/AwesomePlayer(  270): play_l() 
V/AwesomePlayer(  270): play_l m_isDivXDRM=0, bpurchasefile:0
V/AwesomePlayer(  270): seekAudioIfNecessary_l() 
V/AwesomePlayer(  270): startAudioPlayer_l() 
V/OMXCodec(  270): [OMX.google.vorbis.decoder] calling emptyBuffer with codec specific data
V/OMXCodec(  270): [OMX.google.vorbis.decoder] calling emptyBuffer with codec specific data
V/OMXCodec(  270): [OMX.google.vorbis.decoder] OMX_EventPortSettingsChanged(port=1, data2=0x00000000)
V/OMXCodec(  270): [OMX.google.vorbis.decoder] PORT_SETTINGS_CHANGED(1)
V/OMXCodec(  270): [OMX.google.vorbis.decoder] sending OMX_CommandPortDisable(1)
V/OMXCodec(  270): [OMX.google.vorbis.decoder] Port is disabled, freeing buffer 0xb7d5a9c8
V/OMXCodec(  270): [OMX.google.vorbis.decoder] Port is disabled, freeing buffer 0xb7d59d28
V/OMXCodec(  270): [OMX.google.vorbis.decoder] Port is disabled, freeing buffer 0xb7df8958
V/OMXCodec(  270): [OMX.google.vorbis.decoder] Port is disabled, freeing buffer 0xb7d41158
V/OMXCodec(  270): [OMX.google.vorbis.decoder] PORT_DISABLED(1)
V/OMXCodec(  270): initOutputFormat()
V/OMXCodec(  270): [OMX.google.vorbis.decoder] reconfig handling, formatHasNotablyChanged
V/OMXCodec(  270): [OMX.google.vorbis.decoder] sending OMX_CommandPortEnable(1)
V/OMXCodec(  270): [OMX.google.vorbis.decoder] allocating 4 buffers of size 32768 on output port
V/OMXCodec(  270): [OMX.google.vorbis.decoder] allocated buffer 0xb7ddff20 on output port
V/OMXCodec(  270): [OMX.google.vorbis.decoder] allocated buffer 0xb7d41140 on output port
V/OMXCodec(  270): [OMX.google.vorbis.decoder] allocated buffer 0xb7de8f30 on output port
V/OMXCodec(  270): [OMX.google.vorbis.decoder] allocated buffer 0xb7d4d578 on output port
V/OMXCodec(  270): [OMX.google.vorbis.decoder] PORT_ENABLED(1)
V/AudioSink(  270): open(44100, 2, 0x0, 0x1, 4, 12772 0x0)
V/AudioPolicyService(  270): getOutput()
V/AudioPolicyManagerBase(  270): getOutput() device 2, stream 5, samplingRate 0, format 0, channelMask 3, flags 0
V/AudioPolicyManagerBase(  270): getOutput() returns output 2
V/AudioSystem(  270): getFrameCount() streamType 5, output 2, frameCount 960
V/AudioPolicyService(  270): getOutput()
V/AudioPolicyManagerBase(  270): getOutput() device 2, stream 5, samplingRate 0, format 0, channelMask 3, flags 0
V/AudioPolicyManagerBase(  270): getOutput() returns output 2
V/AudioSystem(  270): getOutputSamplingRate() reading from output desc
V/AudioSystem(  270): getSamplingRate() streamType 5, output 2, sampling rate 48000
V/AudioSink(  270): no track available to recycle
V/AudioSink(  270): creating new AudioTrack
V/AudioTrack(  270): sampleRate 44100, channelMask 0x3, format 1
V/AudioTrack(  270): streamType 5
V/AudioTrack(  270): set() streamType 5, sampleRate 44100, format 1, frameCount 3528, flags 0000
V/AudioPolicyService(  270): checkPlayCondition() streamType = 5
V/AudioPolicyManagerBase(  270): checkPlayCondition() stream = 5, bResult = 1
V/AudioPolicyService(  270): getOutput()
V/AudioPolicyManagerBase(  270): getOutput() device 2, stream 5, samplingRate 44100, format 1, channelMask 3, flags 0
V/AudioPolicyManagerBase(  270): getOutput() returns output 2
V/AudioSystem(  270): getLatency() streamType 5, output 2, latency 160
V/AudioSystem(  270): getFrameCount() streamType 5, output 2, frameCount 960
V/AudioSystem(  270): getOutputSamplingRate() reading from output desc
V/AudioSystem(  270): getSamplingRate() streamType 5, output 2, sampling rate 48000
V/AudioTrack(  270): createTrack_l() output 2 afLatency 160
V/AudioTrack(  270): afFrameCount=960, minBufCount=8, afSampleRate=48000, afLatency=160
V/AudioTrack(  270): minFrameCount: 7056, afFrameCount=960, minBufCount=8, sampleRate=44100, afSampleRate=48000, afLatency=160
V/AudioTrack(  270): Minimum buffer size corrected from 3528 to 7056
D/AudioTrack(  270): createTrack mNotificationFramesAct corrected to 1176
V/AudioFlinger(  270): createTrack() sessionId: 12772
V/AudioFlinger(  270): [MABL] createTrack() mPlaybackThreads.size: 2, MABLEn:0, MABLCur:31
V/AudioFlinger(  270): [MABL_AudioFlinger] PlaybackThread::setMABLEnable(), enable = 0 
V/AudioFlinger(  270): [MABL_AudioFlinger] PlaybackThread::setMABLControl(), curLvl = 31 
V/AudioFlinger(  270): [MABL] createTrack() mPlaybackThreads.size: 2, MABLEn:0, MABLCur:31
V/AudioFlinger(  270): [MABL_AudioFlinger] PlaybackThread::setMABLEnable(), enable = 0 
V/AudioFlinger(  270): [MABL_AudioFlinger] PlaybackThread::setMABLControl(), curLvl = 31 
V/AudioFlinger(  270): createTrack() lSessionId: 12772
V/AudioFlinger(  270): Track constructor name 4097, calling pid 5182
V/AudioFlinger(  270): acquiring 12772 from 5182
V/AudioFlinger(  270):  incremented refcount to 2
V/AudioSink(  270): deleteRecycledTrack
V/AudioSink(  270): setVolume
V/AudioPolicyService(  270): getOutput()
V/AudioPolicyManagerBase(  270): getOutput() device 2, stream 5, samplingRate 0, format 0, channelMask 3, flags 0
V/AudioPolicyManagerBase(  270): getOutput() returns output 2
V/AudioSystem(  270): getOutputSamplingRate() reading from output desc
V/AudioSystem(  270): getSamplingRate() streamType 5, output 2, sampling rate 48000
V/AudioSink(  270): open() DONE status 0
V/AudioSink(  270): start
V/AudioFlinger(  270): start(4097), calling pid 5182 session 12772
V/AudioFlinger(  270): ? => ACTIVE (4097) on thread 0xb7add460
V/AudioPolicyService(  270): startOutput()
V/AudioPolicyManagerBase(  270): startOutput() output primary->(primary)(2), stream 5, session 12772
V/AudioPolicyManagerBase(  270): changeRefCount() stream 5, count 1
V/AudioPolicyManager(  270): getNewDevice() selected device 2
V/AudioPolicyManagerBase(  270): setOutputDevice() output 2 device 0002 delayMs 0
V/AudioPolicyManagerBase(  270): setOutputDevice() prevDevice 0002
V/AudioPolicyManagerBase(  270): setOutputDevice() setting same device 0002 or null device for output 2
V/AudioPolicyManager(  270): checkAndSetVolume: index 3 output 2 device 2
D/AudioPolicyManagerBase(  270): computeVolume()...volume 0.134897, output 2, stream 5, index 3, device 2
V/AudioFlinger(  270): signal playback thread
V/AwesomePlayer(  270): notifyListener_l()--> sendEvent
V/MediaPlayerService(  270): [9986] notify (0xb7d5abe0, 6, 0, 0)
V/AudioFlinger(  270): thread 0xb23d0008 type 0 TID 919 waking up
V/AudioFlinger(  270): acquireWakeLock_l() AudioOut_2 status 0
V/AudioFlinger(  270): acquireWakeLock_l() AudioOut_2 status 0
V/AudioFlinger(  270): anticipated start
V/audio_hw_primary(  270): start_output_stream: enter: usecase(0: deep-buffer-playback) devices(0x2)
V/audio_hw_primary(  270): setup24BitPlayback
W/audio_hw_primary(  270): setup24BitPlayback: Format is not 24 bit
V/audio_hw_primary(  270): select_devices: enter playback and rx_mute is (-10) 10:rx_mute enable, -10 disable
V/msm8974_platform(  270): platform_get_output_snd_device: enter: output devices(0x2)
V/msm8974_platform(  270): platform_get_output_snd_device: exit: out_snd_device(speaker)
V/msm8974_platform_lge(  270): platform_lge_get_output_snd_device: enter
V/msm8974_platform_lge(  270): platform_lge_get_output_snd_device: output case  9
V/msm8974_platform_lge(  270): platform_lge_get_output_snd_device: exit: output device is checked in platform.c 
D/audio_hw_primary(  270): select_devices: out_snd_device(2: speaker) in_snd_device(0: )
V/msm8974_platform(  270): platform_check_force_routing: id = 0
V/msm8974_platform(  270): platform_check_force_routing: not offload
D/msm8974_platform(  270): platform_check_force_routing: force route: 0
D/hardware_info(  270): hw_info_append_hw_type : device_name = speaker
V/audio_hw_primary(  270): enable_snd_device: snd_device(2: speaker) is already active
V/audio_hw_primary(  270): enable_audio_route: enter: usecase(0)
V/msm8974_platform_lge(  270): platform_lge_add_backend_name: enter: 
V/audio_hw_primary(  270): enable_audio_route: apply mixer path: deep-buffer-playback
V/audio_hw_primary(  270): enable_audio_route: exit
V/audio_hw_primary(  270): start_output_stream: Opening PCM device card_id(0) device_id(0)
V/MediaPlayer[Native]( 5182): message received msg=6, ext1=0, ext2=0
V/MediaPlayer[Native]( 5182): unrecognized message: (6, 0, 0)
V/MediaPlayer[Native]( 5182): callback application
D/MediaPlayer[JAVA]( 5182): broadcasting MEDIA_CHANGE_PLAYER_STATE(with context) : 0x0
V/MediaPlayer[Native]( 5182): back from callback
V/MediaPlayer[Native]( 5182): invoke invokeId=0x52b5b8b8
V/MediaPlayer[Native]( 5182): invoke invokeId=0x52b5b8b8, key=0x52b5b8bc
V/MediaPlayerService(  270): Client(9987) constructor
V/MediaPlayerService(  270): Create new client(9987) from pid 5182, uid 10029, 
E/MediaPlayer[Native]( 5182): [MediaPlayer::getMediaSystemInfo] key = 4000
V/MediaPlayerService(  270): [9987] getParameter(4000)
V/MediaPlayer[Native]( 5182): invoke 72
D/MediaPlayer[Native]( 5182): invoke lgeInvokeId=0x7e000002
D/MediaPlayer[Native]( 5182): MediaPlayer::invoke::getparam
D/MediaPlayer[Native]( 5182): MediaPlayer::getParameter mCurrentState = 0x00000010
D/MediaPlayer[JAVA]( 5182): broadcasting MEDIA_CHANGE_PLAYER_STATE(with context) : state = 16
E/AudioSink(  270): received unknown event type: 1 inside CallbackWrapper !
V/MediaPlayer[Native]( 5182): getCurrentPosition
V/MediaPlayerService(  270): [9986] getCurrentPosition = 173
V/MediaPlayerService(  270): Client(9987) destructor pid = 5182
V/MediaPlayerService(  270): disconnect(9987) from pid 5182
V/MediaPlayer[Native]( 5182): getDuration_l
V/MediaPlayerService(  270): [9986] getDuration = 1278
D/MediaPlayer[JAVA]( 5182): broadcasting MEDIA_CHANGE_PLAYER_STATE(with context) : 0x0
V/MediaPlayer[Native]( 5182): invoke invokeId=0x52b5b8b8
V/MediaPlayer[Native]( 5182): invoke invokeId=0x52b5b8b8, key=0x52b5b8bc
V/MediaPlayerService(  270): Client(9988) constructor
V/MediaPlayerService(  270): Create new client(9988) from pid 5182, uid 10029, 
E/MediaPlayer[Native]( 5182): [MediaPlayer::getMediaSystemInfo] key = 4000
V/MediaPlayerService(  270): [9988] getParameter(4000)
V/MediaPlayer[Native]( 5182): invoke 72
D/MediaPlayer[Native]( 5182): invoke lgeInvokeId=0x7e000002
D/MediaPlayer[Native]( 5182): MediaPlayer::invoke::getparam
D/MediaPlayer[Native]( 5182): MediaPlayer::getParameter mCurrentState = 0x00000010
D/MediaPlayer[JAVA]( 5182): broadcasting MEDIA_CHANGE_PLAYER_STATE(with context) : state = 16
V/MediaPlayer[Native]( 5182): getCurrentPosition
V/MediaPlayerService(  270): [9986] getCurrentPosition = 173
V/MediaPlayerService(  270): Client(9988) destructor pid = 5182
V/MediaPlayerService(  270): disconnect(9988) from pid 5182
V/MediaPlayer[Native]( 5182): getDuration_l
V/MediaPlayerService(  270): [9986] getDuration = 1278
D/MediaPlayer[JAVA]( 5182): broadcasting MEDIA_CHANGE_PLAYER_STATE(with context) : 0x0
V/MediaPlayer[Native]( 5182): invoke invokeId=0x52b5b8b8
V/MediaPlayer[Native]( 5182): invoke invokeId=0x52b5b8b8, key=0x52b5b8bc
V/MediaPlayerService(  270): Client(9989) constructor
V/MediaPlayerService(  270): Create new client(9989) from pid 5182, uid 10029, 
E/MediaPlayer[Native]( 5182): [MediaPlayer::getMediaSystemInfo] key = 4000
V/MediaPlayerService(  270): [9989] getParameter(4000)
V/MediaPlayer[Native]( 5182): invoke 72
D/MediaPlayer[Native]( 5182): invoke lgeInvokeId=0x7e000002
D/MediaPlayer[Native]( 5182): MediaPlayer::invoke::getparam
D/MediaPlayer[Native]( 5182): MediaPlayer::getParameter mCurrentState = 0x00000010
D/MediaPlayer[JAVA]( 5182): broadcasting MEDIA_CHANGE_PLAYER_STATE(with context) : state = 16
V/MediaPlayer[Native]( 5182): getCurrentPosition
V/MediaPlayerService(  270): [9986] getCurrentPosition = 173
V/MediaPlayerService(  270): Client(9989) destructor pid = 5182
V/MediaPlayerService(  270): disconnect(9989) from pid 5182
V/MediaPlayer[Native]( 5182): getDuration_l
V/MediaPlayerService(  270): [9986] getDuration = 1278
E/MediaPlayer[JAVA]( 5182): Should have subtitle controller already set
D/MediaPlayer[JAVA]( 5182): broadcasting MEDIA_CHANGE_PLAYER_STATE(with context) : 0x0
V/MediaPlayer[Native]( 5182): invoke invokeId=0x52b5b8b8
V/MediaPlayer[Native]( 5182): invoke invokeId=0x52b5b8b8, key=0x52b5b8bc
V/MediaPlayerService(  270): Client(9990) constructor
V/MediaPlayerService(  270): Create new client(9990) from pid 5182, uid 10029, 
E/MediaPlayer[Native]( 5182): [MediaPlayer::getMediaSystemInfo] key = 4000
V/MediaPlayerService(  270): [9990] getParameter(4000)
V/MediaPlayer[Native]( 5182): invoke 72
D/MediaPlayer[Native]( 5182): invoke lgeInvokeId=0x7e000002
D/MediaPlayer[Native]( 5182): MediaPlayer::invoke::getparam
V/audio_hw_primary(  270): start_output_stream: exit
D/MediaPlayer[Native]( 5182): MediaPlayer::getParameter mCurrentState = 0x00000010
D/MediaPlayer[JAVA]( 5182): broadcasting MEDIA_CHANGE_PLAYER_STATE(with context) : state = 16
V/MediaPlayer[Native]( 5182): getCurrentPosition
V/MediaPlayerService(  270): [9986] getCurrentPosition = 173
V/MediaPlayerService(  270): Client(9990) destructor pid = 5182
V/MediaPlayerService(  270): disconnect(9990) from pid 5182
V/MediaPlayer[Native]( 5182): getDuration_l
V/MediaPlayerService(  270): [9986] getDuration = 1278
V/MediaPlayer[Native]( 5182): getCurrentPosition
V/MediaPlayerService(  270): [9986] getCurrentPosition = 173
V/MediaPlayerService(  270): [9986] isPlaying: 1
V/MediaPlayer[Native]( 5182): isPlaying: 1
E/AudioSink(  270): received unknown event type: 1 inside CallbackWrapper !
I/Vold    (  261): [LGE][VOLD][NetlinkHandler.cpp][onEvent()] subsys:cpu, action:0
V/SoundPool( 1089): process 0x4f5b6b20 channel 6205 event BUFFER_END
V/SoundPool( 1089): awake
V/SoundPool( 1089): Getting channel from stop list
V/SoundPool( 1089): stop
V/AudioFlinger(  270): stop(4096), calling pid 1089
V/AudioFlinger(  270): not stopping/stopped => stopping/stopped (4096) on thread 0xb2265008
V/SoundPool( 1089): done_l(6205)
V/SoundPool( 1089): move to front
I/Vold    (  261): [LGE][VOLD][NetlinkHandler.cpp][onEvent()] subsys:cpu, action:0
I/Icing   (12126): Indexing 283B7478BF9C3F9F5447EC33CA9741131C838067 from com.google.android.gm
I/art     ( 1320): GcCauseExplicit concurrent mark sweep GC freed 34092(2MB) AllocSpace objects, 19(1757KB) LOS objects, 21% free, 15MB/20MB, paused 5.156ms total 75.849ms
I/Vold    (  261): [LGE][VOLD][NetlinkHandler.cpp][onEvent()] subsys:power_supply, action:3
E/BatteryObserver( 5230): usb Uevent not necessary.
D/KeyguardUpdateMonitor( 5182): received broadcast android.intent.action.BATTERY_CHANGED
I/Vold    (  261): [LGE][VOLD][NetlinkHandler.cpp][onEvent()] subsys:power_supply, action:3
I/[SystemUI]LGPowerUI( 5182): onReceive = android.intent.action.BATTERY_CHANGED
I/[SystemUI]LGPowerUI( 5182): android.intent.action.BATTERY_CHANGEDlevel=62, temperature=353, plugged=true, isCharging=true
I/[SystemUI]LGPowerUI( 5182): StopCharging degree: 550
D/KeyguardUpdateMonitor( 5182): handleBatteryUpdate (2) (62)
I/[SystemUI]StatusBar.BatteryController( 5182): level = 62 status = 2 mIsPlugged = true isCharging = true isFullCharged = false mPlugType = 2 mIsSmartCharging = false
D/TangibleManager( 5462): [TangibleIO] TangibleIntentReceiver onReceive intent = Intent { act=android.intent.action.BATTERY_CHANGED flg=0x60000010 (has extras) }
D/HeadsetTangibleController( 5462): [TangibleIO] HeadsetTangibleController onAction action = android.intent.action.BATTERY_CHANGED
D/OtgUmsTangibleController( 5462): [TangibleIO] OtgUmsTangibleController onAction action = android.intent.action.BATTERY_CHANGED
D/UsbTangibleController( 5462): [TangibleIO] UsbTangibleController action = android.intent.action.BATTERY_CHANGED
W/Settings( 1089): Setting stay_on_while_plugged_in has moved from android.provider.Settings.System to android.provider.Settings.Global, returning read-only value.
W/Settings( 1089): Setting wifi_sleep_policy has moved from android.provider.Settings.System to android.provider.Settings.Global, returning read-only value.
I/[SystemUI]LGPowerUI( 5182): onReceive = com.lge.android.intent.action.BATTERYEX
I/art     (12126): Heap trim of managed (duration=13.257709ms, advised=6MB) and native (duration=4.785364ms, advised=5MB) heaps. Managed heap utilization of 47%.
I/Vold    (  261): [LGE][VOLD][NetlinkHandler.cpp][onEvent()] subsys:cpu, action:0
I/Icing   (12126): Indexing done 283B7478BF9C3F9F5447EC33CA9741131C838067
W/SQLiteConnectionPool(12126): A SQLiteConnection object for database '/data/data/com.google.android.gms/databases/auto_complete_suggestions.db' was leaked!  Please fix your application to end transactions in progress properly and to close the database when it is no longer needed.
W/SQLiteConnectionPool(12126): A SQLiteConnection object for database '/data/data/com.google.android.gms/databases/help_responses.db' was leaked!  Please fix your application to end transactions in progress properly and to close the database when it is no longer needed.
I/Vold    (  261): [LGE][VOLD][NetlinkHandler.cpp][onEvent()] subsys:cpu, action:0
W/SQLiteConnectionPool(12126): A SQLiteConnection object for database '/data/data/com.google.android.gms/databases/metrics.db' was leaked!  Please fix your application to end transactions in progress properly and to close the database when it is no longer needed.
V/WifiServiceExtension( 1089): checkPollTimer Cnt= 0 rssi =-59 threshold=-100
V/OMXCodec(  270): [OMX.google.vorbis.decoder] No more output data.
V/OMXCodec(  270): [OMX.google.vorbis.decoder] There is no more output data available, not calling fillOutputBuffer
V/OMXCodec(  270): [OMX.google.vorbis.decoder] There is no more output data available, not calling fillOutputBuffer
V/OMXCodec(  270): [OMX.google.vorbis.decoder] There is no more output data available, not calling fillOutputBuffer
V/OMXCodec(  270): [OMX.google.vorbis.decoder] There is no more output data available, not calling fillOutputBuffer
V/AwesomePlayer(  270): postAudioEOS() 
V/AwesomePlayer(  270): postCheckAudioStatusEvent() 
I/Vold    (  261): [LGE][VOLD][NetlinkHandler.cpp][onEvent()] subsys:cpu, action:0
W/ProcessCpuTracker( 1089): Skipping unknown process pid 1489
W/ProcessCpuTracker( 1089): Skipping unknown process pid 1492
I/Vold    (  261): [LGE][VOLD][NetlinkHandler.cpp][onEvent()] subsys:cpu, action:0
I/Vold    (  261): [LGE][VOLD][NetlinkHandler.cpp][onEvent()] subsys:cpu, action:0
D/BubblePopupHelper( 5182): isShowingBubblePopup : false
V/AwesomePlayer(  270): onCheckAudioStatus() 
D/PhoneInterfaceManager( 5446): [PhoneIntfMgr] sigLevel = 5
V/AwesomePlayer(  270): postStreamDoneEvent_l() -> status:-1011 
I/[SystemUI]StatusBar.NetworkController( 5182): onSignalStrengthsChanged signalStrength=SignalStrength: 16 0 -120 -160 -120 -1 -1 99 2147483647 2147483647 2147483647 2147483647 2147483647 gsm|lte 3 level=5
D/BubblePopupHelper( 5182): isShowingBubblePopup : false
I/[SystemUI]LGPhoneStatusBarPolicy( 5182): onReceive = android.intent.action.SIG_STR
V/AwesomePlayer(  270): onStreamDone
V/AwesomePlayer(  270): MEDIA_PLAYBACK_COMPLETE
V/AwesomePlayer(  270): notifyListener_l()--> sendEvent
V/MediaPlayerService(  270): [9986] notify (0xb7d5abe0, 2, 0, 0)
V/MediaPlayer[Native]( 5182): message received msg=2, ext1=0, ext2=0
V/MediaPlayer[Native]( 5182): playback complete
D/MediaPlayer[Native]( 5182): calling notify_player_state: 128
V/MediaPlayer[Native]( 5182): callback application
V/MediaPlayer[Native]( 5182): back from callback
V/AwesomePlayer(  270): pause_l() 
V/AwesomePlayer(  270): notifyListener_l()--> sendEvent
V/MediaPlayerService(  270): [9986] notify (0xb7d5abe0, 7, 0, 0)
V/MediaPlayer[Native]( 5182): message received msg=7, ext1=0, ext2=0
V/MediaPlayer[Native]( 5182): unrecognized message: (7, 0, 0)
V/MediaPlayer[Native]( 5182): callback application
V/MediaPlayer[Native]( 5182): back from callback
V/AwesomePlayer(  270): cancelPlayerEvents
V/AudioSink(  270): stop
V/AudioFlinger(  270): stop(4097), calling pid 270
V/AudioFlinger(  270): not stopping/stopped => stopping/stopped (4097) on thread 0xb23d0008
D/MediaPlayer[JAVA]( 5182): broadcasting MEDIA_CHANGE_PLAYER_STATE(with context) : 0x0
V/MediaPlayer[Native]( 5182): invoke invokeId=0x52b5b8b8
V/MediaPlayer[Native]( 5182): invoke invokeId=0x52b5b8b8, key=0x52b5b8bc
V/MediaPlayerService(  270): Client(9991) constructor
V/MediaPlayerService(  270): Create new client(9991) from pid 5182, uid 10029, 
E/MediaPlayer[Native]( 5182): [MediaPlayer::getMediaSystemInfo] key = 4000
V/MediaPlayerService(  270): [9991] getParameter(4000)
V/MediaPlayer[Native]( 5182): invoke 72
D/MediaPlayer[Native]( 5182): invoke lgeInvokeId=0x7e000002
D/MediaPlayer[Native]( 5182): MediaPlayer::invoke::getparam
D/MediaPlayer[Native]( 5182): MediaPlayer::getParameter mCurrentState = 0x00000080
D/MediaPlayer[JAVA]( 5182): broadcasting MEDIA_CHANGE_PLAYER_STATE(with context) : state = 128
V/MediaPlayer[Native]( 5182): getCurrentPosition
V/MediaPlayerService(  270): [9986] getCurrentPosition = 1278
V/MediaPlayerService(  270): Client(9991) destructor pid = 5182
V/MediaPlayerService(  270): disconnect(9991) from pid 5182
V/MediaPlayer[Native]( 5182): getDuration_l
V/MediaPlayerService(  270): [9986] getDuration = 1278
I/MediaFocusControl( 1089):  AudioFocus  abandonAudioFocus() from android.media.AudioManagerEx@668b0718
V/KeyguardUpdateMonitor( 5182): handleSetGenerationId(g=2702, clear=true)
V/AudioFlinger(  270): presentationComplete() mPresentationCompleteFrames 0 framesWritten 87360
V/AudioFlinger(  270): presentationComplete() reset: mPresentationCompleteFrames 95040 audioHalFrames 7680
V/AudioFlinger(  270): presentationComplete() mPresentationCompleteFrames 95040 framesWritten 87360
V/AudioFlinger(  270): presentationComplete() mPresentationCompleteFrames 95040 framesWritten 88320
V/AudioFlinger(  270): presentationComplete() mPresentationCompleteFrames 95040 framesWritten 88320
V/AudioFlinger(  270): presentationComplete() mPresentationCompleteFrames 95040 framesWritten 89280
V/AudioFlinger(  270): presentationComplete() mPresentationCompleteFrames 95040 framesWritten 89280
V/AudioFlinger(  270): presentationComplete() mPresentationCompleteFrames 95040 framesWritten 90240
V/AudioFlinger(  270): presentationComplete() mPresentationCompleteFrames 95040 framesWritten 90240
V/AudioFlinger(  270): presentationComplete() mPresentationCompleteFrames 95040 framesWritten 91200
V/AudioFlinger(  270): presentationComplete() mPresentationCompleteFrames 95040 framesWritten 91200
V/AudioFlinger(  270): presentationComplete() mPresentationCompleteFrames 95040 framesWritten 92160
V/AudioFlinger(  270): presentationComplete() mPresentationCompleteFrames 95040 framesWritten 92160
V/AudioFlinger(  270): presentationComplete() mPresentationCompleteFrames 95040 framesWritten 93120
V/AudioFlinger(  270): presentationComplete() mPresentationCompleteFrames 95040 framesWritten 93120
V/AudioFlinger(  270): presentationComplete() mPresentationCompleteFrames 95040 framesWritten 94080
V/AudioFlinger(  270): presentationComplete() mPresentationCompleteFrames 95040 framesWritten 94080
V/AudioFlinger(  270): presentationComplete() mPresentationCompleteFrames 95040 framesWritten 95040
V/AudioFlinger(  270): presentationComplete() session 12772 complete: framesWritten 95040
V/AudioFlinger(  270): removeTracks_l removing track on session 12772
V/AudioFlinger(  270): acquireWakeLock_l() AudioOut_2 status 0
V/AudioPolicyService(  270): stopOutput()
V/AudioPolicyService(  270): inserting command: 5 at index 0, num commands 0
V/AudioPolicyService(  270): AudioCommandThread() adding stop output 2
V/AudioPolicyService(  270): AudioCommandThread() waking up
V/AudioPolicyService(  270): AudioCommandThread() processing stop output 2
V/AudioPolicyService(  270): doStopOutput from tid 918
V/AudioPolicyManagerBase(  270): stopOutput() output 2, stream 5, session 12772
V/AudioPolicyManagerBase(  270): changeRefCount() stream 5, count 0
V/AudioPolicyManager(  270): getNewDevice() selected device 0
V/AudioPolicyManagerBase(  270): setOutputDevice() output 2 device 0000 delayMs 320
V/AudioPolicyManagerBase(  270): setOutputDevice() prevDevice 0002
V/AudioPolicyManagerBase(  270): setOutputDevice() setting same device 0000 or null device for output 2
V/AudioPolicyService(  270): AudioCommandThread() going to sleep
I/GAV2    ( 1320): Thread[GAThread,10,main]: No campaign data found.
D/SplitWindowPolicyService( 5230): updateActivityStateChanged: resumed=false pkgName=co.....finsk.....IabV3Activity, screenId=5, isScreenFull=true, isMinimized=false, topRunningActivity=ActivityInfo{666cf970 co.....finsk.....IabV3Activity}, taskId=702, activityType=0
V/ActivityManager( 1089): Finishing activity token=Token{6685dfe0 ActivityRecord{678d2138 u0 com.android.vending/com.google.android.finsky.billing.lightpurchase.IabV3Activity t702}} r=, result=-1, data=Intent { (has extras) }, reason=app-request
V/ActivityManager( 1089): Moving to PAUSING: ActivityRecord{678d2138 u0 com.android.vending/com.google.android.finsky.billing.lightpurchase.IabV3Activity t702 f}
V/ActivityManager( 1089): Moving to PAUSED: ActivityRecord{678d2138 u0 com.android.vending/com.google.android.finsky.billing.lightpurchase.IabV3Activity t702 f} (pause complete)
V/ActivityManager( 1089): Moving to STOPPING: ActivityRecord{678d2138 u0 com.android.vending/com.google.android.finsky.billing.lightpurchase.IabV3Activity t702 f} (finish requested)
V/ActivityManager( 1089): Moving to RESUMED: ActivityRecord{67404cd8 u0 com.crowdmobile.kes/.MainActivity t702} (in existing)
D/IabHelper(  573): Ending async operation: launchPurchaseFlow
D/IabHelper(  573): Successful resultcode from purchase activity.
D/IabHelper(  573): Purchase data: {"orderId":"12999763169054705758.1363340869945365","packageName":"com.crowdmobile.kes","productId":"xbanana1","purchaseTime":1429615659048,"purchaseState":0,"purchaseToken":"imacpcbldbhfkcmccgkdlkfd.AO-J1OzM9rRRxlxNEhst8KWd9t93qnWhtjK_GGLhk_oUt8FUraBaHfwC7Dhl7fJtrIuDPv72OklvHlvJ6aW_nDfvykll_62e6ftxAMu7I_ZEqwwMQz7T6zI"}
D/IabHelper(  573): Data signature: nk/91+QerO50C6KKbI6wjOszd/CgeXbNmB91E+nLIfE69u5HZQz93JGSPYwW01HQ2HLv6/9Vzb/MPejMGT0hWQWiw4AJU0C6kDJ0biJqApmvgrTqrCbouP5IWpdJ8xwesbQQDrz40Gdol2YjI3fFWo1oEsOtF2iVFJGPpQ03rlfskvLaesRu+xqnic+Cghr17rb2uCePyIvuAcCpA9eUDZbvEKSOwiayRKU2dJoevX1UNQAyTGQW2y93FoZl4838oKh4+vWJda21onemKNfOsNsZ9POO27nSiy2PnUomsh2gyfZrmoUnP5cb4vUZUWbSumJrKYmrPc6QwYgXFJJDZg==
D/ActivityManager( 1089): resumeTopActivityLocked: Resumed ActivityRecord{67404cd8 u0 com.crowdmobile.kes/.MainActivity t702}
D/IabHelper(  573): Extras: Bundle[{INAPP_PURCHASE_DATA={"orderId":"12999763169054705758.1363340869945365","packageName":"com.crowdmobile.kes","productId":"xbanana1","purchaseTime":1429615659048,"purchaseState":0,"purchaseToken":"imacpcbldbhfkcmccgkdlkfd.AO-J1OzM9rRRxlxNEhst8KWd9t93qnWhtjK_GGLhk_oUt8FUraBaHfwC7Dhl7fJtrIuDPv72OklvHlvJ6aW_nDfvykll_62e6ftxAMu7I_ZEqwwMQz7T6zI"}, INAPP_DATA_SIGNATURE=nk/91+QerO50C6KKbI6wjOszd/CgeXbNmB91E+nLIfE69u5HZQz93JGSPYwW01HQ2HLv6/9Vzb/MPejMGT0hWQWiw4AJU0C6kDJ0biJqApmvgrTqrCbouP5IWpdJ8xwesbQQDrz40Gdol2YjI3fFWo1oEsOtF2iVFJGPpQ03rlfskvLaesRu+xqnic+Cghr17rb2uCePyIvuAcCpA9eUDZbvEKSOwiayRKU2dJoevX1UNQAyTGQW2y93FoZl4838oKh4+vWJda21onemKNfOsNsZ9POO27nSiy2PnUomsh2gyfZrmoUnP5cb4vUZUWbSumJrKYmrPc6QwYgXFJJDZg==, RESPONSE_CODE=0}]
D/IabHelper(  573): Expected item type: inapp
D/IabHelper(  573): Purchase signature successfully verified.
D/SplitWindowPolicyService( 5230): updateActivityStateChanged: resumed=true pkgName=co.....MainActivity, screenId=5, isScreenFull=true, isMinimized=false, topRunningActivity=ActivityInfo{666fa098 co.....MainActivity}, taskId=702, activityType=0
V/SplitWindowPolicyService( 5230): requestUpdateStackInfo
D/PURCHASE JSON(  573): {"orderId":"12999763169054705758.1363340869945365","packageName":"com.crowdmobile.kes","productId":"xbanana1","purchaseTime":1429615659048,"purchaseState":0,"purchaseToken":"imacpcbldbhfkcmccgkdlkfd.AO-J1OzM9rRRxlxNEhst8KWd9t93qnWhtjK_GGLhk_oUt8FUraBaHfwC7Dhl7fJtrIuDPv72OklvHlvJ6aW_nDfvykll_62e6ftxAMu7I_ZEqwwMQz7T6zI"}
I/SystemUI[Framework]( 1089): PhoneWindowManager.updateSystemUiVisibilityLw() :visibility=0x0, pkg=com.crowdmobile.kes
V/SplitWindowPolicyService( 5230): updateScreenStateAndRunningActivity: screenId=5, isFull=true, isMinimized=false, topRunningActivity=ActivityInfo{666fa098 co.....MainActivity}, uid=10150
I/ActivityManager(  573): Timeline: Activity_idle id: android.os.BinderProxy@663ebc80 time:298327147
V/ActivityManager( 1089): Moving to FINISHING: ActivityRecord{678d2138 u0 com.android.vending/com.google.android.finsky.billing.lightpurchase.IabV3Activity t702 f}
V/ActivityManager( 1089): Moving to DESTROYING: ActivityRecord{678d2138 u0 com.android.vending/com.google.android.finsky.billing.lightpurchase.IabV3Activity t702 f} (destroy requested)
I/Vold    (  261): [LGE][VOLD][NetlinkHandler.cpp][onEvent()] subsys:cpu, action:0
I/Vold    (  261): [LGE][VOLD][NetlinkHandler.cpp][onEvent()] subsys:cpu, action:0
I/Vold    (  261): [LGE][VOLD][NetlinkHandler.cpp][onEvent()] subsys:cpu, action:0
W/IInputConnectionWrapper(32458): showStatusIcon on inactive InputConnection
V/SplitWindowPolicyService( 5230): requestUpdateStackInfo
V/ActivityManager( 1089): Moving to DESTROYED: ActivityRecord{678d2138 u0 com.android.vending/com.google.android.finsky.billing.lightpurchase.IabV3Activity t702 f} (removed from history)
D/ActivityManager( 1089): resumeTopActivityLocked: Top activity resumed ActivityRecord{67404cd8 u0 com.crowdmobile.kes/.MainActivity t702}
D/wpa_supplicant(17274): RX ctrl_iface - hexdump(len=11): 53 49 47 4e 41 4c 5f 50 4f 4c 4c
D/wpa_supplicant(17274): wlan0: Control interface command 'SIGNAL_POLL'
D/wpa_supplicant(17274): nl80211: survey data missing!
D/TAction (19723): [SAM$ ] [O : com.google.android.finsky.billing.lightpurchase.IabV3Activity] [C : com.crowdmobile.kes.MainActivity] 
I/Vold    (  261): [LGE][VOLD][NetlinkHandler.cpp][onEvent()] subsys:cpu, action:0
I/Vold    (  261): [LGE][VOLD][NetlinkHandler.cpp][onEvent()] subsys:cpu, action:0
I/Vold    (  261): [LGE][VOLD][NetlinkHandler.cpp][onEvent()] subsys:cpu, action:0
D/BubblePopupHelper( 5182): isShowingBubblePopup : false
V/AudioFlinger(  270): Audio hardware entering standby, mixer 0xb2265008, suspend count 0
V/audio_hw_primary(  270): out_standby: enter: usecase(1: low-latency-playback)
V/audio_hw_primary(  270): stop_output_stream: enter: usecase(1: low-latency-playback)
V/audio_hw_primary(  270): out->usecase 1, out->format = 1
V/audio_hw_primary(  270): disable_audio_route: enter: usecase(1)
V/msm8974_platform_lge(  270): platform_lge_add_backend_name: enter: 
V/audio_hw_primary(  270): disable_audio_route: reset mixer path: low-latency-playback
V/audio_hw_primary(  270): disable_audio_route: exit
D/hardware_info(  270): hw_info_append_hw_type : device_name = speaker
V/audio_hw_primary(  270): stop_output_stream: exit: status(0)
V/audio_hw_primary(  270): out_standby: exit
V/AudioFlinger(  270): releaseWakeLock_l() AudioOut_3
V/AudioFlinger(  270): thread 0xb2265008 type 0 TID 1145 going to sleep
D/LIA_MrGDBLogger_LoggerThread( 8031): [dreamwood]App Usage Logging
